Archive member included because of file (symbol)

D:\Users\dmamalis\Iris\LPC812\nxp_lpcxpresso_812_board_lib\Debug\libnxp_lpcxpresso_812_board_lib.a(board.o)
                              ./example/src/uart_rom_int.o (Board_LED_Set)
D:\Users\dmamalis\Iris\LPC812\nxp_lpcxpresso_812_board_lib\Debug\libnxp_lpcxpresso_812_board_lib.a(board_sysinit.o)
                              ./example/src/sysinit.o (Board_SystemInit)
D:\Users\dmamalis\Iris\LPC812\lpc_chip_8xx_lib\Debug\liblpc_chip_8xx_lib.a(chip_8xx.o)
                              ./example/src/uart_rom_int.o (SystemCoreClockUpdate)
D:\Users\dmamalis\Iris\LPC812\lpc_chip_8xx_lib\Debug\liblpc_chip_8xx_lib.a(clock_8xx.o)
                              D:\Users\dmamalis\Iris\LPC812\nxp_lpcxpresso_812_board_lib\Debug\libnxp_lpcxpresso_812_board_lib.a(board_sysinit.o) (Chip_Clock_SetSystemPLLSource)
D:\Users\dmamalis\Iris\LPC812\lpc_chip_8xx_lib\Debug\liblpc_chip_8xx_lib.a(gpio_8xx.o)
                              D:\Users\dmamalis\Iris\LPC812\nxp_lpcxpresso_812_board_lib\Debug\libnxp_lpcxpresso_812_board_lib.a(board.o) (Chip_GPIO_Init)
D:\Users\dmamalis\Iris\LPC812\lpc_chip_8xx_lib\Debug\liblpc_chip_8xx_lib.a(swm_8xx.o)
                              ./example/src/uart_rom_int.o (Chip_SWM_MovablePinAssign)
D:\Users\dmamalis\Iris\LPC812\lpc_chip_8xx_lib\Debug\liblpc_chip_8xx_lib.a(syscon_8xx.o)
                              D:\Users\dmamalis\Iris\LPC812\nxp_lpcxpresso_812_board_lib\Debug\libnxp_lpcxpresso_812_board_lib.a(board_sysinit.o) (Chip_SYSCTL_PowerDown)
D:\Users\dmamalis\Iris\LPC812\lpc_chip_8xx_lib\Debug\liblpc_chip_8xx_lib.a(uart_8xx.o)
                              ./example/src/uart_rom_int.o (Chip_UART_Init)
D:\Users\dmamalis\Iris\LPC812\lpc_chip_8xx_lib\Debug\liblpc_chip_8xx_lib.a(ring_buffer.o)
                              D:\Users\dmamalis\Iris\LPC812\lpc_chip_8xx_lib\Debug\liblpc_chip_8xx_lib.a(uart_8xx.o) (RingBuffer_Insert)
c:/nxp/lpcxpresso_7.3.0_186/lpcxpresso/tools/bin/../lib/gcc/arm-none-eabi/4.8.4/../../../../arm-none-eabi/lib/armv6-m\libcr_nohost.a(_cr__main.o)
                              ./example/src/cr_startup_lpc8xx.o (__main)
c:/nxp/lpcxpresso_7.3.0_186/lpcxpresso/tools/bin/../lib/gcc/arm-none-eabi/4.8.4/../../../../arm-none-eabi/lib/armv6-m\libcr_c.a(memcpy.o)
                              D:\Users\dmamalis\Iris\LPC812\lpc_chip_8xx_lib\Debug\liblpc_chip_8xx_lib.a(ring_buffer.o) (memcpy)
c:/nxp/lpcxpresso_7.3.0_186/lpcxpresso/tools/bin/../lib/gcc/arm-none-eabi/4.8.4/../../../../arm-none-eabi/lib/armv6-m\libcr_c.a(initio.o)
                              c:/nxp/lpcxpresso_7.3.0_186/lpcxpresso/tools/bin/../lib/gcc/arm-none-eabi/4.8.4/../../../../arm-none-eabi/lib/armv6-m\libcr_nohost.a(_cr__main.o) (_initio)
c:/nxp/lpcxpresso_7.3.0_186/lpcxpresso/tools/bin/../lib/gcc/arm-none-eabi/4.8.4/../../../../arm-none-eabi/lib/armv6-m\libcr_c.a(setvbuf.o)
                              c:/nxp/lpcxpresso_7.3.0_186/lpcxpresso/tools/bin/../lib/gcc/arm-none-eabi/4.8.4/../../../../arm-none-eabi/lib/armv6-m\libcr_c.a(initio.o) (setvbuf)
c:/nxp/lpcxpresso_7.3.0_186/lpcxpresso/tools/bin/../lib/gcc/arm-none-eabi/4.8.4/../../../../arm-none-eabi/lib/armv6-m\libcr_c.a(stdio.o)
                              c:/nxp/lpcxpresso_7.3.0_186/lpcxpresso/tools/bin/../lib/gcc/arm-none-eabi/4.8.4/../../../../arm-none-eabi/lib/armv6-m\libcr_c.a(initio.o) (__Ciob)
c:/nxp/lpcxpresso_7.3.0_186/lpcxpresso/tools/bin/../lib/gcc/arm-none-eabi/4.8.4/../../../../arm-none-eabi/lib/armv6-m\libcr_c.a(strlen.o)
                              ./example/src/uart_rom_int.o (strlen)
c:/nxp/lpcxpresso_7.3.0_186/lpcxpresso/tools/bin/../lib/gcc/arm-none-eabi/4.8.4/../../../../arm-none-eabi/lib/armv6-m\libcr_c.a(memset.o)
                              c:/nxp/lpcxpresso_7.3.0_186/lpcxpresso/tools/bin/../lib/gcc/arm-none-eabi/4.8.4/../../../../arm-none-eabi/lib/armv6-m\libcr_c.a(initio.o) (memset)
c:/nxp/lpcxpresso_7.3.0_186/lpcxpresso/tools/bin/../lib/gcc/arm-none-eabi/4.8.4/../../../../arm-none-eabi/lib/armv6-m\libcr_c.a(__fillbuf.o)
                              c:/nxp/lpcxpresso_7.3.0_186/lpcxpresso/tools/bin/../lib/gcc/arm-none-eabi/4.8.4/../../../../arm-none-eabi/lib/armv6-m\libcr_c.a(stdio.o) (__filbuf)
c:/nxp/lpcxpresso_7.3.0_186/lpcxpresso/tools/bin/../lib/gcc/arm-none-eabi/4.8.4/../../../../arm-none-eabi/lib/armv6-m\libcr_c.a(_deferredlazyseek.o)
                              c:/nxp/lpcxpresso_7.3.0_186/lpcxpresso/tools/bin/../lib/gcc/arm-none-eabi/4.8.4/../../../../arm-none-eabi/lib/armv6-m\libcr_c.a(__fillbuf.o) (_deferredlazyseek)
c:/nxp/lpcxpresso_7.3.0_186/lpcxpresso/tools/bin/../lib/gcc/arm-none-eabi/4.8.4/../../../../arm-none-eabi/lib/armv6-m\libcr_c.a(_fdopen.o)
                              c:/nxp/lpcxpresso_7.3.0_186/lpcxpresso/tools/bin/../lib/gcc/arm-none-eabi/4.8.4/../../../../arm-none-eabi/lib/armv6-m\libcr_c.a(initio.o) (_fdopen)
[...]
Memory Configuration

Name             Origin             Length             Attributes
MFlash16         0x00000000         0x00004000         xr
RamLoc4          0x10000000         0x00001000         xrw
*default*        0x00000000         0xffffffff

Linker script and memory map

LOAD ./example/src/cr_startup_lpc8xx.o
LOAD ./example/src/crp.o
LOAD ./example/src/mtb.o
LOAD ./example/src/sysinit.o
LOAD ./example/src/uart_rom_int.o
LOAD D:\Users\dmamalis\Iris\LPC812\nxp_lpcxpresso_812_board_lib\Debug\libnxp_lpcxpresso_812_board_lib.a
LOAD D:\Users\dmamalis\Iris\LPC812\lpc_chip_8xx_lib\Debug\liblpc_chip_8xx_lib.a
START GROUP
LOAD c:/nxp/lpcxpresso_7.3.0_186/lpcxpresso/tools/bin/../lib/gcc/arm-none-eabi/4.8.4/../../../../arm-none-eabi/lib/armv6-m\libcr_nohost.a
LOAD c:/nxp/lpcxpresso_7.3.0_186/lpcxpresso/tools/bin/../lib/gcc/arm-none-eabi/4.8.4/../../../../arm-none-eabi/lib/armv6-m\libcr_c.a
LOAD c:/nxp/lpcxpresso_7.3.0_186/lpcxpresso/tools/bin/../lib/gcc/arm-none-eabi/4.8.4/armv6-m\libcr_eabihelpers.a
END GROUP
                0x00004000                __top_MFlash16 = 0x4000
                0x10001000                __top_RamLoc4 = 0x10001000

.text           0x00000000     0x11c8
 FILL mask 0xff
                0x00000000                __vectors_start__ = ABSOLUTE (.)
 *(.isr_vector)
 .isr_vector    0x00000000       0xc0 ./example/src/cr_startup_lpc8xx.o
                0x00000000                g_pfnVectors
                0x000000c0                . = ALIGN (0x4)
                0x000000c0                __section_table_start = .
                0x000000c0                __data_section_table = .
                0x000000c0        0x4 LONG 0x11c8 LOADADDR (.data)
                0x000000c4        0x4 LONG 0x10000000 ADDR (.data)
                0x000000c8        0x4 LONG 0x0 SIZEOF (.data)
                0x000000cc                __data_section_table_end = .
                0x000000cc                __bss_section_table = .
                0x000000cc        0x4 LONG 0x10000000 ADDR (.bss)
                0x000000d0        0x4 LONG 0x1c0 SIZEOF (.bss)
                0x000000d4                __bss_section_table_end = .
                0x000000d4                __section_table_end = .
 *(.after_vectors*)
 .after_vectors
                0x000000d4       0x74 ./example/src/cr_startup_lpc8xx.o
                0x000000d4                NMI_Handler
                0x000000d6                HardFault_Handler
                0x000000d8                PendSV_Handler
                0x000000da                SysTick_Handler
                0x000000dc                PININT2_IRQHandler
                0x000000dc                CMP_IRQHandler
                0x000000dc                PININT1_IRQHandler
                0x000000dc                WKT_IRQHandler
                0x000000dc                PININT7_IRQHandler
                0x000000dc                IntDefaultHandler
                0x000000dc                MRT_IRQHandler
                0x000000dc                UART1_IRQHandler
                0x000000dc                SPI0_IRQHandler
                0x000000dc                SPI1_IRQHandler
                0x000000dc                FLASH_IRQHandler
                0x000000dc                PININT6_IRQHandler
                0x000000dc                PININT3_IRQHandler
                0x000000dc                UART2_IRQHandler
                0x000000dc                PININT5_IRQHandler
                0x000000dc                PININT4_IRQHandler
                0x000000dc                PININT0_IRQHandler
                0x000000dc                BOD_IRQHandler
                0x000000dc                SCT_IRQHandler
                0x000000dc                I2C_IRQHandler
                0x000000dc                WDT_IRQHandler
                0x000000de                data_init
                0x000000f0                bss_init
                0x00000100                ResetISR
                0x00000144                SVCall_Handler
                0x000002fc                . = 0x2fc
 *fill*         0x00000148      0x1b4 ff
                0x000002fc                PROVIDE (__CRP_WORD_START__, .)
 *(.crp)
 .crp           0x000002fc        0x4 ./example/src/crp.o
                0x000002fc                CRP_WORD
                0x00000300                PROVIDE (__CRP_WORD_END__, .)
                0x00000001                ASSERT (! ((__CRP_WORD_START__ == __CRP_WORD_END__)), Linker CRP Enabled, but no CRP_WORD provided within application)
 *(.text*)
 .text.SystemInit
                0x00000300        0x8 ./example/src/sysinit.o
                0x00000300                SystemInit
 .text.waitCallback
                0x00000308        0xc ./example/src/uart_rom_int.o
 .text.errorUART
                0x00000314        0xc ./example/src/uart_rom_int.o
 .text.Init_UART_PinMux
                0x00000320       0x40 ./example/src/uart_rom_int.o
 .text.setupUART
                0x00000360       0x7c ./example/src/uart_rom_int.o
 .text.sleepUntilCB
                0x000003dc       0x14 ./example/src/uart_rom_int.o
                0x000003dc                sleepUntilCB
 .text.getLineUART
                0x000003f0       0x4c ./example/src/uart_rom_int.o
 .text.putLineUART
                0x0000043c       0x50 ./example/src/uart_rom_int.o
 .text.UART0_IRQHandler
                0x0000048c       0x1c ./example/src/uart_rom_int.o
                0x0000048c                UART0_IRQHandler
 .text.main     0x000004a8       0xd4 ./example/src/uart_rom_int.o
                0x000004a8                main
 .text.Board_LED_Init
                0x0000057c       0x2c D:\Users\dmamalis\Iris\LPC812\nxp_lpcxpresso_812_board_lib\Debug\libnxp_lpcxpresso_812_board_lib.a(board.o)
 .text.__sys_write
                0x000005a8        0x4 D:\Users\dmamalis\Iris\LPC812\nxp_lpcxpresso_812_board_lib\Debug\libnxp_lpcxpresso_812_board_lib.a(board.o)
                0x000005a8                __sys_write
 .text.Board_LED_Set
                0x000005ac       0x14 D:\Users\dmamalis\Iris\LPC812\nxp_lpcxpresso_812_board_lib\Debug\libnxp_lpcxpresso_812_board_lib.a(board.o)
                0x000005ac                Board_LED_Set
 .text.Board_Init
                0x000005c0       0x10 D:\Users\dmamalis\Iris\LPC812\nxp_lpcxpresso_812_board_lib\Debug\libnxp_lpcxpresso_812_board_lib.a(board.o)
                0x000005c0                Board_Init
 .text.SystemSetupMuxing
                0x000005d0       0x4c D:\Users\dmamalis\Iris\LPC812\nxp_lpcxpresso_812_board_lib\Debug\libnxp_lpcxpresso_812_board_lib.a(board_sysinit.o)
 .text.SystemSetupClocking
                0x0000061c       0x60 D:\Users\dmamalis\Iris\LPC812\nxp_lpcxpresso_812_board_lib\Debug\libnxp_lpcxpresso_812_board_lib.a(board_sysinit.o)
 .text.Board_SystemInit
                0x0000067c       0x20 D:\Users\dmamalis\Iris\LPC812\nxp_lpcxpresso_812_board_lib\Debug\libnxp_lpcxpresso_812_board_lib.a(board_sysinit.o)
                0x0000067c                Board_SystemInit
 .text.SystemCoreClockUpdate
                0x0000069c       0x10 D:\Users\dmamalis\Iris\LPC812\lpc_chip_8xx_lib\Debug\liblpc_chip_8xx_lib.a(chip_8xx.o)
                0x0000069c                SystemCoreClockUpdate
 .text.Chip_Clock_GetWDTLFORate
                0x000006ac       0x20 D:\Users\dmamalis\Iris\LPC812\lpc_chip_8xx_lib\Debug\liblpc_chip_8xx_lib.a(clock_8xx.o)
 .text.Chip_Clock_GetPLLFreq
                0x000006cc        0xc D:\Users\dmamalis\Iris\LPC812\lpc_chip_8xx_lib\Debug\liblpc_chip_8xx_lib.a(clock_8xx.o)
 .text.Chip_Clock_SetSystemPLLSource
                0x000006d8       0x14 D:\Users\dmamalis\Iris\LPC812\lpc_chip_8xx_lib\Debug\liblpc_chip_8xx_lib.a(clock_8xx.o)
                0x000006d8                Chip_Clock_SetSystemPLLSource
 .text.Chip_Clock_SetPLLBypass
                0x000006ec       0x1c D:\Users\dmamalis\Iris\LPC812\lpc_chip_8xx_lib\Debug\liblpc_chip_8xx_lib.a(clock_8xx.o)
                0x000006ec                Chip_Clock_SetPLLBypass
 .text.Chip_Clock_SetMainClockSource
                0x00000708       0x14 D:\Users\dmamalis\Iris\LPC812\lpc_chip_8xx_lib\Debug\liblpc_chip_8xx_lib.a(clock_8xx.o)
                0x00000708                Chip_Clock_SetMainClockSource
 .text.Chip_Clock_SetCLKOUTSource
                0x0000071c       0x1c D:\Users\dmamalis\Iris\LPC812\lpc_chip_8xx_lib\Debug\liblpc_chip_8xx_lib.a(clock_8xx.o)
                0x0000071c                Chip_Clock_SetCLKOUTSource
 .text.Chip_Clock_GetWDTOSCRate
                0x00000738       0x10 D:\Users\dmamalis\Iris\LPC812\lpc_chip_8xx_lib\Debug\liblpc_chip_8xx_lib.a(clock_8xx.o)
                0x00000738                Chip_Clock_GetWDTOSCRate
 .text.Chip_Clock_GetSystemPLLInClockRate
                0x00000748       0x38 D:\Users\dmamalis\Iris\LPC812\lpc_chip_8xx_lib\Debug\liblpc_chip_8xx_lib.a(clock_8xx.o)
                0x00000748                Chip_Clock_GetSystemPLLInClockRate
 .text.Chip_Clock_GetSystemPLLOutClockRate
                0x00000780       0x18 D:\Users\dmamalis\Iris\LPC812\lpc_chip_8xx_lib\Debug\liblpc_chip_8xx_lib.a(clock_8xx.o)
                0x00000780                Chip_Clock_GetSystemPLLOutClockRate
 .text.Chip_Clock_GetMainClockRate
                0x00000798       0x40 D:\Users\dmamalis\Iris\LPC812\lpc_chip_8xx_lib\Debug\liblpc_chip_8xx_lib.a(clock_8xx.o)
                0x00000798                Chip_Clock_GetMainClockRate
 .text.Chip_Clock_GetSystemClockRate
                0x000007d8       0x14 D:\Users\dmamalis\Iris\LPC812\lpc_chip_8xx_lib\Debug\liblpc_chip_8xx_lib.a(clock_8xx.o)
                0x000007d8                Chip_Clock_GetSystemClockRate
 .text.Chip_GPIO_Init
                0x000007ec       0x14 D:\Users\dmamalis\Iris\LPC812\lpc_chip_8xx_lib\Debug\liblpc_chip_8xx_lib.a(gpio_8xx.o)
                0x000007ec                Chip_GPIO_Init
 .text.Chip_SWM_MovablePinAssign
                0x00000800       0x24 D:\Users\dmamalis\Iris\LPC812\lpc_chip_8xx_lib\Debug\liblpc_chip_8xx_lib.a(swm_8xx.o)
                0x00000800                Chip_SWM_MovablePinAssign
 .text.Chip_SYSCTL_PowerDown
                0x00000824       0x24 D:\Users\dmamalis\Iris\LPC812\lpc_chip_8xx_lib\Debug\liblpc_chip_8xx_lib.a(syscon_8xx.o)
                0x00000824                Chip_SYSCTL_PowerDown
 .text.Chip_SYSCTL_PowerUp
                0x00000848       0x28 D:\Users\dmamalis\Iris\LPC812\lpc_chip_8xx_lib\Debug\liblpc_chip_8xx_lib.a(syscon_8xx.o)
                0x00000848                Chip_SYSCTL_PowerUp
 .text.getUARTClockID
                0x00000870       0x20 D:\Users\dmamalis\Iris\LPC812\lpc_chip_8xx_lib\Debug\liblpc_chip_8xx_lib.a(uart_8xx.o)
 .text.Chip_UART_Init
                0x00000890       0x68 D:\Users\dmamalis\Iris\LPC812\lpc_chip_8xx_lib\Debug\liblpc_chip_8xx_lib.a(uart_8xx.o)
                0x00000890                Chip_UART_Init
 .text.__main   0x000008f8       0x12 c:/nxp/lpcxpresso_7.3.0_186/lpcxpresso/tools/bin/../lib/gcc/arm-none-eabi/4.8.4/../../../../arm-none-eabi/lib/armv6-m\libcr_nohost.a(_cr__main.o)
                0x000008f8                __main
 *fill*         0x0000090a        0x2 
 .text._initio  0x0000090c       0xa4 c:/nxp/lpcxpresso_7.3.0_186/lpcxpresso/tools/bin/../lib/gcc/arm-none-eabi/4.8.4/../../../../arm-none-eabi/lib/armv6-m\libcr_c.a(initio.o)
                0x0000090c                _initio
 .text.setvbuf  0x000009b0       0x48 c:/nxp/lpcxpresso_7.3.0_186/lpcxpresso/tools/bin/../lib/gcc/arm-none-eabi/4.8.4/../../../../arm-none-eabi/lib/armv6-m\libcr_c.a(setvbuf.o)
                0x000009b0                setvbuf
 .text.strlen   0x000009f8       0x54 c:/nxp/lpcxpresso_7.3.0_186/lpcxpresso/tools/bin/../lib/gcc/arm-none-eabi/4.8.4/../../../../arm-none-eabi/lib/armv6-m\libcr_c.a(strlen.o)
                0x000009f8                strlen
 .text.memset   0x00000a4c        0x8 c:/nxp/lpcxpresso_7.3.0_186/lpcxpresso/tools/bin/../lib/gcc/arm-none-eabi/4.8.4/../../../../arm-none-eabi/lib/armv6-m\libcr_c.a(memset.o)
                0x00000a4c                memset
 .text._deferredlazyseek
                0x00000a54       0x44 c:/nxp/lpcxpresso_7.3.0_186/lpcxpresso/tools/bin/../lib/gcc/arm-none-eabi/4.8.4/../../../../arm-none-eabi/lib/armv6-m\libcr_c.a(_deferredlazyseek.o)
                0x00000a54                _deferredlazyseek
 .text._fdopen  0x00000a98       0x68 c:/nxp/lpcxpresso_7.3.0_186/lpcxpresso/tools/bin/../lib/gcc/arm-none-eabi/4.8.4/../../../../arm-none-eabi/lib/armv6-m\libcr_c.a(_fdopen.o)
                0x00000a98                _fdopen
 .text._fflush  0x00000b00       0x64 c:/nxp/lpcxpresso_7.3.0_186/lpcxpresso/tools/bin/../lib/gcc/arm-none-eabi/4.8.4/../../../../arm-none-eabi/lib/armv6-m\libcr_c.a(_fflush.o)
                0x00000b00                _fflush
 .text._Cwritebuf
                0x00000b64       0x6c c:/nxp/lpcxpresso_7.3.0_186/lpcxpresso/tools/bin/../lib/gcc/arm-none-eabi/4.8.4/../../../../arm-none-eabi/lib/armv6-m\libcr_c.a(_writebuf.o)
                0x00000b64                _Cwritebuf
 .text.malloc   0x00000bd0       0xc0 c:/nxp/lpcxpresso_7.3.0_186/lpcxpresso/tools/bin/../lib/gcc/arm-none-eabi/4.8.4/../../../../arm-none-eabi/lib/armv6-m\libcr_c.a(alloc.o)
                0x00000bd0                malloc
 .text.free     0x00000c90        0xe c:/nxp/lpcxpresso_7.3.0_186/lpcxpresso/tools/bin/../lib/gcc/arm-none-eabi/4.8.4/../../../../arm-none-eabi/lib/armv6-m\libcr_c.a(alloc.o)
                0x00000c90                free
 *fill*         0x00000c9e        0x2 
 .text._Csys_alloc
                0x00000ca0       0x20 c:/nxp/lpcxpresso_7.3.0_186/lpcxpresso/tools/bin/../lib/gcc/arm-none-eabi/4.8.4/../../../../arm-none-eabi/lib/armv6-m\libcr_c.a(alloc.o)
                0x00000ca0                _Csys_alloc
 .text.fclose   0x00000cc0       0x70 c:/nxp/lpcxpresso_7.3.0_186/lpcxpresso/tools/bin/../lib/gcc/arm-none-eabi/4.8.4/../../../../arm-none-eabi/lib/armv6-m\libcr_c.a(fclose.o)
                0x00000cc0                fclose
 .text.fflush   0x00000d30       0x34 c:/nxp/lpcxpresso_7.3.0_186/lpcxpresso/tools/bin/../lib/gcc/arm-none-eabi/4.8.4/../../../../arm-none-eabi/lib/armv6-m\libcr_c.a(fflush.o)
                0x00000d30                fflush
 .text.fseek    0x00000d64       0xf8 c:/nxp/lpcxpresso_7.3.0_186/lpcxpresso/tools/bin/../lib/gcc/arm-none-eabi/4.8.4/../../../../arm-none-eabi/lib/armv6-m\libcr_c.a(fseek.o)
                0x00000d64                fseek
 .text.ftell    0x00000e5c       0x4c c:/nxp/lpcxpresso_7.3.0_186/lpcxpresso/tools/bin/../lib/gcc/arm-none-eabi/4.8.4/../../../../arm-none-eabi/lib/armv6-m\libcr_c.a(ftell.o)
                0x00000e5c                ftell
 .text.remove   0x00000ea8       0x12 c:/nxp/lpcxpresso_7.3.0_186/lpcxpresso/tools/bin/../lib/gcc/arm-none-eabi/4.8.4/../../../../arm-none-eabi/lib/armv6-m\libcr_c.a(remove.o)
                0x00000ea8                remove
 *fill*         0x00000eba        0x2 
 .text._sbrk    0x00000ebc       0x40 c:/nxp/lpcxpresso_7.3.0_186/lpcxpresso/tools/bin/../lib/gcc/arm-none-eabi/4.8.4/../../../../arm-none-eabi/lib/armv6-m\libcr_c.a(_cr_sbrk.o)
                0x00000ebc                _sbrk
 .text._do_fflush
                0x00000efc       0x48 c:/nxp/lpcxpresso_7.3.0_186/lpcxpresso/tools/bin/../lib/gcc/arm-none-eabi/4.8.4/../../../../arm-none-eabi/lib/armv6-m\libcr_c.a(_do_fflush.o)
                0x00000efc                _do_fflush
 .text.__check_heap_overflow
                0x00000f44       0x18 c:/nxp/lpcxpresso_7.3.0_186/lpcxpresso/tools/bin/../lib/gcc/arm-none-eabi/4.8.4/../../../../arm-none-eabi/lib/armv6-m\libcr_c.a(_cr_check_heap.o)
                0x00000f44                __check_heap_overflow
 .text.__aeabi_division_idivmod
                0x00000f5c       0x78 c:/nxp/lpcxpresso_7.3.0_186/lpcxpresso/tools/bin/../lib/gcc/arm-none-eabi/4.8.4/armv6-m\libcr_eabihelpers.a(division_32.o)
                0x00000f5c                __aeabi_idivmod
                0x00000f5c                __aeabi_idiv
                0x00000f62                __aeabi_uidivmod
                0x00000f62                __aeabi_uidiv
 .text.__aeabi_division_idiv0
                0x00000fd4        0x2 c:/nxp/lpcxpresso_7.3.0_186/lpcxpresso/tools/bin/../lib/gcc/arm-none-eabi/4.8.4/armv6-m\libcr_eabihelpers.a(division_idiv0.o)
                0x00000fd4                __aeabi_idiv0
 .text.__aeabi_memset_lowlevel
                0x00000fd6       0x2a c:/nxp/lpcxpresso_7.3.0_186/lpcxpresso/tools/bin/../lib/gcc/arm-none-eabi/4.8.4/armv6-m\libcr_eabihelpers.a(memcpy.o)
                0x00000fd6                __aeabi_lowlevel_memset
 .text.__sys_appexit
                0x00001000        0x2 c:/nxp/lpcxpresso_7.3.0_186/lpcxpresso/tools/bin/../lib/gcc/arm-none-eabi/4.8.4/../../../../arm-none-eabi/lib/armv6-m\libcr_nohost.a(__sys_appexit.o)
                0x00001000                __sys_appexit
                0x00001000                __exit
 .text.__sys_close
                0x00001002        0x6 c:/nxp/lpcxpresso_7.3.0_186/lpcxpresso/tools/bin/../lib/gcc/arm-none-eabi/4.8.4/../../../../arm-none-eabi/lib/armv6-m\libcr_nohost.a(__sys_close.o)
                0x00001002                __sys_close
 .text.__sys_flen
                0x00001008        0x6 c:/nxp/lpcxpresso_7.3.0_186/lpcxpresso/tools/bin/../lib/gcc/arm-none-eabi/4.8.4/../../../../arm-none-eabi/lib/armv6-m\libcr_nohost.a(__sys_flen.o)
                0x00001008                __sys_flen
 .text.__sys_istty
                0x0000100e        0x6 c:/nxp/lpcxpresso_7.3.0_186/lpcxpresso/tools/bin/../lib/gcc/arm-none-eabi/4.8.4/../../../../arm-none-eabi/lib/armv6-m\libcr_nohost.a(__sys_istty.o)
                0x0000100e                __sys_istty
 .text.__sys_remove
                0x00001014        0x6 c:/nxp/lpcxpresso_7.3.0_186/lpcxpresso/tools/bin/../lib/gcc/arm-none-eabi/4.8.4/../../../../arm-none-eabi/lib/armv6-m\libcr_nohost.a(__sys_remove.o)
                0x00001014                __sys_remove
 .text.__sys_seek
                0x0000101a        0x6 c:/nxp/lpcxpresso_7.3.0_186/lpcxpresso/tools/bin/../lib/gcc/arm-none-eabi/4.8.4/../../../../arm-none-eabi/lib/armv6-m\libcr_nohost.a(__sys_seek.o)
                0x0000101a                __sys_seek
 .text.__sys_tmpnam
                0x00001020        0x6 c:/nxp/lpcxpresso_7.3.0_186/lpcxpresso/tools/bin/../lib/gcc/arm-none-eabi/4.8.4/../../../../arm-none-eabi/lib/armv6-m\libcr_nohost.a(__sys_tmpnam.o)
                0x00001020                __sys_tmpnam
 *(.rodata .rodata.* .constdata .constdata.*)
 *fill*         0x00001026        0x2 
 .rodata        0x00001028        0xc ./example/src/uart_rom_int.o
 .rodata.str1.4
                0x00001034      0x12c ./example/src/uart_rom_int.o
 .rodata.OscRateIn
                0x00001160        0x4 D:\Users\dmamalis\Iris\LPC812\nxp_lpcxpresso_812_board_lib\Debug\libnxp_lpcxpresso_812_board_lib.a(board.o)
                0x00001160                OscRateIn
 .rodata.ExtRateIn
                0x00001164        0x4 D:\Users\dmamalis\Iris\LPC812\nxp_lpcxpresso_812_board_lib\Debug\libnxp_lpcxpresso_812_board_lib.a(board.o)
                0x00001164                ExtRateIn
 .rodata.ledBits
                0x00001168        0x4 D:\Users\dmamalis\Iris\LPC812\nxp_lpcxpresso_812_board_lib\Debug\libnxp_lpcxpresso_812_board_lib.a(board.o)
 .rodata.wdtOSCRate
                0x0000116c       0x40 D:\Users\dmamalis\Iris\LPC812\lpc_chip_8xx_lib\Debug\liblpc_chip_8xx_lib.a(clock_8xx.o)
 .rodata.str1.1
                0x000011ac        0x4 c:/nxp/lpcxpresso_7.3.0_186/lpcxpresso/tools/bin/../lib/gcc/arm-none-eabi/4.8.4/../../../../arm-none-eabi/lib/armv6-m\libcr_c.a(initio.o)
 .rodata.str1.1
                0x000011b0       0x18 c:/nxp/lpcxpresso_7.3.0_186/lpcxpresso/tools/bin/../lib/gcc/arm-none-eabi/4.8.4/../../../../arm-none-eabi/lib/armv6-m\libcr_c.a(alloc.o)
                0x000011c8                . = ALIGN (0x4)

.glue_7         0x000011c8        0x0
 .glue_7        0x00000000        0x0 linker stubs

.glue_7t        0x000011c8        0x0
 .glue_7t       0x00000000        0x0 linker stubs

.vfp11_veneer   0x000011c8        0x0
 .vfp11_veneer  0x00000000        0x0 linker stubs

.v4_bx          0x000011c8        0x0
 .v4_bx         0x00000000        0x0 linker stubs

.iplt           0x000011c8        0x0
 .iplt          0x00000000        0x0 ./example/src/cr_startup_lpc8xx.o

.rel.dyn        0x000011c8        0x0
 .rel.iplt      0x00000000        0x0 ./example/src/cr_startup_lpc8xx.o

.ARM.extab
 *(.ARM.extab* .gnu.linkonce.armextab.*)
                0x000011c8                __exidx_start = .

.ARM.exidx
 *(.ARM.exidx* .gnu.linkonce.armexidx.*)
                0x000011c8                __exidx_end = .
                0x000011c8                _etext = .

.mtb_buffer_default
 *(.mtb*)

.uninit_RESERVED
                0x10000000        0x0
 *(.bss.$RESERVED*)
                0x10000000                . = ALIGN (0x4)
                0x10000000                _end_uninit_RESERVED = .

.data           0x10000000        0x0 load address 0x000011c8
 FILL mask 0xff
                0x10000000                _data = .
 *(vtable)
 *(.ramfunc*)
 *(.data*)
                0x10000000                . = ALIGN (0x4)
                0x10000000                _edata = .

.igot.plt       0x10000000        0x0 load address 0x000011c8
 .igot.plt      0x00000000        0x0 ./example/src/cr_startup_lpc8xx.o

.bss            0x10000000      0x1c0 load address 0x000011c8
                0x10000000                _bss = .
 *(.bss*)
 .bss.gotCallback
                0x10000000        0x1 ./example/src/uart_rom_int.o
 *fill*         0x10000001        0x3 
 .bss.uartHandle
                0x10000004        0x4 ./example/src/uart_rom_int.o
 .bss.recv_buf  0x10000008       0x20 ./example/src/uart_rom_int.o
 .bss.indexIn   0x10000028        0x4 ./example/src/uart_rom_int.o
 .bss.uartHandleMEM
                0x1000002c       0x40 ./example/src/uart_rom_int.o
 .bss.errno     0x1000006c        0x4 c:/nxp/lpcxpresso_7.3.0_186/lpcxpresso/tools/bin/../lib/gcc/arm-none-eabi/4.8.4/../../../../arm-none-eabi/lib/armv6-m\libcr_c.a(errno.o)
                0x1000006c                errno
 *(COMMON)
 COMMON         0x10000070        0x4 D:\Users\dmamalis\Iris\LPC812\lpc_chip_8xx_lib\Debug\liblpc_chip_8xx_lib.a(chip_8xx.o)
                0x10000070                SystemCoreClock
 COMMON         0x10000074        0x4 c:/nxp/lpcxpresso_7.3.0_186/lpcxpresso/tools/bin/../lib/gcc/arm-none-eabi/4.8.4/../../../../arm-none-eabi/lib/armv6-m\libcr_c.a(initio.o)
                0x10000074                _extra
 COMMON         0x10000078      0x140 c:/nxp/lpcxpresso_7.3.0_186/lpcxpresso/tools/bin/../lib/gcc/arm-none-eabi/4.8.4/../../../../arm-none-eabi/lib/armv6-m\libcr_c.a(stdio.o)
                0x10000078                __Ciob
 COMMON         0x100001b8        0x8 c:/nxp/lpcxpresso_7.3.0_186/lpcxpresso/tools/bin/../lib/gcc/arm-none-eabi/4.8.4/../../../../arm-none-eabi/lib/armv6-m\libcr_c.a(__init_alloc.o)
                0x100001b8                __heaps
                0x100001bc                __end_of_heap
                0x100001c0                . = ALIGN (0x4)
                0x100001c0                _ebss = .
                0x100001c0                PROVIDE (end, .)

.noinit         0x100001c0        0x0 load address 0x000011c8
                0x100001c0                _noinit = .
 *(.noinit*)
                0x100001c0                . = ALIGN (0x4)
                0x100001c0                _end_noinit = .
                0x100001c0                PROVIDE (_pvHeapStart, .)
                0x10001000                PROVIDE (_vStackTop, (__top_RamLoc4 - 0x0))
OUTPUT(nxp_lpcxpresso_812_periph_uart_rom_int.axf elf32-littlearm)

.debug_info     0x00000000     0x598d
 .debug_info    0x00000000      0x23d ./example/src/cr_startup_lpc8xx.o
 .debug_info    0x0000023d       0x3f ./example/src/crp.o
 .debug_info    0x0000027c       0xd1 ./example/src/sysinit.o
 .debug_info    0x0000034d     0x1536 ./example/src/uart_rom_int.o
 .debug_info    0x00001883      0xe57 D:\Users\dmamalis\Iris\LPC812\nxp_lpcxpresso_812_board_lib\Debug\libnxp_lpcxpresso_812_board_lib.a(board.o)
 .debug_info    0x000026da      0x980 D:\Users\dmamalis\Iris\LPC812\nxp_lpcxpresso_812_board_lib\Debug\libnxp_lpcxpresso_812_board_lib.a(board_sysinit.o)
 .debug_info    0x0000305a       0xe0 D:\Users\dmamalis\Iris\LPC812\lpc_chip_8xx_lib\Debug\liblpc_chip_8xx_lib.a(chip_8xx.o)
 .debug_info    0x0000313a      0x781 D:\Users\dmamalis\Iris\LPC812\lpc_chip_8xx_lib\Debug\liblpc_chip_8xx_lib.a(clock_8xx.o)
 .debug_info    0x000038bb      0x8c8 D:\Users\dmamalis\Iris\LPC812\lpc_chip_8xx_lib\Debug\liblpc_chip_8xx_lib.a(gpio_8xx.o)
 .debug_info    0x00004183      0x371 D:\Users\dmamalis\Iris\LPC812\lpc_chip_8xx_lib\Debug\liblpc_chip_8xx_lib.a(swm_8xx.o)
 .debug_info    0x000044f4      0x492 D:\Users\dmamalis\Iris\LPC812\lpc_chip_8xx_lib\Debug\liblpc_chip_8xx_lib.a(syscon_8xx.o)
 .debug_info    0x00004986     0x1007 D:\Users\dmamalis\Iris\LPC812\lpc_chip_8xx_lib\Debug\liblpc_chip_8xx_lib.a(uart_8xx.o)

.debug_abbrev   0x00000000     0x12ed
 .debug_abbrev  0x00000000       0xf9 ./example/src/cr_startup_lpc8xx.o
 .debug_abbrev  0x000000f9       0x36 ./example/src/crp.o
 .debug_abbrev  0x0000012f       0x88 ./example/src/sysinit.o
 .debug_abbrev  0x000001b7      0x36e ./example/src/uart_rom_int.o
 .debug_abbrev  0x00000525      0x309 D:\Users\dmamalis\Iris\LPC812\nxp_lpcxpresso_812_board_lib\Debug\libnxp_lpcxpresso_812_board_lib.a(board.o)
 .debug_abbrev  0x0000082e      0x1e7 D:\Users\dmamalis\Iris\LPC812\nxp_lpcxpresso_812_board_lib\Debug\libnxp_lpcxpresso_812_board_lib.a(board_sysinit.o)
 .debug_abbrev  0x00000a15       0x9b D:\Users\dmamalis\Iris\LPC812\lpc_chip_8xx_lib\Debug\liblpc_chip_8xx_lib.a(chip_8xx.o)
 .debug_abbrev  0x00000ab0      0x1df D:\Users\dmamalis\Iris\LPC812\lpc_chip_8xx_lib\Debug\liblpc_chip_8xx_lib.a(clock_8xx.o)
 .debug_abbrev  0x00000c8f      0x179 D:\Users\dmamalis\Iris\LPC812\lpc_chip_8xx_lib\Debug\liblpc_chip_8xx_lib.a(gpio_8xx.o)
 .debug_abbrev  0x00000e08      0x13c D:\Users\dmamalis\Iris\LPC812\lpc_chip_8xx_lib\Debug\liblpc_chip_8xx_lib.a(swm_8xx.o)
 .debug_abbrev  0x00000f44       0xce D:\Users\dmamalis\Iris\LPC812\lpc_chip_8xx_lib\Debug\liblpc_chip_8xx_lib.a(syscon_8xx.o)
 .debug_abbrev  0x00001012      0x2db D:\Users\dmamalis\Iris\LPC812\lpc_chip_8xx_lib\Debug\liblpc_chip_8xx_lib.a(uart_8xx.o)

.debug_loc      0x00000000     0x1469
 .debug_loc     0x00000000      0x1bb ./example/src/cr_startup_lpc8xx.o
 .debug_loc     0x000001bb       0xb6 ./example/src/uart_rom_int.o
 .debug_loc     0x00000271      0x1a3 D:\Users\dmamalis\Iris\LPC812\nxp_lpcxpresso_812_board_lib\Debug\libnxp_lpcxpresso_812_board_lib.a(board.o)
 .debug_loc     0x00000414       0x13 D:\Users\dmamalis\Iris\LPC812\nxp_lpcxpresso_812_board_lib\Debug\libnxp_lpcxpresso_812_board_lib.a(board_sysinit.o)
 .debug_loc     0x00000427      0x172 D:\Users\dmamalis\Iris\LPC812\lpc_chip_8xx_lib\Debug\liblpc_chip_8xx_lib.a(clock_8xx.o)
 .debug_loc     0x00000599      0x432 D:\Users\dmamalis\Iris\LPC812\lpc_chip_8xx_lib\Debug\liblpc_chip_8xx_lib.a(gpio_8xx.o)
 .debug_loc     0x000009cb       0xfc D:\Users\dmamalis\Iris\LPC812\lpc_chip_8xx_lib\Debug\liblpc_chip_8xx_lib.a(swm_8xx.o)
 .debug_loc     0x00000ac7       0xd1 D:\Users\dmamalis\Iris\LPC812\lpc_chip_8xx_lib\Debug\liblpc_chip_8xx_lib.a(syscon_8xx.o)
 .debug_loc     0x00000b98      0x8d1 D:\Users\dmamalis\Iris\LPC812\lpc_chip_8xx_lib\Debug\liblpc_chip_8xx_lib.a(uart_8xx.o)

.debug_aranges  0x00000000      0x358
 .debug_aranges
                0x00000000       0x60 ./example/src/cr_startup_lpc8xx.o
 .debug_aranges
                0x00000060       0x18 ./example/src/crp.o
 .debug_aranges
                0x00000078       0x20 ./example/src/sysinit.o
 .debug_aranges
                0x00000098       0x60 ./example/src/uart_rom_int.o
 .debug_aranges
                0x000000f8       0x78 D:\Users\dmamalis\Iris\LPC812\nxp_lpcxpresso_812_board_lib\Debug\libnxp_lpcxpresso_812_board_lib.a(board.o)
 .debug_aranges
                0x00000170       0x30 D:\Users\dmamalis\Iris\LPC812\nxp_lpcxpresso_812_board_lib\Debug\libnxp_lpcxpresso_812_board_lib.a(board_sysinit.o)
 .debug_aranges
                0x000001a0       0x20 D:\Users\dmamalis\Iris\LPC812\lpc_chip_8xx_lib\Debug\liblpc_chip_8xx_lib.a(chip_8xx.o)
 .debug_aranges
                0x000001c0       0x70 D:\Users\dmamalis\Iris\LPC812\lpc_chip_8xx_lib\Debug\liblpc_chip_8xx_lib.a(clock_8xx.o)
 .debug_aranges
                0x00000230       0x48 D:\Users\dmamalis\Iris\LPC812\lpc_chip_8xx_lib\Debug\liblpc_chip_8xx_lib.a(gpio_8xx.o)
 .debug_aranges
                0x00000278       0x28 D:\Users\dmamalis\Iris\LPC812\lpc_chip_8xx_lib\Debug\liblpc_chip_8xx_lib.a(swm_8xx.o)
 .debug_aranges
                0x000002a0       0x38 D:\Users\dmamalis\Iris\LPC812\lpc_chip_8xx_lib\Debug\liblpc_chip_8xx_lib.a(syscon_8xx.o)
 .debug_aranges
                0x000002d8       0x80 D:\Users\dmamalis\Iris\LPC812\lpc_chip_8xx_lib\Debug\liblpc_chip_8xx_lib.a(uart_8xx.o)

.debug_ranges   0x00000000      0x2c0
 .debug_ranges  0x00000000       0x50 ./example/src/cr_startup_lpc8xx.o
 .debug_ranges  0x00000050       0x10 ./example/src/sysinit.o
 .debug_ranges  0x00000060       0x50 ./example/src/uart_rom_int.o
 .debug_ranges  0x000000b0       0x80 D:\Users\dmamalis\Iris\LPC812\nxp_lpcxpresso_812_board_lib\Debug\libnxp_lpcxpresso_812_board_lib.a(board.o)
 .debug_ranges  0x00000130       0x20 D:\Users\dmamalis\Iris\LPC812\nxp_lpcxpresso_812_board_lib\Debug\libnxp_lpcxpresso_812_board_lib.a(board_sysinit.o)
 .debug_ranges  0x00000150       0x10 D:\Users\dmamalis\Iris\LPC812\lpc_chip_8xx_lib\Debug\liblpc_chip_8xx_lib.a(chip_8xx.o)
 .debug_ranges  0x00000160       0x60 D:\Users\dmamalis\Iris\LPC812\lpc_chip_8xx_lib\Debug\liblpc_chip_8xx_lib.a(clock_8xx.o)
 .debug_ranges  0x000001c0       0x38 D:\Users\dmamalis\Iris\LPC812\lpc_chip_8xx_lib\Debug\liblpc_chip_8xx_lib.a(gpio_8xx.o)
 .debug_ranges  0x000001f8       0x18 D:\Users\dmamalis\Iris\LPC812\lpc_chip_8xx_lib\Debug\liblpc_chip_8xx_lib.a(swm_8xx.o)
 .debug_ranges  0x00000210       0x28 D:\Users\dmamalis\Iris\LPC812\lpc_chip_8xx_lib\Debug\liblpc_chip_8xx_lib.a(syscon_8xx.o)
 .debug_ranges  0x00000238       0x88 D:\Users\dmamalis\Iris\LPC812\lpc_chip_8xx_lib\Debug\liblpc_chip_8xx_lib.a(uart_8xx.o)

.debug_macro    0x00000000     0x3db4
 .debug_macro   0x00000000       0x1d ./example/src/cr_startup_lpc8xx.o
 .debug_macro   0x0000001d      0x832 ./example/src/cr_startup_lpc8xx.o
 .debug_macro   0x0000084f       0x1a ./example/src/crp.o
 .debug_macro   0x00000869      0x82c ./example/src/crp.o
 .debug_macro   0x00001095       0x34 ./example/src/crp.o
 .debug_macro   0x000010c9      0x1c0 ./example/src/sysinit.o
 .debug_macro   0x00001289       0x10 ./example/src/sysinit.o
 .debug_macro   0x00001299      0x122 ./example/src/sysinit.o
 .debug_macro   0x000013bb      0x5b9 ./example/src/sysinit.o
 .debug_macro   0x00001974       0x22 ./example/src/sysinit.o
 .debug_macro   0x00001996       0x7b ./example/src/sysinit.o
 .debug_macro   0x00001a11       0x10 ./example/src/sysinit.o
 .debug_macro   0x00001a21       0x22 ./example/src/sysinit.o
 .debug_macro   0x00001a43       0x3a ./example/src/sysinit.o
 .debug_macro   0x00001a7d      0x241 ./example/src/sysinit.o
 .debug_macro   0x00001cbe      0x100 ./example/src/sysinit.o
 .debug_macro   0x00001dbe       0x6a ./example/src/sysinit.o
 .debug_macro   0x00001e28       0x70 ./example/src/sysinit.o
 .debug_macro   0x00001e98       0x1c ./example/src/sysinit.o
 .debug_macro   0x00001eb4       0xa0 ./example/src/sysinit.o
 .debug_macro   0x00001f54       0x10 ./example/src/sysinit.o
 .debug_macro   0x00001f64       0x64 ./example/src/sysinit.o
 .debug_macro   0x00001fc8       0x64 ./example/src/sysinit.o
 .debug_macro   0x0000202c       0x4c ./example/src/sysinit.o
 .debug_macro   0x00002078       0x4c ./example/src/sysinit.o
 .debug_macro   0x000020c4       0x6a ./example/src/sysinit.o
 .debug_macro   0x0000212e       0x76 ./example/src/sysinit.o
 .debug_macro   0x000021a4       0x16 ./example/src/sysinit.o
 .debug_macro   0x000021ba      0x106 ./example/src/sysinit.o
 .debug_macro   0x000022c0       0x1c ./example/src/sysinit.o
 .debug_macro   0x000022dc       0x2e ./example/src/sysinit.o
 .debug_macro   0x0000230a       0xd2 ./example/src/sysinit.o
 .debug_macro   0x000023dc      0x201 ./example/src/sysinit.o
 .debug_macro   0x000025dd       0x16 ./example/src/sysinit.o
 .debug_macro   0x000025f3       0x9a ./example/src/sysinit.o
 .debug_macro   0x0000268d       0x20 ./example/src/sysinit.o
 .debug_macro   0x000026ad      0x1da ./example/src/uart_rom_int.o
 .debug_macro   0x00002887      0x1db D:\Users\dmamalis\Iris\LPC812\nxp_lpcxpresso_812_board_lib\Debug\libnxp_lpcxpresso_812_board_lib.a(board.o)
 .debug_macro   0x00002a62      0x81a D:\Users\dmamalis\Iris\LPC812\nxp_lpcxpresso_812_board_lib\Debug\libnxp_lpcxpresso_812_board_lib.a(board.o)
 .debug_macro   0x0000327c       0x12 D:\Users\dmamalis\Iris\LPC812\nxp_lpcxpresso_812_board_lib\Debug\libnxp_lpcxpresso_812_board_lib.a(board.o)
 .debug_macro   0x0000328e      0x1c0 D:\Users\dmamalis\Iris\LPC812\nxp_lpcxpresso_812_board_lib\Debug\libnxp_lpcxpresso_812_board_lib.a(board_sysinit.o)
 .debug_macro   0x0000344e      0x18b D:\Users\dmamalis\Iris\LPC812\lpc_chip_8xx_lib\Debug\liblpc_chip_8xx_lib.a(chip_8xx.o)
 .debug_macro   0x000035d9      0x18b D:\Users\dmamalis\Iris\LPC812\lpc_chip_8xx_lib\Debug\liblpc_chip_8xx_lib.a(clock_8xx.o)
 .debug_macro   0x00003764      0x18b D:\Users\dmamalis\Iris\LPC812\lpc_chip_8xx_lib\Debug\liblpc_chip_8xx_lib.a(gpio_8xx.o)
 .debug_macro   0x000038ef      0x197 D:\Users\dmamalis\Iris\LPC812\lpc_chip_8xx_lib\Debug\liblpc_chip_8xx_lib.a(swm_8xx.o)
 .debug_macro   0x00003a86      0x1a3 D:\Users\dmamalis\Iris\LPC812\lpc_chip_8xx_lib\Debug\liblpc_chip_8xx_lib.a(syscon_8xx.o)
 .debug_macro   0x00003c29      0x18b D:\Users\dmamalis\Iris\LPC812\lpc_chip_8xx_lib\Debug\liblpc_chip_8xx_lib.a(uart_8xx.o)

.debug_line     0x00000000     0x2756
 .debug_line    0x00000000       0xa2 ./example/src/cr_startup_lpc8xx.o
 .debug_line    0x000000a2       0x80 ./example/src/crp.o
 .debug_line    0x00000122      0x364 ./example/src/sysinit.o
 .debug_line    0x00000486      0x488 ./example/src/uart_rom_int.o
 .debug_line    0x0000090e      0x4ce D:\Users\dmamalis\Iris\LPC812\nxp_lpcxpresso_812_board_lib\Debug\libnxp_lpcxpresso_812_board_lib.a(board.o)
 .debug_line    0x00000ddc      0x3dc D:\Users\dmamalis\Iris\LPC812\nxp_lpcxpresso_812_board_lib\Debug\libnxp_lpcxpresso_812_board_lib.a(board_sysinit.o)
 .debug_line    0x000011b8      0x2f9 D:\Users\dmamalis\Iris\LPC812\lpc_chip_8xx_lib\Debug\liblpc_chip_8xx_lib.a(chip_8xx.o)
 .debug_line    0x000014b1      0x3e4 D:\Users\dmamalis\Iris\LPC812\lpc_chip_8xx_lib\Debug\liblpc_chip_8xx_lib.a(clock_8xx.o)
 .debug_line    0x00001895      0x385 D:\Users\dmamalis\Iris\LPC812\lpc_chip_8xx_lib\Debug\liblpc_chip_8xx_lib.a(gpio_8xx.o)
 .debug_line    0x00001c1a      0x31a D:\Users\dmamalis\Iris\LPC812\lpc_chip_8xx_lib\Debug\liblpc_chip_8xx_lib.a(swm_8xx.o)
 .debug_line    0x00001f34      0x335 D:\Users\dmamalis\Iris\LPC812\lpc_chip_8xx_lib\Debug\liblpc_chip_8xx_lib.a(syscon_8xx.o)
 .debug_line    0x00002269      0x4ed D:\Users\dmamalis\Iris\LPC812\lpc_chip_8xx_lib\Debug\liblpc_chip_8xx_lib.a(uart_8xx.o)

.debug_str      0x00000000     0xa087
 .debug_str     0x00000000     0x24a2 ./example/src/cr_startup_lpc8xx.o
                               0x24c0 (size before relaxing)
 .debug_str     0x000024a2      0x19e ./example/src/crp.o
                               0x23fb (size before relaxing)
 .debug_str     0x00002640     0x583c ./example/src/sysinit.o
                               0x7bf0 (size before relaxing)
 .debug_str     0x00007e7c     0x1316 ./example/src/uart_rom_int.o
                               0x8f04 (size before relaxing)
 .debug_str     0x00009192      0x22f D:\Users\dmamalis\Iris\LPC812\nxp_lpcxpresso_812_board_lib\Debug\libnxp_lpcxpresso_812_board_lib.a(board.o)
                               0x8561 (size before relaxing)
 .debug_str     0x000093c1      0x44e D:\Users\dmamalis\Iris\LPC812\nxp_lpcxpresso_812_board_lib\Debug\libnxp_lpcxpresso_812_board_lib.a(board_sysinit.o)
                               0x83e2 (size before relaxing)
 .debug_str     0x0000980f       0x57 D:\Users\dmamalis\Iris\LPC812\lpc_chip_8xx_lib\Debug\liblpc_chip_8xx_lib.a(chip_8xx.o)
                               0x78ef (size before relaxing)
 .debug_str     0x00009866      0x26a D:\Users\dmamalis\Iris\LPC812\lpc_chip_8xx_lib\Debug\liblpc_chip_8xx_lib.a(clock_8xx.o)
                               0x7f56 (size before relaxing)
 .debug_str     0x00009ad0       0xe8 D:\Users\dmamalis\Iris\LPC812\lpc_chip_8xx_lib\Debug\liblpc_chip_8xx_lib.a(gpio_8xx.o)
                               0x7db6 (size before relaxing)
 .debug_str     0x00009bb8       0xbd D:\Users\dmamalis\Iris\LPC812\lpc_chip_8xx_lib\Debug\liblpc_chip_8xx_lib.a(swm_8xx.o)
                               0x7cb1 (size before relaxing)
 .debug_str     0x00009c75       0xea D:\Users\dmamalis\Iris\LPC812\lpc_chip_8xx_lib\Debug\liblpc_chip_8xx_lib.a(syscon_8xx.o)
                               0x7bb9 (size before relaxing)
 .debug_str     0x00009d5f      0x328 D:\Users\dmamalis\Iris\LPC812\lpc_chip_8xx_lib\Debug\liblpc_chip_8xx_lib.a(uart_8xx.o)
                               0x80a7 (size before relaxing)

.comment        0x00000000       0xe0
 .comment       0x00000000       0x70 ./example/src/cr_startup_lpc8xx.o
                                 0x71 (size before relaxing)
 .comment       0x00000000       0x71 ./example/src/crp.o
 .comment       0x00000000       0x71 ./example/src/sysinit.o
 .comment       0x00000000       0x71 ./example/src/uart_rom_int.o
 .comment       0x00000000       0x71 D:\Users\dmamalis\Iris\LPC812\nxp_lpcxpresso_812_board_lib\Debug\libnxp_lpcxpresso_812_board_lib.a(board.o)
 .comment       0x00000000       0x71 D:\Users\dmamalis\Iris\LPC812\nxp_lpcxpresso_812_board_lib\Debug\libnxp_lpcxpresso_812_board_lib.a(board_sysinit.o)
 .comment       0x00000000       0x71 D:\Users\dmamalis\Iris\LPC812\lpc_chip_8xx_lib\Debug\liblpc_chip_8xx_lib.a(chip_8xx.o)
 .comment       0x00000000       0x71 D:\Users\dmamalis\Iris\LPC812\lpc_chip_8xx_lib\Debug\liblpc_chip_8xx_lib.a(clock_8xx.o)
 .comment       0x00000000       0x71 D:\Users\dmamalis\Iris\LPC812\lpc_chip_8xx_lib\Debug\liblpc_chip_8xx_lib.a(gpio_8xx.o)
 .comment       0x00000000       0x71 D:\Users\dmamalis\Iris\LPC812\lpc_chip_8xx_lib\Debug\liblpc_chip_8xx_lib.a(swm_8xx.o)
 .comment       0x00000000       0x71 D:\Users\dmamalis\Iris\LPC812\lpc_chip_8xx_lib\Debug\liblpc_chip_8xx_lib.a(syscon_8xx.o)
 .comment       0x00000000       0x71 D:\Users\dmamalis\Iris\LPC812\lpc_chip_8xx_lib\Debug\liblpc_chip_8xx_lib.a(uart_8xx.o)
 .comment       0x00000070       0x70 c:/nxp/lpcxpresso_7.3.0_186/lpcxpresso/tools/bin/../lib/gcc/arm-none-eabi/4.8.4/../../../../arm-none-eabi/lib/armv6-m\libcr_nohost.a(_cr__main.o)
                                 0x71 (size before relaxing)
 .comment       0x00000000       0x71 c:/nxp/lpcxpresso_7.3.0_186/lpcxpresso/tools/bin/../lib/gcc/arm-none-eabi/4.8.4/../../../../arm-none-eabi/lib/armv6-m\libcr_c.a(initio.o)
 .comment       0x00000000       0x71 c:/nxp/lpcxpresso_7.3.0_186/lpcxpresso/tools/bin/../lib/gcc/arm-none-eabi/4.8.4/../../../../arm-none-eabi/lib/armv6-m\libcr_c.a(setvbuf.o)
 .comment       0x00000000       0x71 c:/nxp/lpcxpresso_7.3.0_186/lpcxpresso/tools/bin/../lib/gcc/arm-none-eabi/4.8.4/../../../../arm-none-eabi/lib/armv6-m\libcr_c.a(stdio.o)
 .comment       0x00000000       0x71 c:/nxp/lpcxpresso_7.3.0_186/lpcxpresso/tools/bin/../lib/gcc/arm-none-eabi/4.8.4/../../../../arm-none-eabi/lib/armv6-m\libcr_c.a(strlen.o)
 .comment       0x00000000       0x71 c:/nxp/lpcxpresso_7.3.0_186/lpcxpresso/tools/bin/../lib/gcc/arm-none-eabi/4.8.4/../../../../arm-none-eabi/lib/armv6-m\libcr_c.a(memset.o)
 .comment       0x00000000       0x71 c:/nxp/lpcxpresso_7.3.0_186/lpcxpresso/tools/bin/../lib/gcc/arm-none-eabi/4.8.4/../../../../arm-none-eabi/lib/armv6-m\libcr_c.a(_deferredlazyseek.o)
 .comment       0x00000000       0x71 c:/nxp/lpcxpresso_7.3.0_186/lpcxpresso/tools/bin/../lib/gcc/arm-none-eabi/4.8.4/../../../../arm-none-eabi/lib/armv6-m\libcr_c.a(_fdopen.o)
 .comment       0x00000000       0x71 c:/nxp/lpcxpresso_7.3.0_186/lpcxpresso/tools/bin/../lib/gcc/arm-none-eabi/4.8.4/../../../../arm-none-eabi/lib/armv6-m\libcr_c.a(_fflush.o)
 .comment       0x00000000       0x71 c:/nxp/lpcxpresso_7.3.0_186/lpcxpresso/tools/bin/../lib/gcc/arm-none-eabi/4.8.4/../../../../arm-none-eabi/lib/armv6-m\libcr_c.a(_writebuf.o)
 .comment       0x00000000       0x71 c:/nxp/lpcxpresso_7.3.0_186/lpcxpresso/tools/bin/../lib/gcc/arm-none-eabi/4.8.4/../../../../arm-none-eabi/lib/armv6-m\libcr_c.a(alloc.o)
 .comment       0x00000000       0x71 c:/nxp/lpcxpresso_7.3.0_186/lpcxpresso/tools/bin/../lib/gcc/arm-none-eabi/4.8.4/../../../../arm-none-eabi/lib/armv6-m\libcr_c.a(fclose.o)
 .comment       0x00000000       0x71 c:/nxp/lpcxpresso_7.3.0_186/lpcxpresso/tools/bin/../lib/gcc/arm-none-eabi/4.8.4/../../../../arm-none-eabi/lib/armv6-m\libcr_c.a(fflush.o)
 .comment       0x00000000       0x71 c:/nxp/lpcxpresso_7.3.0_186/lpcxpresso/tools/bin/../lib/gcc/arm-none-eabi/4.8.4/../../../../arm-none-eabi/lib/armv6-m\libcr_c.a(fseek.o)
 .comment       0x00000000       0x71 c:/nxp/lpcxpresso_7.3.0_186/lpcxpresso/tools/bin/../lib/gcc/arm-none-eabi/4.8.4/../../../../arm-none-eabi/lib/armv6-m\libcr_c.a(ftell.o)
 .comment       0x00000000       0x71 c:/nxp/lpcxpresso_7.3.0_186/lpcxpresso/tools/bin/../lib/gcc/arm-none-eabi/4.8.4/../../../../arm-none-eabi/lib/armv6-m\libcr_c.a(remove.o)
 .comment       0x00000000       0x71 c:/nxp/lpcxpresso_7.3.0_186/lpcxpresso/tools/bin/../lib/gcc/arm-none-eabi/4.8.4/../../../../arm-none-eabi/lib/armv6-m\libcr_c.a(__init_alloc.o)
 .comment       0x00000000       0x71 c:/nxp/lpcxpresso_7.3.0_186/lpcxpresso/tools/bin/../lib/gcc/arm-none-eabi/4.8.4/../../../../arm-none-eabi/lib/armv6-m\libcr_c.a(_cr_sbrk.o)
 .comment       0x00000000       0x71 c:/nxp/lpcxpresso_7.3.0_186/lpcxpresso/tools/bin/../lib/gcc/arm-none-eabi/4.8.4/../../../../arm-none-eabi/lib/armv6-m\libcr_c.a(_do_fflush.o)
 .comment       0x00000000       0x71 c:/nxp/lpcxpresso_7.3.0_186/lpcxpresso/tools/bin/../lib/gcc/arm-none-eabi/4.8.4/../../../../arm-none-eabi/lib/armv6-m\libcr_c.a(errno.o)
 .comment       0x00000000       0x71 c:/nxp/lpcxpresso_7.3.0_186/lpcxpresso/tools/bin/../lib/gcc/arm-none-eabi/4.8.4/../../../../arm-none-eabi/lib/armv6-m\libcr_c.a(_cr_check_heap.o)
 .comment       0x00000000       0x71 c:/nxp/lpcxpresso_7.3.0_186/lpcxpresso/tools/bin/../lib/gcc/arm-none-eabi/4.8.4/../../../../arm-none-eabi/lib/armv6-m\libcr_nohost.a(__sys_appexit.o)
 .comment       0x00000000       0x71 c:/nxp/lpcxpresso_7.3.0_186/lpcxpresso/tools/bin/../lib/gcc/arm-none-eabi/4.8.4/../../../../arm-none-eabi/lib/armv6-m\libcr_nohost.a(__sys_close.o)
 .comment       0x00000000       0x71 c:/nxp/lpcxpresso_7.3.0_186/lpcxpresso/tools/bin/../lib/gcc/arm-none-eabi/4.8.4/../../../../arm-none-eabi/lib/armv6-m\libcr_nohost.a(__sys_flen.o)
 .comment       0x00000000       0x71 c:/nxp/lpcxpresso_7.3.0_186/lpcxpresso/tools/bin/../lib/gcc/arm-none-eabi/4.8.4/../../../../arm-none-eabi/lib/armv6-m\libcr_nohost.a(__sys_istty.o)
 .comment       0x00000000       0x71 c:/nxp/lpcxpresso_7.3.0_186/lpcxpresso/tools/bin/../lib/gcc/arm-none-eabi/4.8.4/../../../../arm-none-eabi/lib/armv6-m\libcr_nohost.a(__sys_remove.o)
 .comment       0x00000000       0x71 c:/nxp/lpcxpresso_7.3.0_186/lpcxpresso/tools/bin/../lib/gcc/arm-none-eabi/4.8.4/../../../../arm-none-eabi/lib/armv6-m\libcr_nohost.a(__sys_seek.o)
 .comment       0x00000000       0x71 c:/nxp/lpcxpresso_7.3.0_186/lpcxpresso/tools/bin/../lib/gcc/arm-none-eabi/4.8.4/../../../../arm-none-eabi/lib/armv6-m\libcr_nohost.a(__sys_tmpnam.o)

.ARM.attributes
                0x00000000       0x2f
 .ARM.attributes
                0x00000000       0x31 ./example/src/cr_startup_lpc8xx.o
 .ARM.attributes
                0x00000031       0x31 ./example/src/crp.o
 .ARM.attributes
                0x00000062       0x31 ./example/src/sysinit.o
 .ARM.attributes
                0x00000093       0x31 ./example/src/uart_rom_int.o
 .ARM.attributes
                0x000000c4       0x31 D:\Users\dmamalis\Iris\LPC812\nxp_lpcxpresso_812_board_lib\Debug\libnxp_lpcxpresso_812_board_lib.a(board.o)
 .ARM.attributes
                0x000000f5       0x31 D:\Users\dmamalis\Iris\LPC812\nxp_lpcxpresso_812_board_lib\Debug\libnxp_lpcxpresso_812_board_lib.a(board_sysinit.o)
 .ARM.attributes
                0x00000126       0x31 D:\Users\dmamalis\Iris\LPC812\lpc_chip_8xx_lib\Debug\liblpc_chip_8xx_lib.a(chip_8xx.o)
 .ARM.attributes
                0x00000157       0x31 D:\Users\dmamalis\Iris\LPC812\lpc_chip_8xx_lib\Debug\liblpc_chip_8xx_lib.a(clock_8xx.o)
 .ARM.attributes
                0x00000188       0x31 D:\Users\dmamalis\Iris\LPC812\lpc_chip_8xx_lib\Debug\liblpc_chip_8xx_lib.a(gpio_8xx.o)
 .ARM.attributes
                0x000001b9       0x31 D:\Users\dmamalis\Iris\LPC812\lpc_chip_8xx_lib\Debug\liblpc_chip_8xx_lib.a(swm_8xx.o)
 .ARM.attributes
                0x000001ea       0x31 D:\Users\dmamalis\Iris\LPC812\lpc_chip_8xx_lib\Debug\liblpc_chip_8xx_lib.a(syscon_8xx.o)
 .ARM.attributes
                0x0000021b       0x31 D:\Users\dmamalis\Iris\LPC812\lpc_chip_8xx_lib\Debug\liblpc_chip_8xx_lib.a(uart_8xx.o)
 .ARM.attributes
                0x0000024c       0x31 c:/nxp/lpcxpresso_7.3.0_186/lpcxpresso/tools/bin/../lib/gcc/arm-none-eabi/4.8.4/../../../../arm-none-eabi/lib/armv6-m\libcr_nohost.a(_cr__main.o)
 .ARM.attributes
                0x0000027d       0x31 c:/nxp/lpcxpresso_7.3.0_186/lpcxpresso/tools/bin/../lib/gcc/arm-none-eabi/4.8.4/../../../../arm-none-eabi/lib/armv6-m\libcr_c.a(initio.o)
 .ARM.attributes
                0x000002ae       0x31 c:/nxp/lpcxpresso_7.3.0_186/lpcxpresso/tools/bin/../lib/gcc/arm-none-eabi/4.8.4/../../../../arm-none-eabi/lib/armv6-m\libcr_c.a(setvbuf.o)
 .ARM.attributes
                0x000002df       0x31 c:/nxp/lpcxpresso_7.3.0_186/lpcxpresso/tools/bin/../lib/gcc/arm-none-eabi/4.8.4/../../../../arm-none-eabi/lib/armv6-m\libcr_c.a(stdio.o)
 .ARM.attributes
                0x00000310       0x31 c:/nxp/lpcxpresso_7.3.0_186/lpcxpresso/tools/bin/../lib/gcc/arm-none-eabi/4.8.4/../../../../arm-none-eabi/lib/armv6-m\libcr_c.a(strlen.o)
 .ARM.attributes
                0x00000341       0x31 c:/nxp/lpcxpresso_7.3.0_186/lpcxpresso/tools/bin/../lib/gcc/arm-none-eabi/4.8.4/../../../../arm-none-eabi/lib/armv6-m\libcr_c.a(memset.o)
 .ARM.attributes
                0x00000372       0x31 c:/nxp/lpcxpresso_7.3.0_186/lpcxpresso/tools/bin/../lib/gcc/arm-none-eabi/4.8.4/../../../../arm-none-eabi/lib/armv6-m\libcr_c.a(_deferredlazyseek.o)
 .ARM.attributes
                0x000003a3       0x31 c:/nxp/lpcxpresso_7.3.0_186/lpcxpresso/tools/bin/../lib/gcc/arm-none-eabi/4.8.4/../../../../arm-none-eabi/lib/armv6-m\libcr_c.a(_fdopen.o)
 .ARM.attributes
                0x000003d4       0x31 c:/nxp/lpcxpresso_7.3.0_186/lpcxpresso/tools/bin/../lib/gcc/arm-none-eabi/4.8.4/../../../../arm-none-eabi/lib/armv6-m\libcr_c.a(_fflush.o)
 .ARM.attributes
                0x00000405       0x31 c:/nxp/lpcxpresso_7.3.0_186/lpcxpresso/tools/bin/../lib/gcc/arm-none-eabi/4.8.4/../../../../arm-none-eabi/lib/armv6-m\libcr_c.a(_writebuf.o)
 .ARM.attributes
                0x00000436       0x31 c:/nxp/lpcxpresso_7.3.0_186/lpcxpresso/tools/bin/../lib/gcc/arm-none-eabi/4.8.4/../../../../arm-none-eabi/lib/armv6-m\libcr_c.a(alloc.o)
 .ARM.attributes
                0x00000467       0x31 c:/nxp/lpcxpresso_7.3.0_186/lpcxpresso/tools/bin/../lib/gcc/arm-none-eabi/4.8.4/../../../../arm-none-eabi/lib/armv6-m\libcr_c.a(fclose.o)
 .ARM.attributes
                0x00000498       0x31 c:/nxp/lpcxpresso_7.3.0_186/lpcxpresso/tools/bin/../lib/gcc/arm-none-eabi/4.8.4/../../../../arm-none-eabi/lib/armv6-m\libcr_c.a(fflush.o)
 .ARM.attributes
                0x000004c9       0x31 c:/nxp/lpcxpresso_7.3.0_186/lpcxpresso/tools/bin/../lib/gcc/arm-none-eabi/4.8.4/../../../../arm-none-eabi/lib/armv6-m\libcr_c.a(fseek.o)
 .ARM.attributes
                0x000004fa       0x31 c:/nxp/lpcxpresso_7.3.0_186/lpcxpresso/tools/bin/../lib/gcc/arm-none-eabi/4.8.4/../../../../arm-none-eabi/lib/armv6-m\libcr_c.a(ftell.o)
 .ARM.attributes
                0x0000052b       0x31 c:/nxp/lpcxpresso_7.3.0_186/lpcxpresso/tools/bin/../lib/gcc/arm-none-eabi/4.8.4/../../../../arm-none-eabi/lib/armv6-m\libcr_c.a(remove.o)
 .ARM.attributes
                0x0000055c       0x31 c:/nxp/lpcxpresso_7.3.0_186/lpcxpresso/tools/bin/../lib/gcc/arm-none-eabi/4.8.4/../../../../arm-none-eabi/lib/armv6-m\libcr_c.a(__init_alloc.o)
 .ARM.attributes
                0x0000058d       0x31 c:/nxp/lpcxpresso_7.3.0_186/lpcxpresso/tools/bin/../lib/gcc/arm-none-eabi/4.8.4/../../../../arm-none-eabi/lib/armv6-m\libcr_c.a(_cr_sbrk.o)
 .ARM.attributes
                0x000005be       0x31 c:/nxp/lpcxpresso_7.3.0_186/lpcxpresso/tools/bin/../lib/gcc/arm-none-eabi/4.8.4/../../../../arm-none-eabi/lib/armv6-m\libcr_c.a(_do_fflush.o)
 .ARM.attributes
                0x000005ef       0x31 c:/nxp/lpcxpresso_7.3.0_186/lpcxpresso/tools/bin/../lib/gcc/arm-none-eabi/4.8.4/../../../../arm-none-eabi/lib/armv6-m\libcr_c.a(errno.o)
 .ARM.attributes
                0x00000620       0x31 c:/nxp/lpcxpresso_7.3.0_186/lpcxpresso/tools/bin/../lib/gcc/arm-none-eabi/4.8.4/../../../../arm-none-eabi/lib/armv6-m\libcr_c.a(_cr_check_heap.o)
 .ARM.attributes
                0x00000651       0x21 c:/nxp/lpcxpresso_7.3.0_186/lpcxpresso/tools/bin/../lib/gcc/arm-none-eabi/4.8.4/armv6-m\libcr_eabihelpers.a(division_32.o)
 .ARM.attributes
                0x00000672       0x21 c:/nxp/lpcxpresso_7.3.0_186/lpcxpresso/tools/bin/../lib/gcc/arm-none-eabi/4.8.4/armv6-m\libcr_eabihelpers.a(division_idiv0.o)
 .ARM.attributes
                0x00000693       0x21 c:/nxp/lpcxpresso_7.3.0_186/lpcxpresso/tools/bin/../lib/gcc/arm-none-eabi/4.8.4/armv6-m\libcr_eabihelpers.a(memcpy.o)
 .ARM.attributes
                0x000006b4       0x31 c:/nxp/lpcxpresso_7.3.0_186/lpcxpresso/tools/bin/../lib/gcc/arm-none-eabi/4.8.4/../../../../arm-none-eabi/lib/armv6-m\libcr_nohost.a(__sys_appexit.o)
 .ARM.attributes
                0x000006e5       0x31 c:/nxp/lpcxpresso_7.3.0_186/lpcxpresso/tools/bin/../lib/gcc/arm-none-eabi/4.8.4/../../../../arm-none-eabi/lib/armv6-m\libcr_nohost.a(__sys_close.o)
 .ARM.attributes
                0x00000716       0x31 c:/nxp/lpcxpresso_7.3.0_186/lpcxpresso/tools/bin/../lib/gcc/arm-none-eabi/4.8.4/../../../../arm-none-eabi/lib/armv6-m\libcr_nohost.a(__sys_flen.o)
 .ARM.attributes
                0x00000747       0x31 c:/nxp/lpcxpresso_7.3.0_186/lpcxpresso/tools/bin/../lib/gcc/arm-none-eabi/4.8.4/../../../../arm-none-eabi/lib/armv6-m\libcr_nohost.a(__sys_istty.o)
 .ARM.attributes
                0x00000778       0x31 c:/nxp/lpcxpresso_7.3.0_186/lpcxpresso/tools/bin/../lib/gcc/arm-none-eabi/4.8.4/../../../../arm-none-eabi/lib/armv6-m\libcr_nohost.a(__sys_remove.o)
 .ARM.attributes
                0x000007a9       0x31 c:/nxp/lpcxpresso_7.3.0_186/lpcxpresso/tools/bin/../lib/gcc/arm-none-eabi/4.8.4/../../../../arm-none-eabi/lib/armv6-m\libcr_nohost.a(__sys_seek.o)
 .ARM.attributes
                0x000007da       0x31 c:/nxp/lpcxpresso_7.3.0_186/lpcxpresso/tools/bin/../lib/gcc/arm-none-eabi/4.8.4/../../../../arm-none-eabi/lib/armv6-m\libcr_nohost.a(__sys_tmpnam.o)

.debug_frame    0x00000000      0x6e4
 .debug_frame   0x00000000       0xb0 ./example/src/cr_startup_lpc8xx.o
 .debug_frame   0x000000b0       0x28 ./example/src/sysinit.o
 .debug_frame   0x000000d8       0xe8 ./example/src/uart_rom_int.o
 .debug_frame   0x000001c0      0x114 D:\Users\dmamalis\Iris\LPC812\nxp_lpcxpresso_812_board_lib\Debug\libnxp_lpcxpresso_812_board_lib.a(board.o)
 .debug_frame   0x000002d4       0x5c D:\Users\dmamalis\Iris\LPC812\nxp_lpcxpresso_812_board_lib\Debug\libnxp_lpcxpresso_812_board_lib.a(board_sysinit.o)
 .debug_frame   0x00000330       0x28 D:\Users\dmamalis\Iris\LPC812\lpc_chip_8xx_lib\Debug\liblpc_chip_8xx_lib.a(chip_8xx.o)
 .debug_frame   0x00000358       0xe8 D:\Users\dmamalis\Iris\LPC812\lpc_chip_8xx_lib\Debug\liblpc_chip_8xx_lib.a(clock_8xx.o)
 .debug_frame   0x00000440       0x80 D:\Users\dmamalis\Iris\LPC812\lpc_chip_8xx_lib\Debug\liblpc_chip_8xx_lib.a(gpio_8xx.o)
 .debug_frame   0x000004c0       0x44 D:\Users\dmamalis\Iris\LPC812\lpc_chip_8xx_lib\Debug\liblpc_chip_8xx_lib.a(swm_8xx.o)
 .debug_frame   0x00000504       0x58 D:\Users\dmamalis\Iris\LPC812\lpc_chip_8xx_lib\Debug\liblpc_chip_8xx_lib.a(syscon_8xx.o)
 .debug_frame   0x0000055c      0x188 D:\Users\dmamalis\Iris\LPC812\lpc_chip_8xx_lib\Debug\liblpc_chip_8xx_lib.a(uart_8xx.o)
