Archive member included because of file (symbol)

/home/dmamalis/Iris/LPC812/nxp_lpcxpresso_812_board_lib/Debug/libnxp_lpcxpresso_812_board_lib.a(board.o)
                              ./example/src/freertos_blinky.o (Board_LED_Set)
/home/dmamalis/Iris/LPC812/nxp_lpcxpresso_812_board_lib/Debug/libnxp_lpcxpresso_812_board_lib.a(board_sysinit.o)
                              ./example/src/sysinit.o (Board_SystemInit)
/home/dmamalis/Iris/LPC812/lpc_chip_8xx_lib/Debug/liblpc_chip_8xx_lib.a(chip_8xx.o)
                              ./example/src/freertos_blinky.o (SystemCoreClockUpdate)
/home/dmamalis/Iris/LPC812/lpc_chip_8xx_lib/Debug/liblpc_chip_8xx_lib.a(clock_8xx.o)
                              /home/dmamalis/Iris/LPC812/nxp_lpcxpresso_812_board_lib/Debug/libnxp_lpcxpresso_812_board_lib.a(board_sysinit.o) (Chip_Clock_SetSystemPLLSource)
/home/dmamalis/Iris/LPC812/lpc_chip_8xx_lib/Debug/liblpc_chip_8xx_lib.a(gpio_8xx.o)
                              /home/dmamalis/Iris/LPC812/nxp_lpcxpresso_812_board_lib/Debug/libnxp_lpcxpresso_812_board_lib.a(board.o) (Chip_GPIO_Init)
/home/dmamalis/Iris/LPC812/lpc_chip_8xx_lib/Debug/liblpc_chip_8xx_lib.a(swm_8xx.o)
                              /home/dmamalis/Iris/LPC812/nxp_lpcxpresso_812_board_lib/Debug/libnxp_lpcxpresso_812_board_lib.a(board.o) (Chip_SWM_MovablePinAssign)
/home/dmamalis/Iris/LPC812/lpc_chip_8xx_lib/Debug/liblpc_chip_8xx_lib.a(syscon_8xx.o)
                              /home/dmamalis/Iris/LPC812/nxp_lpcxpresso_812_board_lib/Debug/libnxp_lpcxpresso_812_board_lib.a(board_sysinit.o) (Chip_SYSCTL_PowerDown)
/home/dmamalis/Iris/LPC812/lpc_chip_8xx_lib/Debug/liblpc_chip_8xx_lib.a(uart_8xx.o)
                              /home/dmamalis/Iris/LPC812/nxp_lpcxpresso_812_board_lib/Debug/libnxp_lpcxpresso_812_board_lib.a(board.o) (Chip_UART_Init)
/home/dmamalis/Iris/LPC812/lpc_chip_8xx_lib/Debug/liblpc_chip_8xx_lib.a(ring_buffer.o)
                              /home/dmamalis/Iris/LPC812/lpc_chip_8xx_lib/Debug/liblpc_chip_8xx_lib.a(uart_8xx.o) (RingBuffer_Insert)
/usr/local/lpcxpresso_7.3.0_186/lpcxpresso/tools/bin/../lib/gcc/arm-none-eabi/4.8.4/../../../../arm-none-eabi/lib/armv6-m/libcr_nohost.a(_cr__main.o)
                              ./example/src/cr_startup_lpc8xx.o (__main)
/usr/local/lpcxpresso_7.3.0_186/lpcxpresso/tools/bin/../lib/gcc/arm-none-eabi/4.8.4/../../../../arm-none-eabi/lib/armv6-m/libcr_c.a(memcpy.o)
                              ./freertos/src/queue.o (memcpy)
/usr/local/lpcxpresso_7.3.0_186/lpcxpresso/tools/bin/../lib/gcc/arm-none-eabi/4.8.4/../../../../arm-none-eabi/lib/armv6-m/libcr_c.a(memset.o)
                              ./freertos/src/tasks.o (memset)
/usr/local/lpcxpresso_7.3.0_186/lpcxpresso/tools/bin/../lib/gcc/arm-none-eabi/4.8.4/../../../../arm-none-eabi/lib/armv6-m/libcr_c.a(fpprintf.o)
                              ./freertos/src/tasks.o (sprintf)
/usr/local/lpcxpresso_7.3.0_186/lpcxpresso/tools/bin/../lib/gcc/arm-none-eabi/4.8.4/../../../../arm-none-eabi/lib/armv6-m/libcr_c.a(initio.o)
                              /usr/local/lpcxpresso_7.3.0_186/lpcxpresso/tools/bin/../lib/gcc/arm-none-eabi/4.8.4/../../../../arm-none-eabi/lib/armv6-m/libcr_nohost.a(_cr__main.o) (_initio)
/usr/local/lpcxpresso_7.3.0_186/lpcxpresso/tools/bin/../lib/gcc/arm-none-eabi/4.8.4/../../../../arm-none-eabi/lib/armv6-m/libcr_c.a(memcmp.o)
                              ./freertos/src/tasks.o (memcmp)
/usr/local/lpcxpresso_7.3.0_186/lpcxpresso/tools/bin/../lib/gcc/arm-none-eabi/4.8.4/../../../../arm-none-eabi/lib/armv6-m/libcr_c.a(printf.o)
                              /usr/local/lpcxpresso_7.3.0_186/lpcxpresso/tools/bin/../lib/gcc/arm-none-eabi/4.8.4/../../../../arm-none-eabi/lib/armv6-m/libcr_c.a(fpprintf.o) (__vfprintf)
/usr/local/lpcxpresso_7.3.0_186/lpcxpresso/tools/bin/../lib/gcc/arm-none-eabi/4.8.4/../../../../arm-none-eabi/lib/armv6-m/libcr_c.a(setvbuf.o)
                              /usr/local/lpcxpresso_7.3.0_186/lpcxpresso/tools/bin/../lib/gcc/arm-none-eabi/4.8.4/../../../../arm-none-eabi/lib/armv6-m/libcr_c.a(initio.o) (setvbuf)
/usr/local/lpcxpresso_7.3.0_186/lpcxpresso/tools/bin/../lib/gcc/arm-none-eabi/4.8.4/../../../../arm-none-eabi/lib/armv6-m/libcr_c.a(stdio.o)
                              /usr/local/lpcxpresso_7.3.0_186/lpcxpresso/tools/bin/../lib/gcc/arm-none-eabi/4.8.4/../../../../arm-none-eabi/lib/armv6-m/libcr_c.a(fpprintf.o) (__Ciob)
/usr/local/lpcxpresso_7.3.0_186/lpcxpresso/tools/bin/../lib/gcc/arm-none-eabi/4.8.4/../../../../arm-none-eabi/lib/armv6-m/libcr_c.a(strcat.o)
                              ./freertos/src/tasks.o (strcat)
/usr/local/lpcxpresso_7.3.0_186/lpcxpresso/tools/bin/../lib/gcc/arm-none-eabi/4.8.4/../../../../arm-none-eabi/lib/armv6-m/libcr_c.a(strlen.o)
                              /usr/local/lpcxpresso_7.3.0_186/lpcxpresso/tools/bin/../lib/gcc/arm-none-eabi/4.8.4/../../../../arm-none-eabi/lib/armv6-m/libcr_c.a(printf.o) (strlen)
[...]
Memory Configuration

Name             Origin             Length             Attributes
MFlash16         0x00000000         0x00004000         xr
RamLoc4          0x10000000         0x00001000         xrw
*default*        0x00000000         0xffffffff

Linker script and memory map

LOAD ./freertos/src/FreeRTOSCommonHooks.o
LOAD ./freertos/src/croutine.o
LOAD ./freertos/src/heap_1.o
LOAD ./freertos/src/list.o
LOAD ./freertos/src/port.o
LOAD ./freertos/src/queue.o
LOAD ./freertos/src/tasks.o
LOAD ./freertos/src/timers.o
LOAD ./example/src/cr_startup_lpc8xx.o
LOAD ./example/src/crp.o
LOAD ./example/src/freertos_blinky.o
LOAD ./example/src/mtb.o
LOAD ./example/src/sysinit.o
LOAD /home/dmamalis/Iris/LPC812/nxp_lpcxpresso_812_board_lib/Debug/libnxp_lpcxpresso_812_board_lib.a
LOAD /home/dmamalis/Iris/LPC812/lpc_chip_8xx_lib/Debug/liblpc_chip_8xx_lib.a
START GROUP
LOAD /usr/local/lpcxpresso_7.3.0_186/lpcxpresso/tools/bin/../lib/gcc/arm-none-eabi/4.8.4/../../../../arm-none-eabi/lib/armv6-m/libcr_nohost.a
LOAD /usr/local/lpcxpresso_7.3.0_186/lpcxpresso/tools/bin/../lib/gcc/arm-none-eabi/4.8.4/../../../../arm-none-eabi/lib/armv6-m/libcr_c.a
LOAD /usr/local/lpcxpresso_7.3.0_186/lpcxpresso/tools/bin/../lib/gcc/arm-none-eabi/4.8.4/armv6-m/libcr_eabihelpers.a
END GROUP
                0x00004000                __top_MFlash16 = 0x4000
                0x10001000                __top_RamLoc4 = 0x10001000

.text           0x00000000     0x17b0
 FILL mask 0xff
                0x00000000                __vectors_start__ = ABSOLUTE (.)
 *(.isr_vector)
 .isr_vector    0x00000000       0xc0 ./example/src/cr_startup_lpc8xx.o
                0x00000000                g_pfnVectors
                0x000000c0                . = ALIGN (0x4)
                0x000000c0                __section_table_start = .
                0x000000c0                __data_section_table = .
                0x000000c0        0x4 LONG 0x17b0 LOADADDR (.data)
                0x000000c4        0x4 LONG 0x10000000 ADDR (.data)
                0x000000c8        0x4 LONG 0x8 SIZEOF (.data)
                0x000000cc                __data_section_table_end = .
                0x000000cc                __bss_section_table = .
                0x000000cc        0x4 LONG 0x10000008 ADDR (.bss)
                0x000000d0        0x4 LONG 0x898 SIZEOF (.bss)
                0x000000d4                __bss_section_table_end = .
                0x000000d4                __section_table_end = .
 *(.after_vectors*)
 .after_vectors
                0x000000d4       0x74 ./example/src/cr_startup_lpc8xx.o
                0x000000d4                NMI_Handler
                0x000000d6                HardFault_Handler
                0x000000dc                CMP_IRQHandler
                0x000000dc                PININT7_IRQHandler
                0x000000dc                WKT_IRQHandler
                0x000000dc                PININT2_IRQHandler
                0x000000dc                PININT1_IRQHandler
                0x000000dc                MRT_IRQHandler
                0x000000dc                UART1_IRQHandler
                0x000000dc                UART0_IRQHandler
                0x000000dc                SPI1_IRQHandler
                0x000000dc                IntDefaultHandler
                0x000000dc                PININT3_IRQHandler
                0x000000dc                UART2_IRQHandler
                0x000000dc                PININT5_IRQHandler
                0x000000dc                PININT4_IRQHandler
                0x000000dc                PININT0_IRQHandler
                0x000000dc                BOD_IRQHandler
                0x000000dc                SCT_IRQHandler
                0x000000dc                I2C_IRQHandler
                0x000000dc                WDT_IRQHandler
                0x000000dc                PININT6_IRQHandler
                0x000000dc                SPI0_IRQHandler
                0x000000dc                FLASH_IRQHandler
                0x000000de                data_init
                0x000000f0                bss_init
                0x00000100                ResetISR
                0x00000144                SVCall_Handler
                0x000002fc                . = 0x2fc
 *fill*         0x00000148      0x1b4 ff
                0x000002fc                PROVIDE (__CRP_WORD_START__, .)
 *(.crp)
 .crp           0x000002fc        0x4 ./example/src/crp.o
                0x000002fc                CRP_WORD
                0x00000300                PROVIDE (__CRP_WORD_END__, .)
                0x00000001                ASSERT (! ((__CRP_WORD_START__ == __CRP_WORD_END__)), Linker CRP Enabled, but no CRP_WORD provided within application)
 *(.text*)
 .text.vApplicationMallocFailedHook
                0x00000300        0x4 ./freertos/src/FreeRTOSCommonHooks.o
                0x00000300                vApplicationMallocFailedHook
 .text.vApplicationIdleHook
                0x00000304        0x4 ./freertos/src/FreeRTOSCommonHooks.o
                0x00000304                vApplicationIdleHook
 .text.vApplicationStackOverflowHook
                0x00000308        0x4 ./freertos/src/FreeRTOSCommonHooks.o
                0x00000308                vApplicationStackOverflowHook
 .text.pvPortMalloc
                0x0000030c       0x68 ./freertos/src/heap_1.o
                0x0000030c                pvPortMalloc
 .text.vPortFree
                0x00000374        0xc ./freertos/src/heap_1.o
                0x00000374                vPortFree
 .text.vListInitialise
                0x00000380       0x18 ./freertos/src/list.o
                0x00000380                vListInitialise
 .text.vListInitialiseItem
                0x00000398        0x8 ./freertos/src/list.o
                0x00000398                vListInitialiseItem
 .text.vListInsertEnd
                0x000003a0       0x1c ./freertos/src/list.o
                0x000003a0                vListInsertEnd
 .text.vListInsert
                0x000003bc       0x30 ./freertos/src/list.o
                0x000003bc                vListInsert
 .text.uxListRemove
                0x000003ec       0x28 ./freertos/src/list.o
                0x000003ec                uxListRemove
 .text.vPortStartFirstTask
                0x00000414       0x10 ./freertos/src/port.o
 .text.prvSetupTimerInterrupt
                0x00000424       0x28 ./freertos/src/port.o
 .text.pxPortInitialiseStack
                0x0000044c       0x18 ./freertos/src/port.o
                0x0000044c                pxPortInitialiseStack
 .text.SVC_Handler
                0x00000464       0x28 ./freertos/src/port.o
                0x00000464                SVC_Handler
 .text.xPortStartScheduler
                0x0000048c       0x34 ./freertos/src/port.o
                0x0000048c                xPortStartScheduler
 .text.vPortYield
                0x000004c0       0x18 ./freertos/src/port.o
                0x000004c0                vPortYield
 .text.vPortEnterCritical
                0x000004d8       0x18 ./freertos/src/port.o
                0x000004d8                vPortEnterCritical
 .text.vPortExitCritical
                0x000004f0       0x14 ./freertos/src/port.o
                0x000004f0                vPortExitCritical
 .text.PendSV_Handler
                0x00000504       0x44 ./freertos/src/port.o
                0x00000504                PendSV_Handler
 .text.SysTick_Handler
                0x00000548       0x18 ./freertos/src/port.o
                0x00000548                SysTick_Handler
 .text.prvDeleteTCB
                0x00000560       0x14 ./freertos/src/tasks.o
 .text.prvAllocateTCBAndStack
                0x00000574       0x3c ./freertos/src/tasks.o
 .text.prvInitialiseTCBVariables
                0x000005b0       0x38 ./freertos/src/tasks.o
 .text.prvInitialiseTaskLists
                0x000005e8       0x68 ./freertos/src/tasks.o
 .text.prvAddCurrentTaskToDelayedList
                0x00000650       0x54 ./freertos/src/tasks.o
 .text.xTaskGenericCreate
                0x000006a4      0x134 ./freertos/src/tasks.o
                0x000006a4                xTaskGenericCreate
 .text.vTaskStartScheduler
                0x000007d8       0x4c ./freertos/src/tasks.o
                0x000007d8                vTaskStartScheduler
 .text.vTaskSuspendAll
                0x00000824       0x10 ./freertos/src/tasks.o
                0x00000824                vTaskSuspendAll
 .text.vTaskIncrementTick
                0x00000834      0x100 ./freertos/src/tasks.o
                0x00000834                vTaskIncrementTick
 .text.xTaskResumeAll
                0x00000934       0xe4 ./freertos/src/tasks.o
                0x00000934                xTaskResumeAll
 .text.vTaskDelay
                0x00000a18       0x3c ./freertos/src/tasks.o
                0x00000a18                vTaskDelay
 .text.prvCheckTasksWaitingTermination
                0x00000a54       0x54 ./freertos/src/tasks.o
 .text.prvIdleTask
                0x00000aa8       0x1c ./freertos/src/tasks.o
 .text.vTaskSwitchContext
                0x00000ac4       0xb8 ./freertos/src/tasks.o
                0x00000ac4                vTaskSwitchContext
 .text.vLEDTask0
                0x00000b7c       0x20 ./example/src/freertos_blinky.o
 .text.vLEDTask2
                0x00000b9c       0x20 ./example/src/freertos_blinky.o
 .text.vLEDTask1
                0x00000bbc       0x20 ./example/src/freertos_blinky.o
 .text.prvSetupHardware
                0x00000bdc        0xc ./example/src/freertos_blinky.o
 .text.main     0x00000be8       0x6c ./example/src/freertos_blinky.o
                0x00000be8                main
 .text.SystemInit
                0x00000c54        0x8 ./example/src/sysinit.o
                0x00000c54                SystemInit
 .text.Board_LED_Init
                0x00000c5c       0x2c /home/dmamalis/Iris/LPC812/nxp_lpcxpresso_812_board_lib/Debug/libnxp_lpcxpresso_812_board_lib.a(board.o)
 .text.__sys_write
                0x00000c88        0x4 /home/dmamalis/Iris/LPC812/nxp_lpcxpresso_812_board_lib/Debug/libnxp_lpcxpresso_812_board_lib.a(board.o)
                0x00000c88                __sys_write
 .text.Board_LED_Set
                0x00000c8c       0x14 /home/dmamalis/Iris/LPC812/nxp_lpcxpresso_812_board_lib/Debug/libnxp_lpcxpresso_812_board_lib.a(board.o)
                0x00000c8c                Board_LED_Set
 .text.Board_Init
                0x00000ca0       0x10 /home/dmamalis/Iris/LPC812/nxp_lpcxpresso_812_board_lib/Debug/libnxp_lpcxpresso_812_board_lib.a(board.o)
                0x00000ca0                Board_Init
 .text.SystemSetupMuxing
                0x00000cb0       0x4c /home/dmamalis/Iris/LPC812/nxp_lpcxpresso_812_board_lib/Debug/libnxp_lpcxpresso_812_board_lib.a(board_sysinit.o)
 .text.SystemSetupClocking
                0x00000cfc       0x60 /home/dmamalis/Iris/LPC812/nxp_lpcxpresso_812_board_lib/Debug/libnxp_lpcxpresso_812_board_lib.a(board_sysinit.o)
 .text.Board_SystemInit
                0x00000d5c       0x20 /home/dmamalis/Iris/LPC812/nxp_lpcxpresso_812_board_lib/Debug/libnxp_lpcxpresso_812_board_lib.a(board_sysinit.o)
                0x00000d5c                Board_SystemInit
 .text.SystemCoreClockUpdate
                0x00000d7c       0x10 /home/dmamalis/Iris/LPC812/lpc_chip_8xx_lib/Debug/liblpc_chip_8xx_lib.a(chip_8xx.o)
                0x00000d7c                SystemCoreClockUpdate
 .text.Chip_Clock_GetWDTLFORate
                0x00000d8c       0x20 /home/dmamalis/Iris/LPC812/lpc_chip_8xx_lib/Debug/liblpc_chip_8xx_lib.a(clock_8xx.o)
 .text.Chip_Clock_GetPLLFreq
                0x00000dac        0xc /home/dmamalis/Iris/LPC812/lpc_chip_8xx_lib/Debug/liblpc_chip_8xx_lib.a(clock_8xx.o)
 .text.Chip_Clock_SetSystemPLLSource
                0x00000db8       0x14 /home/dmamalis/Iris/LPC812/lpc_chip_8xx_lib/Debug/liblpc_chip_8xx_lib.a(clock_8xx.o)
                0x00000db8                Chip_Clock_SetSystemPLLSource
 .text.Chip_Clock_SetPLLBypass
                0x00000dcc       0x1c /home/dmamalis/Iris/LPC812/lpc_chip_8xx_lib/Debug/liblpc_chip_8xx_lib.a(clock_8xx.o)
                0x00000dcc                Chip_Clock_SetPLLBypass
 .text.Chip_Clock_SetMainClockSource
                0x00000de8       0x14 /home/dmamalis/Iris/LPC812/lpc_chip_8xx_lib/Debug/liblpc_chip_8xx_lib.a(clock_8xx.o)
                0x00000de8                Chip_Clock_SetMainClockSource
 .text.Chip_Clock_SetCLKOUTSource
                0x00000dfc       0x1c /home/dmamalis/Iris/LPC812/lpc_chip_8xx_lib/Debug/liblpc_chip_8xx_lib.a(clock_8xx.o)
                0x00000dfc                Chip_Clock_SetCLKOUTSource
 .text.Chip_Clock_GetWDTOSCRate
                0x00000e18       0x10 /home/dmamalis/Iris/LPC812/lpc_chip_8xx_lib/Debug/liblpc_chip_8xx_lib.a(clock_8xx.o)
                0x00000e18                Chip_Clock_GetWDTOSCRate
 .text.Chip_Clock_GetSystemPLLInClockRate
                0x00000e28       0x38 /home/dmamalis/Iris/LPC812/lpc_chip_8xx_lib/Debug/liblpc_chip_8xx_lib.a(clock_8xx.o)
                0x00000e28                Chip_Clock_GetSystemPLLInClockRate
 .text.Chip_Clock_GetSystemPLLOutClockRate
                0x00000e60       0x18 /home/dmamalis/Iris/LPC812/lpc_chip_8xx_lib/Debug/liblpc_chip_8xx_lib.a(clock_8xx.o)
                0x00000e60                Chip_Clock_GetSystemPLLOutClockRate
 .text.Chip_Clock_GetMainClockRate
                0x00000e78       0x40 /home/dmamalis/Iris/LPC812/lpc_chip_8xx_lib/Debug/liblpc_chip_8xx_lib.a(clock_8xx.o)
                0x00000e78                Chip_Clock_GetMainClockRate
 .text.Chip_Clock_GetSystemClockRate
                0x00000eb8       0x14 /home/dmamalis/Iris/LPC812/lpc_chip_8xx_lib/Debug/liblpc_chip_8xx_lib.a(clock_8xx.o)
                0x00000eb8                Chip_Clock_GetSystemClockRate
 .text.Chip_GPIO_Init
                0x00000ecc       0x14 /home/dmamalis/Iris/LPC812/lpc_chip_8xx_lib/Debug/liblpc_chip_8xx_lib.a(gpio_8xx.o)
                0x00000ecc                Chip_GPIO_Init
 .text.Chip_SYSCTL_PowerDown
                0x00000ee0       0x24 /home/dmamalis/Iris/LPC812/lpc_chip_8xx_lib/Debug/liblpc_chip_8xx_lib.a(syscon_8xx.o)
                0x00000ee0                Chip_SYSCTL_PowerDown
 .text.Chip_SYSCTL_PowerUp
                0x00000f04       0x28 /home/dmamalis/Iris/LPC812/lpc_chip_8xx_lib/Debug/liblpc_chip_8xx_lib.a(syscon_8xx.o)
                0x00000f04                Chip_SYSCTL_PowerUp
 .text.__main   0x00000f2c       0x12 /usr/local/lpcxpresso_7.3.0_186/lpcxpresso/tools/bin/../lib/gcc/arm-none-eabi/4.8.4/../../../../arm-none-eabi/lib/armv6-m/libcr_nohost.a(_cr__main.o)
                0x00000f2c                __main
 .text.memset   0x00000f3e        0x8 /usr/local/lpcxpresso_7.3.0_186/lpcxpresso/tools/bin/../lib/gcc/arm-none-eabi/4.8.4/../../../../arm-none-eabi/lib/armv6-m/libcr_c.a(memset.o)
                0x00000f3e                memset
 *fill*         0x00000f46        0x2 
 .text._initio  0x00000f48       0xa4 /usr/local/lpcxpresso_7.3.0_186/lpcxpresso/tools/bin/../lib/gcc/arm-none-eabi/4.8.4/../../../../arm-none-eabi/lib/armv6-m/libcr_c.a(initio.o)
                0x00000f48                _initio
 .text.memcmp   0x00000fec       0x3a /usr/local/lpcxpresso_7.3.0_186/lpcxpresso/tools/bin/../lib/gcc/arm-none-eabi/4.8.4/../../../../arm-none-eabi/lib/armv6-m/libcr_c.a(memcmp.o)
                0x00000fec                memcmp
 *fill*         0x00001026        0x2 
 .text.setvbuf  0x00001028       0x48 /usr/local/lpcxpresso_7.3.0_186/lpcxpresso/tools/bin/../lib/gcc/arm-none-eabi/4.8.4/../../../../arm-none-eabi/lib/armv6-m/libcr_c.a(setvbuf.o)
                0x00001028                setvbuf
 .text.strlen   0x00001070       0x54 /usr/local/lpcxpresso_7.3.0_186/lpcxpresso/tools/bin/../lib/gcc/arm-none-eabi/4.8.4/../../../../arm-none-eabi/lib/armv6-m/libcr_c.a(strlen.o)
                0x00001070                strlen
 .text.strncpy  0x000010c4       0x58 /usr/local/lpcxpresso_7.3.0_186/lpcxpresso/tools/bin/../lib/gcc/arm-none-eabi/4.8.4/../../../../arm-none-eabi/lib/armv6-m/libcr_c.a(strncpy.o)
                0x000010c4                strncpy
 .text._deferredlazyseek
                0x0000111c       0x44 /usr/local/lpcxpresso_7.3.0_186/lpcxpresso/tools/bin/../lib/gcc/arm-none-eabi/4.8.4/../../../../arm-none-eabi/lib/armv6-m/libcr_c.a(_deferredlazyseek.o)
                0x0000111c                _deferredlazyseek
 .text._fdopen  0x00001160       0x68 /usr/local/lpcxpresso_7.3.0_186/lpcxpresso/tools/bin/../lib/gcc/arm-none-eabi/4.8.4/../../../../arm-none-eabi/lib/armv6-m/libcr_c.a(_fdopen.o)
                0x00001160                _fdopen
 .text._fflush  0x000011c8       0x64 /usr/local/lpcxpresso_7.3.0_186/lpcxpresso/tools/bin/../lib/gcc/arm-none-eabi/4.8.4/../../../../arm-none-eabi/lib/armv6-m/libcr_c.a(_fflush.o)
                0x000011c8                _fflush
 .text._Cwritebuf
                0x0000122c       0x6c /usr/local/lpcxpresso_7.3.0_186/lpcxpresso/tools/bin/../lib/gcc/arm-none-eabi/4.8.4/../../../../arm-none-eabi/lib/armv6-m/libcr_c.a(_writebuf.o)
                0x0000122c                _Cwritebuf
 .text.malloc   0x00001298       0xc0 /usr/local/lpcxpresso_7.3.0_186/lpcxpresso/tools/bin/../lib/gcc/arm-none-eabi/4.8.4/../../../../arm-none-eabi/lib/armv6-m/libcr_c.a(alloc.o)
                0x00001298                malloc
 .text.free     0x00001358        0xe /usr/local/lpcxpresso_7.3.0_186/lpcxpresso/tools/bin/../lib/gcc/arm-none-eabi/4.8.4/../../../../arm-none-eabi/lib/armv6-m/libcr_c.a(alloc.o)
                0x00001358                free
 *fill*         0x00001366        0x2 
 .text._Csys_alloc
                0x00001368       0x20 /usr/local/lpcxpresso_7.3.0_186/lpcxpresso/tools/bin/../lib/gcc/arm-none-eabi/4.8.4/../../../../arm-none-eabi/lib/armv6-m/libcr_c.a(alloc.o)
                0x00001368                _Csys_alloc
 .text.fclose   0x00001388       0x70 /usr/local/lpcxpresso_7.3.0_186/lpcxpresso/tools/bin/../lib/gcc/arm-none-eabi/4.8.4/../../../../arm-none-eabi/lib/armv6-m/libcr_c.a(fclose.o)
                0x00001388                fclose
 .text.fflush   0x000013f8       0x34 /usr/local/lpcxpresso_7.3.0_186/lpcxpresso/tools/bin/../lib/gcc/arm-none-eabi/4.8.4/../../../../arm-none-eabi/lib/armv6-m/libcr_c.a(fflush.o)
                0x000013f8                fflush
 .text.fseek    0x0000142c       0xf8 /usr/local/lpcxpresso_7.3.0_186/lpcxpresso/tools/bin/../lib/gcc/arm-none-eabi/4.8.4/../../../../arm-none-eabi/lib/armv6-m/libcr_c.a(fseek.o)
                0x0000142c                fseek
 .text.ftell    0x00001524       0x4c /usr/local/lpcxpresso_7.3.0_186/lpcxpresso/tools/bin/../lib/gcc/arm-none-eabi/4.8.4/../../../../arm-none-eabi/lib/armv6-m/libcr_c.a(ftell.o)
                0x00001524                ftell
 .text.remove   0x00001570       0x12 /usr/local/lpcxpresso_7.3.0_186/lpcxpresso/tools/bin/../lib/gcc/arm-none-eabi/4.8.4/../../../../arm-none-eabi/lib/armv6-m/libcr_c.a(remove.o)
                0x00001570                remove
 *fill*         0x00001582        0x2 
 .text._sbrk    0x00001584       0x40 /usr/local/lpcxpresso_7.3.0_186/lpcxpresso/tools/bin/../lib/gcc/arm-none-eabi/4.8.4/../../../../arm-none-eabi/lib/armv6-m/libcr_c.a(_cr_sbrk.o)
                0x00001584                _sbrk
 .text._do_fflush
                0x000015c4       0x48 /usr/local/lpcxpresso_7.3.0_186/lpcxpresso/tools/bin/../lib/gcc/arm-none-eabi/4.8.4/../../../../arm-none-eabi/lib/armv6-m/libcr_c.a(_do_fflush.o)
                0x000015c4                _do_fflush
 .text.__check_heap_overflow
                0x0000160c       0x18 /usr/local/lpcxpresso_7.3.0_186/lpcxpresso/tools/bin/../lib/gcc/arm-none-eabi/4.8.4/../../../../arm-none-eabi/lib/armv6-m/libcr_c.a(_cr_check_heap.o)
                0x0000160c                __check_heap_overflow
 .text.__aeabi_division_idivmod
                0x00001624       0x78 /usr/local/lpcxpresso_7.3.0_186/lpcxpresso/tools/bin/../lib/gcc/arm-none-eabi/4.8.4/armv6-m/libcr_eabihelpers.a(division_32.o)
                0x00001624                __aeabi_idiv
                0x00001624                __aeabi_idivmod
                0x0000162a                __aeabi_uidiv
                0x0000162a                __aeabi_uidivmod
 .text.__aeabi_division_idiv0
                0x0000169c        0x2 /usr/local/lpcxpresso_7.3.0_186/lpcxpresso/tools/bin/../lib/gcc/arm-none-eabi/4.8.4/armv6-m/libcr_eabihelpers.a(division_idiv0.o)
                0x0000169c                __aeabi_idiv0
 .text.__aeabi_memset_lowlevel
                0x0000169e       0x2a /usr/local/lpcxpresso_7.3.0_186/lpcxpresso/tools/bin/../lib/gcc/arm-none-eabi/4.8.4/armv6-m/libcr_eabihelpers.a(memcpy.o)
                0x0000169e                __aeabi_lowlevel_memset
 .text.__sys_appexit
                0x000016c8        0x2 /usr/local/lpcxpresso_7.3.0_186/lpcxpresso/tools/bin/../lib/gcc/arm-none-eabi/4.8.4/../../../../arm-none-eabi/lib/armv6-m/libcr_nohost.a(__sys_appexit.o)
                0x000016c8                __exit
                0x000016c8                __sys_appexit
 .text.__sys_close
                0x000016ca        0x6 /usr/local/lpcxpresso_7.3.0_186/lpcxpresso/tools/bin/../lib/gcc/arm-none-eabi/4.8.4/../../../../arm-none-eabi/lib/armv6-m/libcr_nohost.a(__sys_close.o)
                0x000016ca                __sys_close
 .text.__sys_flen
                0x000016d0        0x6 /usr/local/lpcxpresso_7.3.0_186/lpcxpresso/tools/bin/../lib/gcc/arm-none-eabi/4.8.4/../../../../arm-none-eabi/lib/armv6-m/libcr_nohost.a(__sys_flen.o)
                0x000016d0                __sys_flen
 .text.__sys_istty
                0x000016d6        0x6 /usr/local/lpcxpresso_7.3.0_186/lpcxpresso/tools/bin/../lib/gcc/arm-none-eabi/4.8.4/../../../../arm-none-eabi/lib/armv6-m/libcr_nohost.a(__sys_istty.o)
                0x000016d6                __sys_istty
 .text.__sys_remove
                0x000016dc        0x6 /usr/local/lpcxpresso_7.3.0_186/lpcxpresso/tools/bin/../lib/gcc/arm-none-eabi/4.8.4/../../../../arm-none-eabi/lib/armv6-m/libcr_nohost.a(__sys_remove.o)
                0x000016dc                __sys_remove
 .text.__sys_seek
                0x000016e2        0x6 /usr/local/lpcxpresso_7.3.0_186/lpcxpresso/tools/bin/../lib/gcc/arm-none-eabi/4.8.4/../../../../arm-none-eabi/lib/armv6-m/libcr_nohost.a(__sys_seek.o)
                0x000016e2                __sys_seek
 .text.__sys_tmpnam
                0x000016e8        0x6 /usr/local/lpcxpresso_7.3.0_186/lpcxpresso/tools/bin/../lib/gcc/arm-none-eabi/4.8.4/../../../../arm-none-eabi/lib/armv6-m/libcr_nohost.a(__sys_tmpnam.o)
                0x000016e8                __sys_tmpnam
 *(.rodata .rodata.* .constdata .constdata.*)
 *fill*         0x000016ee        0x2 
 .rodata.ucExpectedStackBytes.6661
                0x000016f0       0x14 ./freertos/src/tasks.o
 .rodata.str1.4
                0x00001704       0x1f ./freertos/src/tasks.o
                                 0x20 (size before relaxing)
 *fill*         0x00001723        0x1 
 .rodata.str1.4
                0x00001724       0x24 ./example/src/freertos_blinky.o
 .rodata.OscRateIn
                0x00001748        0x4 /home/dmamalis/Iris/LPC812/nxp_lpcxpresso_812_board_lib/Debug/libnxp_lpcxpresso_812_board_lib.a(board.o)
                0x00001748                OscRateIn
 .rodata.ExtRateIn
                0x0000174c        0x4 /home/dmamalis/Iris/LPC812/nxp_lpcxpresso_812_board_lib/Debug/libnxp_lpcxpresso_812_board_lib.a(board.o)
                0x0000174c                ExtRateIn
 .rodata.ledBits
                0x00001750        0x4 /home/dmamalis/Iris/LPC812/nxp_lpcxpresso_812_board_lib/Debug/libnxp_lpcxpresso_812_board_lib.a(board.o)
 .rodata.wdtOSCRate
                0x00001754       0x40 /home/dmamalis/Iris/LPC812/lpc_chip_8xx_lib/Debug/liblpc_chip_8xx_lib.a(clock_8xx.o)
 .rodata.str1.1
                0x00001794        0x4 /usr/local/lpcxpresso_7.3.0_186/lpcxpresso/tools/bin/../lib/gcc/arm-none-eabi/4.8.4/../../../../arm-none-eabi/lib/armv6-m/libcr_c.a(initio.o)
 .rodata.str1.1
                0x00001798       0x18 /usr/local/lpcxpresso_7.3.0_186/lpcxpresso/tools/bin/../lib/gcc/arm-none-eabi/4.8.4/../../../../arm-none-eabi/lib/armv6-m/libcr_c.a(alloc.o)
                0x000017b0                . = ALIGN (0x4)

.glue_7         0x000017b0        0x0
 .glue_7        0x00000000        0x0 linker stubs

.glue_7t        0x000017b0        0x0
 .glue_7t       0x00000000        0x0 linker stubs

.vfp11_veneer   0x000017b0        0x0
 .vfp11_veneer  0x00000000        0x0 linker stubs

.v4_bx          0x000017b0        0x0
 .v4_bx         0x00000000        0x0 linker stubs

.iplt           0x000017b0        0x0
 .iplt          0x00000000        0x0 ./freertos/src/FreeRTOSCommonHooks.o

.rel.dyn        0x000017b0        0x0
 .rel.iplt      0x00000000        0x0 ./freertos/src/FreeRTOSCommonHooks.o

.ARM.extab
 *(.ARM.extab* .gnu.linkonce.armextab.*)
                0x000017b0                __exidx_start = .

.ARM.exidx
 *(.ARM.exidx* .gnu.linkonce.armexidx.*)
                0x000017b0                __exidx_end = .
                0x000017b0                _etext = .

.mtb_buffer_default
 *(.mtb*)

.uninit_RESERVED
                0x10000000        0x0
 *(.bss.$RESERVED*)
                0x10000000                . = ALIGN (0x4)
                0x10000000                _end_uninit_RESERVED = .

.data           0x10000000        0x8 load address 0x000017b0
 FILL mask 0xff
                0x10000000                _data = .
 *(vtable)
 *(.ramfunc*)
 *(.data*)
 .data.uxCriticalNesting
                0x10000000        0x4 ./freertos/src/port.o
 .data.xNextTaskUnblockTime
                0x10000004        0x4 ./freertos/src/tasks.o
                0x10000008                . = ALIGN (0x4)
                0x10000008                _edata = .

.igot.plt       0x10000008        0x0 load address 0x000017b8
 .igot.plt      0x00000000        0x0 ./freertos/src/FreeRTOSCommonHooks.o

.bss            0x10000008      0x898 load address 0x000017b8
                0x10000008                _bss = .
 *(.bss*)
 .bss.xNextFreeByte
                0x10000008        0x4 ./freertos/src/heap_1.o
 .bss.ucHeap    0x1000000c      0x600 ./freertos/src/heap_1.o
 .bss.pucAlignedHeap.6384
                0x1000060c        0x4 ./freertos/src/heap_1.o
 .bss.uxMissedTicks
                0x10000610        0x4 ./freertos/src/tasks.o
 .bss.pxDelayedTaskList
                0x10000614        0x4 ./freertos/src/tasks.o
 .bss.xSchedulerRunning
                0x10000618        0x4 ./freertos/src/tasks.o
 .bss.uxTasksDeleted
                0x1000061c        0x4 ./freertos/src/tasks.o
 .bss.xTasksWaitingTermination
                0x10000620       0x14 ./freertos/src/tasks.o
 .bss.uxTopReadyPriority
                0x10000634        0x4 ./freertos/src/tasks.o
 .bss.pxReadyTasksLists
                0x10000638       0xa0 ./freertos/src/tasks.o
 .bss.uxSchedulerSuspended
                0x100006d8        0x4 ./freertos/src/tasks.o
 .bss.uxCurrentNumberOfTasks
                0x100006dc        0x4 ./freertos/src/tasks.o
 .bss.pxCurrentTCB
                0x100006e0        0x4 ./freertos/src/tasks.o
                0x100006e0                pxCurrentTCB
 .bss.xPendingReadyList
                0x100006e4       0x14 ./freertos/src/tasks.o
 .bss.xNumOfOverflows
                0x100006f8        0x4 ./freertos/src/tasks.o
 .bss.xTickCount
                0x100006fc        0x4 ./freertos/src/tasks.o
 .bss.pxOverflowDelayedTaskList
                0x10000700        0x4 ./freertos/src/tasks.o
 .bss.uxTaskNumber
                0x10000704        0x4 ./freertos/src/tasks.o
 .bss.xDelayedTaskList1
                0x10000708       0x14 ./freertos/src/tasks.o
 .bss.xDelayedTaskList2
                0x1000071c       0x14 ./freertos/src/tasks.o
 .bss.xMissedYield
                0x10000730        0x4 ./freertos/src/tasks.o
 .bss.xSuspendedTaskList
                0x10000734       0x14 ./freertos/src/tasks.o
 .bss.uxTopUsedPriority
                0x10000748        0x4 ./freertos/src/tasks.o
 .bss.errno     0x1000074c        0x4 /usr/local/lpcxpresso_7.3.0_186/lpcxpresso/tools/bin/../lib/gcc/arm-none-eabi/4.8.4/../../../../arm-none-eabi/lib/armv6-m/libcr_c.a(errno.o)
                0x1000074c                errno
 *(COMMON)
 COMMON         0x10000750        0x4 /home/dmamalis/Iris/LPC812/lpc_chip_8xx_lib/Debug/liblpc_chip_8xx_lib.a(chip_8xx.o)
                0x10000750                SystemCoreClock
 COMMON         0x10000754        0x4 /usr/local/lpcxpresso_7.3.0_186/lpcxpresso/tools/bin/../lib/gcc/arm-none-eabi/4.8.4/../../../../arm-none-eabi/lib/armv6-m/libcr_c.a(initio.o)
                0x10000754                _extra
 COMMON         0x10000758      0x140 /usr/local/lpcxpresso_7.3.0_186/lpcxpresso/tools/bin/../lib/gcc/arm-none-eabi/4.8.4/../../../../arm-none-eabi/lib/armv6-m/libcr_c.a(stdio.o)
                0x10000758                __Ciob
 COMMON         0x10000898        0x8 /usr/local/lpcxpresso_7.3.0_186/lpcxpresso/tools/bin/../lib/gcc/arm-none-eabi/4.8.4/../../../../arm-none-eabi/lib/armv6-m/libcr_c.a(__init_alloc.o)
                0x10000898                __heaps
                0x1000089c                __end_of_heap
                0x100008a0                . = ALIGN (0x4)
                0x100008a0                _ebss = .
                0x100008a0                PROVIDE (end, .)

.noinit         0x100008a0        0x0 load address 0x000017b8
                0x100008a0                _noinit = .
 *(.noinit*)
                0x100008a0                . = ALIGN (0x4)
                0x100008a0                _end_noinit = .
                0x100008a0                PROVIDE (_pvHeapStart, .)
                0x10001000                PROVIDE (_vStackTop, (__top_RamLoc4 - 0x0))
OUTPUT(nxp_lpcxpresso_812_freertos_blinky.axf elf32-littlearm)

.debug_info     0x00000000     0x5667
 .debug_info    0x00000000      0x1c8 ./freertos/src/FreeRTOSCommonHooks.o
 .debug_info    0x000001c8      0x1cd ./freertos/src/heap_1.o
 .debug_info    0x00000395      0x2b9 ./freertos/src/list.o
 .debug_info    0x0000064e      0x223 ./freertos/src/port.o
 .debug_info    0x00000871     0x1904 ./freertos/src/tasks.o
 .debug_info    0x00002175      0x23d ./example/src/cr_startup_lpc8xx.o
 .debug_info    0x000023b2       0x3f ./example/src/crp.o
 .debug_info    0x000023f1      0x413 ./example/src/freertos_blinky.o
 .debug_info    0x00002804       0xd1 ./example/src/sysinit.o
 .debug_info    0x000028d5      0xe57 /home/dmamalis/Iris/LPC812/nxp_lpcxpresso_812_board_lib/Debug/libnxp_lpcxpresso_812_board_lib.a(board.o)
 .debug_info    0x0000372c      0x980 /home/dmamalis/Iris/LPC812/nxp_lpcxpresso_812_board_lib/Debug/libnxp_lpcxpresso_812_board_lib.a(board_sysinit.o)
 .debug_info    0x000040ac       0xe0 /home/dmamalis/Iris/LPC812/lpc_chip_8xx_lib/Debug/liblpc_chip_8xx_lib.a(chip_8xx.o)
 .debug_info    0x0000418c      0x781 /home/dmamalis/Iris/LPC812/lpc_chip_8xx_lib/Debug/liblpc_chip_8xx_lib.a(clock_8xx.o)
 .debug_info    0x0000490d      0x8c8 /home/dmamalis/Iris/LPC812/lpc_chip_8xx_lib/Debug/liblpc_chip_8xx_lib.a(gpio_8xx.o)
 .debug_info    0x000051d5      0x492 /home/dmamalis/Iris/LPC812/lpc_chip_8xx_lib/Debug/liblpc_chip_8xx_lib.a(syscon_8xx.o)

.debug_abbrev   0x00000000     0x142b
 .debug_abbrev  0x00000000      0x12e ./freertos/src/FreeRTOSCommonHooks.o
 .debug_abbrev  0x0000012e      0x163 ./freertos/src/heap_1.o
 .debug_abbrev  0x00000291       0xf9 ./freertos/src/list.o
 .debug_abbrev  0x0000038a      0x144 ./freertos/src/port.o
 .debug_abbrev  0x000004ce      0x287 ./freertos/src/tasks.o
 .debug_abbrev  0x00000755       0xf9 ./example/src/cr_startup_lpc8xx.o
 .debug_abbrev  0x0000084e       0x36 ./example/src/crp.o
 .debug_abbrev  0x00000884      0x16e ./example/src/freertos_blinky.o
 .debug_abbrev  0x000009f2       0x88 ./example/src/sysinit.o
 .debug_abbrev  0x00000a7a      0x309 /home/dmamalis/Iris/LPC812/nxp_lpcxpresso_812_board_lib/Debug/libnxp_lpcxpresso_812_board_lib.a(board.o)
 .debug_abbrev  0x00000d83      0x1e7 /home/dmamalis/Iris/LPC812/nxp_lpcxpresso_812_board_lib/Debug/libnxp_lpcxpresso_812_board_lib.a(board_sysinit.o)
 .debug_abbrev  0x00000f6a       0x9b /home/dmamalis/Iris/LPC812/lpc_chip_8xx_lib/Debug/liblpc_chip_8xx_lib.a(chip_8xx.o)
 .debug_abbrev  0x00001005      0x1df /home/dmamalis/Iris/LPC812/lpc_chip_8xx_lib/Debug/liblpc_chip_8xx_lib.a(clock_8xx.o)
 .debug_abbrev  0x000011e4      0x179 /home/dmamalis/Iris/LPC812/lpc_chip_8xx_lib/Debug/liblpc_chip_8xx_lib.a(gpio_8xx.o)
 .debug_abbrev  0x0000135d       0xce /home/dmamalis/Iris/LPC812/lpc_chip_8xx_lib/Debug/liblpc_chip_8xx_lib.a(syscon_8xx.o)

.debug_loc      0x00000000     0x1973
 .debug_loc     0x00000000       0x2c ./freertos/src/FreeRTOSCommonHooks.o
 .debug_loc     0x0000002c       0x5f ./freertos/src/heap_1.o
 .debug_loc     0x0000008b       0x65 ./freertos/src/list.o
 .debug_loc     0x000000f0       0x5d ./freertos/src/port.o
 .debug_loc     0x0000014d      0xd5f ./freertos/src/tasks.o
 .debug_loc     0x00000eac      0x1bb ./example/src/cr_startup_lpc8xx.o
 .debug_loc     0x00001067       0xe1 ./example/src/freertos_blinky.o
 .debug_loc     0x00001148      0x1a3 /home/dmamalis/Iris/LPC812/nxp_lpcxpresso_812_board_lib/Debug/libnxp_lpcxpresso_812_board_lib.a(board.o)
 .debug_loc     0x000012eb       0x13 /home/dmamalis/Iris/LPC812/nxp_lpcxpresso_812_board_lib/Debug/libnxp_lpcxpresso_812_board_lib.a(board_sysinit.o)
 .debug_loc     0x000012fe      0x172 /home/dmamalis/Iris/LPC812/lpc_chip_8xx_lib/Debug/liblpc_chip_8xx_lib.a(clock_8xx.o)
 .debug_loc     0x00001470      0x432 /home/dmamalis/Iris/LPC812/lpc_chip_8xx_lib/Debug/liblpc_chip_8xx_lib.a(gpio_8xx.o)
 .debug_loc     0x000018a2       0xd1 /home/dmamalis/Iris/LPC812/lpc_chip_8xx_lib/Debug/liblpc_chip_8xx_lib.a(syscon_8xx.o)

.debug_aranges  0x00000000      0x508
 .debug_aranges
                0x00000000       0x40 ./freertos/src/FreeRTOSCommonHooks.o
 .debug_aranges
                0x00000040       0x38 ./freertos/src/heap_1.o
 .debug_aranges
                0x00000078       0x40 ./freertos/src/list.o
 .debug_aranges
                0x000000b8       0x70 ./freertos/src/port.o
 .debug_aranges
                0x00000128      0x150 ./freertos/src/tasks.o
 .debug_aranges
                0x00000278       0x60 ./example/src/cr_startup_lpc8xx.o
 .debug_aranges
                0x000002d8       0x18 ./example/src/crp.o
 .debug_aranges
                0x000002f0       0x40 ./example/src/freertos_blinky.o
 .debug_aranges
                0x00000330       0x20 ./example/src/sysinit.o
 .debug_aranges
                0x00000350       0x78 /home/dmamalis/Iris/LPC812/nxp_lpcxpresso_812_board_lib/Debug/libnxp_lpcxpresso_812_board_lib.a(board.o)
 .debug_aranges
                0x000003c8       0x30 /home/dmamalis/Iris/LPC812/nxp_lpcxpresso_812_board_lib/Debug/libnxp_lpcxpresso_812_board_lib.a(board_sysinit.o)
 .debug_aranges
                0x000003f8       0x20 /home/dmamalis/Iris/LPC812/lpc_chip_8xx_lib/Debug/liblpc_chip_8xx_lib.a(chip_8xx.o)
 .debug_aranges
                0x00000418       0x70 /home/dmamalis/Iris/LPC812/lpc_chip_8xx_lib/Debug/liblpc_chip_8xx_lib.a(clock_8xx.o)
 .debug_aranges
                0x00000488       0x48 /home/dmamalis/Iris/LPC812/lpc_chip_8xx_lib/Debug/liblpc_chip_8xx_lib.a(gpio_8xx.o)
 .debug_aranges
                0x000004d0       0x38 /home/dmamalis/Iris/LPC812/lpc_chip_8xx_lib/Debug/liblpc_chip_8xx_lib.a(syscon_8xx.o)

.debug_ranges   0x00000000      0x440
 .debug_ranges  0x00000000       0x30 ./freertos/src/FreeRTOSCommonHooks.o
 .debug_ranges  0x00000030       0x28 ./freertos/src/heap_1.o
 .debug_ranges  0x00000058       0x30 ./freertos/src/list.o
 .debug_ranges  0x00000088       0x60 ./freertos/src/port.o
 .debug_ranges  0x000000e8      0x158 ./freertos/src/tasks.o
 .debug_ranges  0x00000240       0x50 ./example/src/cr_startup_lpc8xx.o
 .debug_ranges  0x00000290       0x30 ./example/src/freertos_blinky.o
 .debug_ranges  0x000002c0       0x10 ./example/src/sysinit.o
 .debug_ranges  0x000002d0       0x80 /home/dmamalis/Iris/LPC812/nxp_lpcxpresso_812_board_lib/Debug/libnxp_lpcxpresso_812_board_lib.a(board.o)
 .debug_ranges  0x00000350       0x20 /home/dmamalis/Iris/LPC812/nxp_lpcxpresso_812_board_lib/Debug/libnxp_lpcxpresso_812_board_lib.a(board_sysinit.o)
 .debug_ranges  0x00000370       0x10 /home/dmamalis/Iris/LPC812/lpc_chip_8xx_lib/Debug/liblpc_chip_8xx_lib.a(chip_8xx.o)
 .debug_ranges  0x00000380       0x60 /home/dmamalis/Iris/LPC812/lpc_chip_8xx_lib/Debug/liblpc_chip_8xx_lib.a(clock_8xx.o)
 .debug_ranges  0x000003e0       0x38 /home/dmamalis/Iris/LPC812/lpc_chip_8xx_lib/Debug/liblpc_chip_8xx_lib.a(gpio_8xx.o)
 .debug_ranges  0x00000418       0x28 /home/dmamalis/Iris/LPC812/lpc_chip_8xx_lib/Debug/liblpc_chip_8xx_lib.a(syscon_8xx.o)

.debug_macro    0x00000000     0x4f2d
 .debug_macro   0x00000000      0x245 ./freertos/src/FreeRTOSCommonHooks.o
 .debug_macro   0x00000245      0x82c ./freertos/src/FreeRTOSCommonHooks.o
 .debug_macro   0x00000a71       0x10 ./freertos/src/FreeRTOSCommonHooks.o
 .debug_macro   0x00000a81      0x122 ./freertos/src/FreeRTOSCommonHooks.o
 .debug_macro   0x00000ba3       0x16 ./freertos/src/FreeRTOSCommonHooks.o
 .debug_macro   0x00000bb9       0x46 ./freertos/src/FreeRTOSCommonHooks.o
 .debug_macro   0x00000bff      0x5b9 ./freertos/src/FreeRTOSCommonHooks.o
 .debug_macro   0x000011b8       0x22 ./freertos/src/FreeRTOSCommonHooks.o
 .debug_macro   0x000011da       0x74 ./freertos/src/FreeRTOSCommonHooks.o
 .debug_macro   0x0000124e       0x10 ./freertos/src/FreeRTOSCommonHooks.o
 .debug_macro   0x0000125e       0x22 ./freertos/src/FreeRTOSCommonHooks.o
 .debug_macro   0x00001280       0x3a ./freertos/src/FreeRTOSCommonHooks.o
 .debug_macro   0x000012ba      0x241 ./freertos/src/FreeRTOSCommonHooks.o
 .debug_macro   0x000014fb      0x100 ./freertos/src/FreeRTOSCommonHooks.o
 .debug_macro   0x000015fb       0x6a ./freertos/src/FreeRTOSCommonHooks.o
 .debug_macro   0x00001665       0x70 ./freertos/src/FreeRTOSCommonHooks.o
 .debug_macro   0x000016d5       0x1c ./freertos/src/FreeRTOSCommonHooks.o
 .debug_macro   0x000016f1       0xa0 ./freertos/src/FreeRTOSCommonHooks.o
 .debug_macro   0x00001791       0x10 ./freertos/src/FreeRTOSCommonHooks.o
 .debug_macro   0x000017a1       0x64 ./freertos/src/FreeRTOSCommonHooks.o
 .debug_macro   0x00001805       0x64 ./freertos/src/FreeRTOSCommonHooks.o
 .debug_macro   0x00001869       0x4c ./freertos/src/FreeRTOSCommonHooks.o
 .debug_macro   0x000018b5       0x4c ./freertos/src/FreeRTOSCommonHooks.o
 .debug_macro   0x00001901       0x6a ./freertos/src/FreeRTOSCommonHooks.o
 .debug_macro   0x0000196b       0x76 ./freertos/src/FreeRTOSCommonHooks.o
 .debug_macro   0x000019e1       0x16 ./freertos/src/FreeRTOSCommonHooks.o
 .debug_macro   0x000019f7      0x106 ./freertos/src/FreeRTOSCommonHooks.o
 .debug_macro   0x00001afd       0x1c ./freertos/src/FreeRTOSCommonHooks.o
 .debug_macro   0x00001b19       0x2e ./freertos/src/FreeRTOSCommonHooks.o
 .debug_macro   0x00001b47       0xd2 ./freertos/src/FreeRTOSCommonHooks.o
 .debug_macro   0x00001c19      0x201 ./freertos/src/FreeRTOSCommonHooks.o
 .debug_macro   0x00001e1a       0x16 ./freertos/src/FreeRTOSCommonHooks.o
 .debug_macro   0x00001e30       0x9a ./freertos/src/FreeRTOSCommonHooks.o
 .debug_macro   0x00001eca       0x20 ./freertos/src/FreeRTOSCommonHooks.o
 .debug_macro   0x00001eea      0x115 ./freertos/src/FreeRTOSCommonHooks.o
 .debug_macro   0x00001fff       0xb1 ./freertos/src/FreeRTOSCommonHooks.o
 .debug_macro   0x000020b0       0x12 ./freertos/src/FreeRTOSCommonHooks.o
 .debug_macro   0x000020c2       0x1f ./freertos/src/FreeRTOSCommonHooks.o
 .debug_macro   0x000020e1      0x1f5 ./freertos/src/FreeRTOSCommonHooks.o
 .debug_macro   0x000022d6       0x5e ./freertos/src/FreeRTOSCommonHooks.o
 .debug_macro   0x00002334       0x57 ./freertos/src/FreeRTOSCommonHooks.o
 .debug_macro   0x0000238b      0x261 ./freertos/src/heap_1.o
 .debug_macro   0x000025ec       0x28 ./freertos/src/heap_1.o
 .debug_macro   0x00002614      0x240 ./freertos/src/list.o
 .debug_macro   0x00002854      0x283 ./freertos/src/port.o
 .debug_macro   0x00002ad7      0x2df ./freertos/src/tasks.o
 .debug_macro   0x00002db6       0xa0 ./freertos/src/tasks.o
 .debug_macro   0x00002e56       0x22 ./freertos/src/tasks.o
 .debug_macro   0x00002e78       0x5b ./freertos/src/tasks.o
 .debug_macro   0x00002ed3       0x17 ./freertos/src/tasks.o
 .debug_macro   0x00002eea       0x1d ./example/src/cr_startup_lpc8xx.o
 .debug_macro   0x00002f07      0x832 ./example/src/cr_startup_lpc8xx.o
 .debug_macro   0x00003739       0x1a ./example/src/crp.o
 .debug_macro   0x00003753       0x34 ./example/src/crp.o
 .debug_macro   0x00003787      0x235 ./example/src/freertos_blinky.o
 .debug_macro   0x000039bc       0x7b ./example/src/freertos_blinky.o
 .debug_macro   0x00003a37       0x10 ./example/src/freertos_blinky.o
 .debug_macro   0x00003a47      0x11b ./example/src/freertos_blinky.o
 .debug_macro   0x00003b62      0x1c0 ./example/src/sysinit.o
 .debug_macro   0x00003d22      0x1db /home/dmamalis/Iris/LPC812/nxp_lpcxpresso_812_board_lib/Debug/libnxp_lpcxpresso_812_board_lib.a(board.o)
 .debug_macro   0x00003efd      0x81a /home/dmamalis/Iris/LPC812/nxp_lpcxpresso_812_board_lib/Debug/libnxp_lpcxpresso_812_board_lib.a(board.o)
 .debug_macro   0x00004717       0x12 /home/dmamalis/Iris/LPC812/nxp_lpcxpresso_812_board_lib/Debug/libnxp_lpcxpresso_812_board_lib.a(board.o)
 .debug_macro   0x00004729      0x1c0 /home/dmamalis/Iris/LPC812/nxp_lpcxpresso_812_board_lib/Debug/libnxp_lpcxpresso_812_board_lib.a(board_sysinit.o)
 .debug_macro   0x000048e9      0x18b /home/dmamalis/Iris/LPC812/lpc_chip_8xx_lib/Debug/liblpc_chip_8xx_lib.a(chip_8xx.o)
 .debug_macro   0x00004a74      0x18b /home/dmamalis/Iris/LPC812/lpc_chip_8xx_lib/Debug/liblpc_chip_8xx_lib.a(clock_8xx.o)
 .debug_macro   0x00004bff      0x18b /home/dmamalis/Iris/LPC812/lpc_chip_8xx_lib/Debug/liblpc_chip_8xx_lib.a(gpio_8xx.o)
 .debug_macro   0x00004d8a      0x1a3 /home/dmamalis/Iris/LPC812/lpc_chip_8xx_lib/Debug/liblpc_chip_8xx_lib.a(syscon_8xx.o)

.debug_line     0x00000000     0x3ee2
 .debug_line    0x00000000      0x4f0 ./freertos/src/FreeRTOSCommonHooks.o
 .debug_line    0x000004f0      0x4da ./freertos/src/heap_1.o
 .debug_line    0x000009ca      0x4ee ./freertos/src/list.o
 .debug_line    0x00000eb8      0x543 ./freertos/src/port.o
 .debug_line    0x000013fb      0xb04 ./freertos/src/tasks.o
 .debug_line    0x00001eff       0xa2 ./example/src/cr_startup_lpc8xx.o
 .debug_line    0x00001fa1       0x84 ./example/src/crp.o
 .debug_line    0x00002025      0x4fe ./example/src/freertos_blinky.o
 .debug_line    0x00002523      0x366 ./example/src/sysinit.o
 .debug_line    0x00002889      0x4d0 /home/dmamalis/Iris/LPC812/nxp_lpcxpresso_812_board_lib/Debug/libnxp_lpcxpresso_812_board_lib.a(board.o)
 .debug_line    0x00002d59      0x3de /home/dmamalis/Iris/LPC812/nxp_lpcxpresso_812_board_lib/Debug/libnxp_lpcxpresso_812_board_lib.a(board_sysinit.o)
 .debug_line    0x00003137      0x2fe /home/dmamalis/Iris/LPC812/lpc_chip_8xx_lib/Debug/liblpc_chip_8xx_lib.a(chip_8xx.o)
 .debug_line    0x00003435      0x3e9 /home/dmamalis/Iris/LPC812/lpc_chip_8xx_lib/Debug/liblpc_chip_8xx_lib.a(clock_8xx.o)
 .debug_line    0x0000381e      0x38a /home/dmamalis/Iris/LPC812/lpc_chip_8xx_lib/Debug/liblpc_chip_8xx_lib.a(gpio_8xx.o)
 .debug_line    0x00003ba8      0x33a /home/dmamalis/Iris/LPC812/lpc_chip_8xx_lib/Debug/liblpc_chip_8xx_lib.a(syscon_8xx.o)

.debug_str      0x00000000     0xcf7a
 .debug_str     0x00000000     0x9b8c ./freertos/src/FreeRTOSCommonHooks.o
                               0x9c2f (size before relaxing)
 .debug_str     0x00009b8c      0x1b9 ./freertos/src/heap_1.o
                               0x9cf4 (size before relaxing)
 .debug_str     0x00009d45      0x12e ./freertos/src/list.o
                               0x99ac (size before relaxing)
 .debug_str     0x00009e73      0x350 ./freertos/src/port.o
                               0x9ea6 (size before relaxing)
 .debug_str     0x0000a1c3     0x1723 ./freertos/src/tasks.o
                               0xb558 (size before relaxing)
 .debug_str     0x0000b8e6      0x22a ./example/src/cr_startup_lpc8xx.o
                               0x24b9 (size before relaxing)
 .debug_str     0x0000bb10       0xf1 ./example/src/crp.o
                               0x23f4 (size before relaxing)
 .debug_str     0x0000bc01       0xa2 ./example/src/freertos_blinky.o
                               0x9c66 (size before relaxing)
 .debug_str     0x0000bca3       0x2a ./example/src/sysinit.o
                               0x7be9 (size before relaxing)
 .debug_str     0x0000bccd      0x9c1 /home/dmamalis/Iris/LPC812/nxp_lpcxpresso_812_board_lib/Debug/libnxp_lpcxpresso_812_board_lib.a(board.o)
                               0x855e (size before relaxing)
 .debug_str     0x0000c68e      0x44e /home/dmamalis/Iris/LPC812/nxp_lpcxpresso_812_board_lib/Debug/libnxp_lpcxpresso_812_board_lib.a(board_sysinit.o)
                               0x83df (size before relaxing)
 .debug_str     0x0000cadc       0x62 /home/dmamalis/Iris/LPC812/lpc_chip_8xx_lib/Debug/liblpc_chip_8xx_lib.a(chip_8xx.o)
                               0x78ec (size before relaxing)
 .debug_str     0x0000cb3e      0x26a /home/dmamalis/Iris/LPC812/lpc_chip_8xx_lib/Debug/liblpc_chip_8xx_lib.a(clock_8xx.o)
                               0x7f53 (size before relaxing)
 .debug_str     0x0000cda8       0xe8 /home/dmamalis/Iris/LPC812/lpc_chip_8xx_lib/Debug/liblpc_chip_8xx_lib.a(gpio_8xx.o)
                               0x7db3 (size before relaxing)
 .debug_str     0x0000ce90       0xea /home/dmamalis/Iris/LPC812/lpc_chip_8xx_lib/Debug/liblpc_chip_8xx_lib.a(syscon_8xx.o)
                               0x7bb6 (size before relaxing)

.comment        0x00000000       0xe0
 .comment       0x00000000       0x70 ./freertos/src/FreeRTOSCommonHooks.o
                                 0x71 (size before relaxing)
 .comment       0x00000000       0x71 ./freertos/src/heap_1.o
 .comment       0x00000000       0x71 ./freertos/src/list.o
 .comment       0x00000000       0x71 ./freertos/src/port.o
 .comment       0x00000000       0x71 ./freertos/src/tasks.o
 .comment       0x00000000       0x71 ./example/src/cr_startup_lpc8xx.o
 .comment       0x00000000       0x71 ./example/src/crp.o
 .comment       0x00000000       0x71 ./example/src/freertos_blinky.o
 .comment       0x00000000       0x71 ./example/src/sysinit.o
 .comment       0x00000000       0x71 /home/dmamalis/Iris/LPC812/nxp_lpcxpresso_812_board_lib/Debug/libnxp_lpcxpresso_812_board_lib.a(board.o)
 .comment       0x00000000       0x71 /home/dmamalis/Iris/LPC812/nxp_lpcxpresso_812_board_lib/Debug/libnxp_lpcxpresso_812_board_lib.a(board_sysinit.o)
 .comment       0x00000000       0x71 /home/dmamalis/Iris/LPC812/lpc_chip_8xx_lib/Debug/liblpc_chip_8xx_lib.a(chip_8xx.o)
 .comment       0x00000000       0x71 /home/dmamalis/Iris/LPC812/lpc_chip_8xx_lib/Debug/liblpc_chip_8xx_lib.a(clock_8xx.o)
 .comment       0x00000000       0x71 /home/dmamalis/Iris/LPC812/lpc_chip_8xx_lib/Debug/liblpc_chip_8xx_lib.a(gpio_8xx.o)
 .comment       0x00000000       0x71 /home/dmamalis/Iris/LPC812/lpc_chip_8xx_lib/Debug/liblpc_chip_8xx_lib.a(syscon_8xx.o)
 .comment       0x00000070       0x70 /usr/local/lpcxpresso_7.3.0_186/lpcxpresso/tools/bin/../lib/gcc/arm-none-eabi/4.8.4/../../../../arm-none-eabi/lib/armv6-m/libcr_nohost.a(_cr__main.o)
                                 0x71 (size before relaxing)
 .comment       0x00000000       0x71 /usr/local/lpcxpresso_7.3.0_186/lpcxpresso/tools/bin/../lib/gcc/arm-none-eabi/4.8.4/../../../../arm-none-eabi/lib/armv6-m/libcr_c.a(memset.o)
 .comment       0x00000000       0x71 /usr/local/lpcxpresso_7.3.0_186/lpcxpresso/tools/bin/../lib/gcc/arm-none-eabi/4.8.4/../../../../arm-none-eabi/lib/armv6-m/libcr_c.a(initio.o)
 .comment       0x00000000       0x71 /usr/local/lpcxpresso_7.3.0_186/lpcxpresso/tools/bin/../lib/gcc/arm-none-eabi/4.8.4/../../../../arm-none-eabi/lib/armv6-m/libcr_c.a(memcmp.o)
 .comment       0x00000000       0x71 /usr/local/lpcxpresso_7.3.0_186/lpcxpresso/tools/bin/../lib/gcc/arm-none-eabi/4.8.4/../../../../arm-none-eabi/lib/armv6-m/libcr_c.a(setvbuf.o)
 .comment       0x00000000       0x71 /usr/local/lpcxpresso_7.3.0_186/lpcxpresso/tools/bin/../lib/gcc/arm-none-eabi/4.8.4/../../../../arm-none-eabi/lib/armv6-m/libcr_c.a(stdio.o)
 .comment       0x00000000       0x71 /usr/local/lpcxpresso_7.3.0_186/lpcxpresso/tools/bin/../lib/gcc/arm-none-eabi/4.8.4/../../../../arm-none-eabi/lib/armv6-m/libcr_c.a(strlen.o)
 .comment       0x00000000       0x71 /usr/local/lpcxpresso_7.3.0_186/lpcxpresso/tools/bin/../lib/gcc/arm-none-eabi/4.8.4/../../../../arm-none-eabi/lib/armv6-m/libcr_c.a(strncpy.o)
 .comment       0x00000000       0x71 /usr/local/lpcxpresso_7.3.0_186/lpcxpresso/tools/bin/../lib/gcc/arm-none-eabi/4.8.4/../../../../arm-none-eabi/lib/armv6-m/libcr_c.a(_deferredlazyseek.o)
 .comment       0x00000000       0x71 /usr/local/lpcxpresso_7.3.0_186/lpcxpresso/tools/bin/../lib/gcc/arm-none-eabi/4.8.4/../../../../arm-none-eabi/lib/armv6-m/libcr_c.a(_fdopen.o)
 .comment       0x00000000       0x71 /usr/local/lpcxpresso_7.3.0_186/lpcxpresso/tools/bin/../lib/gcc/arm-none-eabi/4.8.4/../../../../arm-none-eabi/lib/armv6-m/libcr_c.a(_fflush.o)
 .comment       0x00000000       0x71 /usr/local/lpcxpresso_7.3.0_186/lpcxpresso/tools/bin/../lib/gcc/arm-none-eabi/4.8.4/../../../../arm-none-eabi/lib/armv6-m/libcr_c.a(_writebuf.o)
 .comment       0x00000000       0x71 /usr/local/lpcxpresso_7.3.0_186/lpcxpresso/tools/bin/../lib/gcc/arm-none-eabi/4.8.4/../../../../arm-none-eabi/lib/armv6-m/libcr_c.a(alloc.o)
 .comment       0x00000000       0x71 /usr/local/lpcxpresso_7.3.0_186/lpcxpresso/tools/bin/../lib/gcc/arm-none-eabi/4.8.4/../../../../arm-none-eabi/lib/armv6-m/libcr_c.a(errno.o)
 .comment       0x00000000       0x71 /usr/local/lpcxpresso_7.3.0_186/lpcxpresso/tools/bin/../lib/gcc/arm-none-eabi/4.8.4/../../../../arm-none-eabi/lib/armv6-m/libcr_c.a(fclose.o)
 .comment       0x00000000       0x71 /usr/local/lpcxpresso_7.3.0_186/lpcxpresso/tools/bin/../lib/gcc/arm-none-eabi/4.8.4/../../../../arm-none-eabi/lib/armv6-m/libcr_c.a(fflush.o)
 .comment       0x00000000       0x71 /usr/local/lpcxpresso_7.3.0_186/lpcxpresso/tools/bin/../lib/gcc/arm-none-eabi/4.8.4/../../../../arm-none-eabi/lib/armv6-m/libcr_c.a(fseek.o)
 .comment       0x00000000       0x71 /usr/local/lpcxpresso_7.3.0_186/lpcxpresso/tools/bin/../lib/gcc/arm-none-eabi/4.8.4/../../../../arm-none-eabi/lib/armv6-m/libcr_c.a(ftell.o)
 .comment       0x00000000       0x71 /usr/local/lpcxpresso_7.3.0_186/lpcxpresso/tools/bin/../lib/gcc/arm-none-eabi/4.8.4/../../../../arm-none-eabi/lib/armv6-m/libcr_c.a(remove.o)
 .comment       0x00000000       0x71 /usr/local/lpcxpresso_7.3.0_186/lpcxpresso/tools/bin/../lib/gcc/arm-none-eabi/4.8.4/../../../../arm-none-eabi/lib/armv6-m/libcr_c.a(__init_alloc.o)
 .comment       0x00000000       0x71 /usr/local/lpcxpresso_7.3.0_186/lpcxpresso/tools/bin/../lib/gcc/arm-none-eabi/4.8.4/../../../../arm-none-eabi/lib/armv6-m/libcr_c.a(_cr_sbrk.o)
 .comment       0x00000000       0x71 /usr/local/lpcxpresso_7.3.0_186/lpcxpresso/tools/bin/../lib/gcc/arm-none-eabi/4.8.4/../../../../arm-none-eabi/lib/armv6-m/libcr_c.a(_do_fflush.o)
 .comment       0x00000000       0x71 /usr/local/lpcxpresso_7.3.0_186/lpcxpresso/tools/bin/../lib/gcc/arm-none-eabi/4.8.4/../../../../arm-none-eabi/lib/armv6-m/libcr_c.a(_cr_check_heap.o)
 .comment       0x00000000       0x71 /usr/local/lpcxpresso_7.3.0_186/lpcxpresso/tools/bin/../lib/gcc/arm-none-eabi/4.8.4/../../../../arm-none-eabi/lib/armv6-m/libcr_nohost.a(__sys_appexit.o)
 .comment       0x00000000       0x71 /usr/local/lpcxpresso_7.3.0_186/lpcxpresso/tools/bin/../lib/gcc/arm-none-eabi/4.8.4/../../../../arm-none-eabi/lib/armv6-m/libcr_nohost.a(__sys_close.o)
 .comment       0x00000000       0x71 /usr/local/lpcxpresso_7.3.0_186/lpcxpresso/tools/bin/../lib/gcc/arm-none-eabi/4.8.4/../../../../arm-none-eabi/lib/armv6-m/libcr_nohost.a(__sys_flen.o)
 .comment       0x00000000       0x71 /usr/local/lpcxpresso_7.3.0_186/lpcxpresso/tools/bin/../lib/gcc/arm-none-eabi/4.8.4/../../../../arm-none-eabi/lib/armv6-m/libcr_nohost.a(__sys_istty.o)
 .comment       0x00000000       0x71 /usr/local/lpcxpresso_7.3.0_186/lpcxpresso/tools/bin/../lib/gcc/arm-none-eabi/4.8.4/../../../../arm-none-eabi/lib/armv6-m/libcr_nohost.a(__sys_remove.o)
 .comment       0x00000000       0x71 /usr/local/lpcxpresso_7.3.0_186/lpcxpresso/tools/bin/../lib/gcc/arm-none-eabi/4.8.4/../../../../arm-none-eabi/lib/armv6-m/libcr_nohost.a(__sys_seek.o)
 .comment       0x00000000       0x71 /usr/local/lpcxpresso_7.3.0_186/lpcxpresso/tools/bin/../lib/gcc/arm-none-eabi/4.8.4/../../../../arm-none-eabi/lib/armv6-m/libcr_nohost.a(__sys_tmpnam.o)

.ARM.attributes
                0x00000000       0x2f
 .ARM.attributes
                0x00000000       0x31 ./freertos/src/FreeRTOSCommonHooks.o
 .ARM.attributes
                0x00000031       0x31 ./freertos/src/heap_1.o
 .ARM.attributes
                0x00000062       0x31 ./freertos/src/list.o
 .ARM.attributes
                0x00000093       0x31 ./freertos/src/port.o
 .ARM.attributes
                0x000000c4       0x31 ./freertos/src/tasks.o
 .ARM.attributes
                0x000000f5       0x31 ./example/src/cr_startup_lpc8xx.o
 .ARM.attributes
                0x00000126       0x31 ./example/src/crp.o
 .ARM.attributes
                0x00000157       0x31 ./example/src/freertos_blinky.o
 .ARM.attributes
                0x00000188       0x31 ./example/src/sysinit.o
 .ARM.attributes
                0x000001b9       0x31 /home/dmamalis/Iris/LPC812/nxp_lpcxpresso_812_board_lib/Debug/libnxp_lpcxpresso_812_board_lib.a(board.o)
 .ARM.attributes
                0x000001ea       0x31 /home/dmamalis/Iris/LPC812/nxp_lpcxpresso_812_board_lib/Debug/libnxp_lpcxpresso_812_board_lib.a(board_sysinit.o)
 .ARM.attributes
                0x0000021b       0x31 /home/dmamalis/Iris/LPC812/lpc_chip_8xx_lib/Debug/liblpc_chip_8xx_lib.a(chip_8xx.o)
 .ARM.attributes
                0x0000024c       0x31 /home/dmamalis/Iris/LPC812/lpc_chip_8xx_lib/Debug/liblpc_chip_8xx_lib.a(clock_8xx.o)
 .ARM.attributes
                0x0000027d       0x31 /home/dmamalis/Iris/LPC812/lpc_chip_8xx_lib/Debug/liblpc_chip_8xx_lib.a(gpio_8xx.o)
 .ARM.attributes
                0x000002ae       0x31 /home/dmamalis/Iris/LPC812/lpc_chip_8xx_lib/Debug/liblpc_chip_8xx_lib.a(syscon_8xx.o)
 .ARM.attributes
                0x000002df       0x31 /usr/local/lpcxpresso_7.3.0_186/lpcxpresso/tools/bin/../lib/gcc/arm-none-eabi/4.8.4/../../../../arm-none-eabi/lib/armv6-m/libcr_nohost.a(_cr__main.o)
 .ARM.attributes
                0x00000310       0x31 /usr/local/lpcxpresso_7.3.0_186/lpcxpresso/tools/bin/../lib/gcc/arm-none-eabi/4.8.4/../../../../arm-none-eabi/lib/armv6-m/libcr_c.a(memset.o)
 .ARM.attributes
                0x00000341       0x31 /usr/local/lpcxpresso_7.3.0_186/lpcxpresso/tools/bin/../lib/gcc/arm-none-eabi/4.8.4/../../../../arm-none-eabi/lib/armv6-m/libcr_c.a(initio.o)
 .ARM.attributes
                0x00000372       0x31 /usr/local/lpcxpresso_7.3.0_186/lpcxpresso/tools/bin/../lib/gcc/arm-none-eabi/4.8.4/../../../../arm-none-eabi/lib/armv6-m/libcr_c.a(memcmp.o)
 .ARM.attributes
                0x000003a3       0x31 /usr/local/lpcxpresso_7.3.0_186/lpcxpresso/tools/bin/../lib/gcc/arm-none-eabi/4.8.4/../../../../arm-none-eabi/lib/armv6-m/libcr_c.a(setvbuf.o)
 .ARM.attributes
                0x000003d4       0x31 /usr/local/lpcxpresso_7.3.0_186/lpcxpresso/tools/bin/../lib/gcc/arm-none-eabi/4.8.4/../../../../arm-none-eabi/lib/armv6-m/libcr_c.a(stdio.o)
 .ARM.attributes
                0x00000405       0x31 /usr/local/lpcxpresso_7.3.0_186/lpcxpresso/tools/bin/../lib/gcc/arm-none-eabi/4.8.4/../../../../arm-none-eabi/lib/armv6-m/libcr_c.a(strlen.o)
 .ARM.attributes
                0x00000436       0x31 /usr/local/lpcxpresso_7.3.0_186/lpcxpresso/tools/bin/../lib/gcc/arm-none-eabi/4.8.4/../../../../arm-none-eabi/lib/armv6-m/libcr_c.a(strncpy.o)
 .ARM.attributes
                0x00000467       0x31 /usr/local/lpcxpresso_7.3.0_186/lpcxpresso/tools/bin/../lib/gcc/arm-none-eabi/4.8.4/../../../../arm-none-eabi/lib/armv6-m/libcr_c.a(_deferredlazyseek.o)
 .ARM.attributes
                0x00000498       0x31 /usr/local/lpcxpresso_7.3.0_186/lpcxpresso/tools/bin/../lib/gcc/arm-none-eabi/4.8.4/../../../../arm-none-eabi/lib/armv6-m/libcr_c.a(_fdopen.o)
 .ARM.attributes
                0x000004c9       0x31 /usr/local/lpcxpresso_7.3.0_186/lpcxpresso/tools/bin/../lib/gcc/arm-none-eabi/4.8.4/../../../../arm-none-eabi/lib/armv6-m/libcr_c.a(_fflush.o)
 .ARM.attributes
                0x000004fa       0x31 /usr/local/lpcxpresso_7.3.0_186/lpcxpresso/tools/bin/../lib/gcc/arm-none-eabi/4.8.4/../../../../arm-none-eabi/lib/armv6-m/libcr_c.a(_writebuf.o)
 .ARM.attributes
                0x0000052b       0x31 /usr/local/lpcxpresso_7.3.0_186/lpcxpresso/tools/bin/../lib/gcc/arm-none-eabi/4.8.4/../../../../arm-none-eabi/lib/armv6-m/libcr_c.a(alloc.o)
 .ARM.attributes
                0x0000055c       0x31 /usr/local/lpcxpresso_7.3.0_186/lpcxpresso/tools/bin/../lib/gcc/arm-none-eabi/4.8.4/../../../../arm-none-eabi/lib/armv6-m/libcr_c.a(errno.o)
 .ARM.attributes
                0x0000058d       0x31 /usr/local/lpcxpresso_7.3.0_186/lpcxpresso/tools/bin/../lib/gcc/arm-none-eabi/4.8.4/../../../../arm-none-eabi/lib/armv6-m/libcr_c.a(fclose.o)
 .ARM.attributes
                0x000005be       0x31 /usr/local/lpcxpresso_7.3.0_186/lpcxpresso/tools/bin/../lib/gcc/arm-none-eabi/4.8.4/../../../../arm-none-eabi/lib/armv6-m/libcr_c.a(fflush.o)
 .ARM.attributes
                0x000005ef       0x31 /usr/local/lpcxpresso_7.3.0_186/lpcxpresso/tools/bin/../lib/gcc/arm-none-eabi/4.8.4/../../../../arm-none-eabi/lib/armv6-m/libcr_c.a(fseek.o)
 .ARM.attributes
                0x00000620       0x31 /usr/local/lpcxpresso_7.3.0_186/lpcxpresso/tools/bin/../lib/gcc/arm-none-eabi/4.8.4/../../../../arm-none-eabi/lib/armv6-m/libcr_c.a(ftell.o)
 .ARM.attributes
                0x00000651       0x31 /usr/local/lpcxpresso_7.3.0_186/lpcxpresso/tools/bin/../lib/gcc/arm-none-eabi/4.8.4/../../../../arm-none-eabi/lib/armv6-m/libcr_c.a(remove.o)
 .ARM.attributes
                0x00000682       0x31 /usr/local/lpcxpresso_7.3.0_186/lpcxpresso/tools/bin/../lib/gcc/arm-none-eabi/4.8.4/../../../../arm-none-eabi/lib/armv6-m/libcr_c.a(__init_alloc.o)
 .ARM.attributes
                0x000006b3       0x31 /usr/local/lpcxpresso_7.3.0_186/lpcxpresso/tools/bin/../lib/gcc/arm-none-eabi/4.8.4/../../../../arm-none-eabi/lib/armv6-m/libcr_c.a(_cr_sbrk.o)
 .ARM.attributes
                0x000006e4       0x31 /usr/local/lpcxpresso_7.3.0_186/lpcxpresso/tools/bin/../lib/gcc/arm-none-eabi/4.8.4/../../../../arm-none-eabi/lib/armv6-m/libcr_c.a(_do_fflush.o)
 .ARM.attributes
                0x00000715       0x31 /usr/local/lpcxpresso_7.3.0_186/lpcxpresso/tools/bin/../lib/gcc/arm-none-eabi/4.8.4/../../../../arm-none-eabi/lib/armv6-m/libcr_c.a(_cr_check_heap.o)
 .ARM.attributes
                0x00000746       0x21 /usr/local/lpcxpresso_7.3.0_186/lpcxpresso/tools/bin/../lib/gcc/arm-none-eabi/4.8.4/armv6-m/libcr_eabihelpers.a(division_32.o)
 .ARM.attributes
                0x00000767       0x21 /usr/local/lpcxpresso_7.3.0_186/lpcxpresso/tools/bin/../lib/gcc/arm-none-eabi/4.8.4/armv6-m/libcr_eabihelpers.a(division_idiv0.o)
 .ARM.attributes
                0x00000788       0x21 /usr/local/lpcxpresso_7.3.0_186/lpcxpresso/tools/bin/../lib/gcc/arm-none-eabi/4.8.4/armv6-m/libcr_eabihelpers.a(memcpy.o)
 .ARM.attributes
                0x000007a9       0x31 /usr/local/lpcxpresso_7.3.0_186/lpcxpresso/tools/bin/../lib/gcc/arm-none-eabi/4.8.4/../../../../arm-none-eabi/lib/armv6-m/libcr_nohost.a(__sys_appexit.o)
 .ARM.attributes
                0x000007da       0x31 /usr/local/lpcxpresso_7.3.0_186/lpcxpresso/tools/bin/../lib/gcc/arm-none-eabi/4.8.4/../../../../arm-none-eabi/lib/armv6-m/libcr_nohost.a(__sys_close.o)
 .ARM.attributes
                0x0000080b       0x31 /usr/local/lpcxpresso_7.3.0_186/lpcxpresso/tools/bin/../lib/gcc/arm-none-eabi/4.8.4/../../../../arm-none-eabi/lib/armv6-m/libcr_nohost.a(__sys_flen.o)
 .ARM.attributes
                0x0000083c       0x31 /usr/local/lpcxpresso_7.3.0_186/lpcxpresso/tools/bin/../lib/gcc/arm-none-eabi/4.8.4/../../../../arm-none-eabi/lib/armv6-m/libcr_nohost.a(__sys_istty.o)
 .ARM.attributes
                0x0000086d       0x31 /usr/local/lpcxpresso_7.3.0_186/lpcxpresso/tools/bin/../lib/gcc/arm-none-eabi/4.8.4/../../../../arm-none-eabi/lib/armv6-m/libcr_nohost.a(__sys_remove.o)
 .ARM.attributes
                0x0000089e       0x31 /usr/local/lpcxpresso_7.3.0_186/lpcxpresso/tools/bin/../lib/gcc/arm-none-eabi/4.8.4/../../../../arm-none-eabi/lib/armv6-m/libcr_nohost.a(__sys_seek.o)
 .ARM.attributes
                0x000008cf       0x31 /usr/local/lpcxpresso_7.3.0_186/lpcxpresso/tools/bin/../lib/gcc/arm-none-eabi/4.8.4/../../../../arm-none-eabi/lib/armv6-m/libcr_nohost.a(__sys_tmpnam.o)

.debug_frame    0x00000000      0xac4
 .debug_frame   0x00000000       0x6c ./freertos/src/FreeRTOSCommonHooks.o
 .debug_frame   0x0000006c       0x5c ./freertos/src/heap_1.o
 .debug_frame   0x000000c8       0x68 ./freertos/src/list.o
 .debug_frame   0x00000130       0xe0 ./freertos/src/port.o
 .debug_frame   0x00000210      0x3ec ./freertos/src/tasks.o
 .debug_frame   0x000005fc       0xb0 ./example/src/cr_startup_lpc8xx.o
 .debug_frame   0x000006ac       0x98 ./example/src/freertos_blinky.o
 .debug_frame   0x00000744       0x28 ./example/src/sysinit.o
 .debug_frame   0x0000076c      0x114 /home/dmamalis/Iris/LPC812/nxp_lpcxpresso_812_board_lib/Debug/libnxp_lpcxpresso_812_board_lib.a(board.o)
 .debug_frame   0x00000880       0x5c /home/dmamalis/Iris/LPC812/nxp_lpcxpresso_812_board_lib/Debug/libnxp_lpcxpresso_812_board_lib.a(board_sysinit.o)
 .debug_frame   0x000008dc       0x28 /home/dmamalis/Iris/LPC812/lpc_chip_8xx_lib/Debug/liblpc_chip_8xx_lib.a(chip_8xx.o)
 .debug_frame   0x00000904       0xe8 /home/dmamalis/Iris/LPC812/lpc_chip_8xx_lib/Debug/liblpc_chip_8xx_lib.a(clock_8xx.o)
 .debug_frame   0x000009ec       0x80 /home/dmamalis/Iris/LPC812/lpc_chip_8xx_lib/Debug/liblpc_chip_8xx_lib.a(gpio_8xx.o)
 .debug_frame   0x00000a6c       0x58 /home/dmamalis/Iris/LPC812/lpc_chip_8xx_lib/Debug/liblpc_chip_8xx_lib.a(syscon_8xx.o)
