Archive member included because of file (symbol)

/home/dmamalis/Iris/LPC812/nxp_lpcxpresso_812_board_lib/Debug/libnxp_lpcxpresso_812_board_lib.a(board.o)
                              ./example/src/uart_rb.o (Board_LED_Set)
/home/dmamalis/Iris/LPC812/nxp_lpcxpresso_812_board_lib/Debug/libnxp_lpcxpresso_812_board_lib.a(board_sysinit.o)
                              ./example/src/sysinit.o (Board_SystemInit)
/home/dmamalis/Iris/LPC812/lpc_chip_8xx_lib/Debug/liblpc_chip_8xx_lib.a(chip_8xx.o)
                              ./example/src/uart_rb.o (SystemCoreClockUpdate)
/home/dmamalis/Iris/LPC812/lpc_chip_8xx_lib/Debug/liblpc_chip_8xx_lib.a(clock_8xx.o)
                              /home/dmamalis/Iris/LPC812/nxp_lpcxpresso_812_board_lib/Debug/libnxp_lpcxpresso_812_board_lib.a(board_sysinit.o) (Chip_Clock_SetSystemPLLSource)
/home/dmamalis/Iris/LPC812/lpc_chip_8xx_lib/Debug/liblpc_chip_8xx_lib.a(gpio_8xx.o)
                              /home/dmamalis/Iris/LPC812/nxp_lpcxpresso_812_board_lib/Debug/libnxp_lpcxpresso_812_board_lib.a(board.o) (Chip_GPIO_Init)
/home/dmamalis/Iris/LPC812/lpc_chip_8xx_lib/Debug/liblpc_chip_8xx_lib.a(ring_buffer.o)
                              ./example/src/uart_rb.o (RingBuffer_Init)
/home/dmamalis/Iris/LPC812/lpc_chip_8xx_lib/Debug/liblpc_chip_8xx_lib.a(swm_8xx.o)
                              ./example/src/uart_rb.o (Chip_SWM_MovablePinAssign)
/home/dmamalis/Iris/LPC812/lpc_chip_8xx_lib/Debug/liblpc_chip_8xx_lib.a(syscon_8xx.o)
                              /home/dmamalis/Iris/LPC812/nxp_lpcxpresso_812_board_lib/Debug/libnxp_lpcxpresso_812_board_lib.a(board_sysinit.o) (Chip_SYSCTL_PowerDown)
/home/dmamalis/Iris/LPC812/lpc_chip_8xx_lib/Debug/liblpc_chip_8xx_lib.a(uart_8xx.o)
                              ./example/src/uart_rb.o (Chip_UART_Init)
/usr/local/lpcxpresso_7.3.0_186/lpcxpresso/tools/bin/../lib/gcc/arm-none-eabi/4.8.4/../../../../arm-none-eabi/lib/armv6-m/libcr_nohost.a(_cr__main.o)
                              ./example/src/cr_startup_lpc8xx.o (__main)
/usr/local/lpcxpresso_7.3.0_186/lpcxpresso/tools/bin/../lib/gcc/arm-none-eabi/4.8.4/../../../../arm-none-eabi/lib/armv6-m/libcr_c.a(memcpy.o)
                              /home/dmamalis/Iris/LPC812/lpc_chip_8xx_lib/Debug/liblpc_chip_8xx_lib.a(ring_buffer.o) (memcpy)
/usr/local/lpcxpresso_7.3.0_186/lpcxpresso/tools/bin/../lib/gcc/arm-none-eabi/4.8.4/../../../../arm-none-eabi/lib/armv6-m/libcr_c.a(initio.o)
                              /usr/local/lpcxpresso_7.3.0_186/lpcxpresso/tools/bin/../lib/gcc/arm-none-eabi/4.8.4/../../../../arm-none-eabi/lib/armv6-m/libcr_nohost.a(_cr__main.o) (_initio)
/usr/local/lpcxpresso_7.3.0_186/lpcxpresso/tools/bin/../lib/gcc/arm-none-eabi/4.8.4/../../../../arm-none-eabi/lib/armv6-m/libcr_c.a(setvbuf.o)
                              /usr/local/lpcxpresso_7.3.0_186/lpcxpresso/tools/bin/../lib/gcc/arm-none-eabi/4.8.4/../../../../arm-none-eabi/lib/armv6-m/libcr_c.a(initio.o) (setvbuf)
/usr/local/lpcxpresso_7.3.0_186/lpcxpresso/tools/bin/../lib/gcc/arm-none-eabi/4.8.4/../../../../arm-none-eabi/lib/armv6-m/libcr_c.a(stdio.o)
                              /usr/local/lpcxpresso_7.3.0_186/lpcxpresso/tools/bin/../lib/gcc/arm-none-eabi/4.8.4/../../../../arm-none-eabi/lib/armv6-m/libcr_c.a(initio.o) (__Ciob)
/usr/local/lpcxpresso_7.3.0_186/lpcxpresso/tools/bin/../lib/gcc/arm-none-eabi/4.8.4/../../../../arm-none-eabi/lib/armv6-m/libcr_c.a(memset.o)
                              /usr/local/lpcxpresso_7.3.0_186/lpcxpresso/tools/bin/../lib/gcc/arm-none-eabi/4.8.4/../../../../arm-none-eabi/lib/armv6-m/libcr_c.a(initio.o) (memset)
/usr/local/lpcxpresso_7.3.0_186/lpcxpresso/tools/bin/../lib/gcc/arm-none-eabi/4.8.4/../../../../arm-none-eabi/lib/armv6-m/libcr_c.a(__fillbuf.o)
                              /usr/local/lpcxpresso_7.3.0_186/lpcxpresso/tools/bin/../lib/gcc/arm-none-eabi/4.8.4/../../../../arm-none-eabi/lib/armv6-m/libcr_c.a(stdio.o) (__filbuf)
/usr/local/lpcxpresso_7.3.0_186/lpcxpresso/tools/bin/../lib/gcc/arm-none-eabi/4.8.4/../../../../arm-none-eabi/lib/armv6-m/libcr_c.a(_deferredlazyseek.o)
                              /usr/local/lpcxpresso_7.3.0_186/lpcxpresso/tools/bin/../lib/gcc/arm-none-eabi/4.8.4/../../../../arm-none-eabi/lib/armv6-m/libcr_c.a(__fillbuf.o) (_deferredlazyseek)
/usr/local/lpcxpresso_7.3.0_186/lpcxpresso/tools/bin/../lib/gcc/arm-none-eabi/4.8.4/../../../../arm-none-eabi/lib/armv6-m/libcr_c.a(_fdopen.o)
                              /usr/local/lpcxpresso_7.3.0_186/lpcxpresso/tools/bin/../lib/gcc/arm-none-eabi/4.8.4/../../../../arm-none-eabi/lib/armv6-m/libcr_c.a(initio.o) (_fdopen)
/usr/local/lpcxpresso_7.3.0_186/lpcxpresso/tools/bin/../lib/gcc/arm-none-eabi/4.8.4/../../../../arm-none-eabi/lib/armv6-m/libcr_c.a(_fflush.o)
                              /usr/local/lpcxpresso_7.3.0_186/lpcxpresso/tools/bin/../lib/gcc/arm-none-eabi/4.8.4/../../../../arm-none-eabi/lib/armv6-m/libcr_c.a(__fillbuf.o) (_fflush)
[...]
Memory Configuration

Name             Origin             Length             Attributes
MFlash16         0x00000000         0x00004000         xr
RamLoc4          0x10000000         0x00001000         xrw
*default*        0x00000000         0xffffffff

Linker script and memory map

LOAD ./example/src/cr_startup_lpc8xx.o
LOAD ./example/src/crp.o
LOAD ./example/src/mtb.o
LOAD ./example/src/sysinit.o
LOAD ./example/src/uart_rb.o
LOAD /home/dmamalis/Iris/LPC812/nxp_lpcxpresso_812_board_lib/Debug/libnxp_lpcxpresso_812_board_lib.a
LOAD /home/dmamalis/Iris/LPC812/lpc_chip_8xx_lib/Debug/liblpc_chip_8xx_lib.a
START GROUP
LOAD /usr/local/lpcxpresso_7.3.0_186/lpcxpresso/tools/bin/../lib/gcc/arm-none-eabi/4.8.4/../../../../arm-none-eabi/lib/armv6-m/libcr_nohost.a
LOAD /usr/local/lpcxpresso_7.3.0_186/lpcxpresso/tools/bin/../lib/gcc/arm-none-eabi/4.8.4/../../../../arm-none-eabi/lib/armv6-m/libcr_c.a
LOAD /usr/local/lpcxpresso_7.3.0_186/lpcxpresso/tools/bin/../lib/gcc/arm-none-eabi/4.8.4/armv6-m/libcr_eabihelpers.a
END GROUP
                0x00004000                __top_MFlash16 = 0x4000
                0x10001000                __top_RamLoc4 = 0x10001000

.text           0x00000000     0x12f0
 FILL mask 0xff
                0x00000000                __vectors_start__ = ABSOLUTE (.)
 *(.isr_vector)
 .isr_vector    0x00000000       0xc0 ./example/src/cr_startup_lpc8xx.o
                0x00000000                g_pfnVectors
                0x000000c0                . = ALIGN (0x4)
                0x000000c0                __section_table_start = .
                0x000000c0                __data_section_table = .
                0x000000c0        0x4 LONG 0x12f0 LOADADDR (.data)
                0x000000c4        0x4 LONG 0x10000000 ADDR (.data)
                0x000000c8        0x4 LONG 0x0 SIZEOF (.data)
                0x000000cc                __data_section_table_end = .
                0x000000cc                __bss_section_table = .
                0x000000cc        0x4 LONG 0x10000000 ADDR (.bss)
                0x000000d0        0x4 LONG 0x1fc SIZEOF (.bss)
                0x000000d4                __bss_section_table_end = .
                0x000000d4                __section_table_end = .
 *(.after_vectors*)
 .after_vectors
                0x000000d4       0x74 ./example/src/cr_startup_lpc8xx.o
                0x000000d4                NMI_Handler
                0x000000d6                HardFault_Handler
                0x000000d8                PendSV_Handler
                0x000000da                SysTick_Handler
                0x000000dc                CMP_IRQHandler
                0x000000dc                PININT7_IRQHandler
                0x000000dc                WKT_IRQHandler
                0x000000dc                PININT2_IRQHandler
                0x000000dc                PININT1_IRQHandler
                0x000000dc                MRT_IRQHandler
                0x000000dc                UART1_IRQHandler
                0x000000dc                SPI1_IRQHandler
                0x000000dc                IntDefaultHandler
                0x000000dc                PININT3_IRQHandler
                0x000000dc                UART2_IRQHandler
                0x000000dc                PININT5_IRQHandler
                0x000000dc                PININT4_IRQHandler
                0x000000dc                PININT0_IRQHandler
                0x000000dc                BOD_IRQHandler
                0x000000dc                SCT_IRQHandler
                0x000000dc                I2C_IRQHandler
                0x000000dc                WDT_IRQHandler
                0x000000dc                PININT6_IRQHandler
                0x000000dc                SPI0_IRQHandler
                0x000000dc                FLASH_IRQHandler
                0x000000de                data_init
                0x000000f0                bss_init
                0x00000100                ResetISR
                0x00000144                SVCall_Handler
                0x000002fc                . = 0x2fc
 *fill*         0x00000148      0x1b4 ff
                0x000002fc                PROVIDE (__CRP_WORD_START__, .)
 *(.crp)
 .crp           0x000002fc        0x4 ./example/src/crp.o
                0x000002fc                CRP_WORD
                0x00000300                PROVIDE (__CRP_WORD_END__, .)
                0x00000001                ASSERT (! ((__CRP_WORD_START__ == __CRP_WORD_END__)), Linker CRP Enabled, but no CRP_WORD provided within application)
 *(.text*)
 .text.SystemInit
                0x00000300        0x8 ./example/src/sysinit.o
                0x00000300                SystemInit
 .text.Init_UART_PinMux
                0x00000308       0x40 ./example/src/uart_rb.o
 .text.UART0_IRQHandler
                0x00000348       0x1c ./example/src/uart_rb.o
                0x00000348                UART0_IRQHandler
 .text.main     0x00000364       0xf0 ./example/src/uart_rb.o
                0x00000364                main
 .text.Board_LED_Init
                0x00000454       0x2c /home/dmamalis/Iris/LPC812/nxp_lpcxpresso_812_board_lib/Debug/libnxp_lpcxpresso_812_board_lib.a(board.o)
 .text.__sys_write
                0x00000480        0x4 /home/dmamalis/Iris/LPC812/nxp_lpcxpresso_812_board_lib/Debug/libnxp_lpcxpresso_812_board_lib.a(board.o)
                0x00000480                __sys_write
 .text.Board_LED_Set
                0x00000484       0x14 /home/dmamalis/Iris/LPC812/nxp_lpcxpresso_812_board_lib/Debug/libnxp_lpcxpresso_812_board_lib.a(board.o)
                0x00000484                Board_LED_Set
 .text.Board_LED_Toggle
                0x00000498       0x18 /home/dmamalis/Iris/LPC812/nxp_lpcxpresso_812_board_lib/Debug/libnxp_lpcxpresso_812_board_lib.a(board.o)
                0x00000498                Board_LED_Toggle
 .text.Board_Init
                0x000004b0       0x10 /home/dmamalis/Iris/LPC812/nxp_lpcxpresso_812_board_lib/Debug/libnxp_lpcxpresso_812_board_lib.a(board.o)
                0x000004b0                Board_Init
 .text.SystemSetupMuxing
                0x000004c0       0x4c /home/dmamalis/Iris/LPC812/nxp_lpcxpresso_812_board_lib/Debug/libnxp_lpcxpresso_812_board_lib.a(board_sysinit.o)
 .text.SystemSetupClocking
                0x0000050c       0x60 /home/dmamalis/Iris/LPC812/nxp_lpcxpresso_812_board_lib/Debug/libnxp_lpcxpresso_812_board_lib.a(board_sysinit.o)
 .text.Board_SystemInit
                0x0000056c       0x20 /home/dmamalis/Iris/LPC812/nxp_lpcxpresso_812_board_lib/Debug/libnxp_lpcxpresso_812_board_lib.a(board_sysinit.o)
                0x0000056c                Board_SystemInit
 .text.SystemCoreClockUpdate
                0x0000058c       0x10 /home/dmamalis/Iris/LPC812/lpc_chip_8xx_lib/Debug/liblpc_chip_8xx_lib.a(chip_8xx.o)
                0x0000058c                SystemCoreClockUpdate
 .text.Chip_Clock_GetWDTLFORate
                0x0000059c       0x20 /home/dmamalis/Iris/LPC812/lpc_chip_8xx_lib/Debug/liblpc_chip_8xx_lib.a(clock_8xx.o)
 .text.Chip_Clock_GetPLLFreq
                0x000005bc        0xc /home/dmamalis/Iris/LPC812/lpc_chip_8xx_lib/Debug/liblpc_chip_8xx_lib.a(clock_8xx.o)
 .text.Chip_Clock_SetSystemPLLSource
                0x000005c8       0x14 /home/dmamalis/Iris/LPC812/lpc_chip_8xx_lib/Debug/liblpc_chip_8xx_lib.a(clock_8xx.o)
                0x000005c8                Chip_Clock_SetSystemPLLSource
 .text.Chip_Clock_SetPLLBypass
                0x000005dc       0x1c /home/dmamalis/Iris/LPC812/lpc_chip_8xx_lib/Debug/liblpc_chip_8xx_lib.a(clock_8xx.o)
                0x000005dc                Chip_Clock_SetPLLBypass
 .text.Chip_Clock_SetMainClockSource
                0x000005f8       0x14 /home/dmamalis/Iris/LPC812/lpc_chip_8xx_lib/Debug/liblpc_chip_8xx_lib.a(clock_8xx.o)
                0x000005f8                Chip_Clock_SetMainClockSource
 .text.Chip_Clock_SetCLKOUTSource
                0x0000060c       0x1c /home/dmamalis/Iris/LPC812/lpc_chip_8xx_lib/Debug/liblpc_chip_8xx_lib.a(clock_8xx.o)
                0x0000060c                Chip_Clock_SetCLKOUTSource
 .text.Chip_Clock_GetWDTOSCRate
                0x00000628       0x10 /home/dmamalis/Iris/LPC812/lpc_chip_8xx_lib/Debug/liblpc_chip_8xx_lib.a(clock_8xx.o)
                0x00000628                Chip_Clock_GetWDTOSCRate
 .text.Chip_Clock_GetSystemPLLInClockRate
                0x00000638       0x38 /home/dmamalis/Iris/LPC812/lpc_chip_8xx_lib/Debug/liblpc_chip_8xx_lib.a(clock_8xx.o)
                0x00000638                Chip_Clock_GetSystemPLLInClockRate
 .text.Chip_Clock_GetSystemPLLOutClockRate
                0x00000670       0x18 /home/dmamalis/Iris/LPC812/lpc_chip_8xx_lib/Debug/liblpc_chip_8xx_lib.a(clock_8xx.o)
                0x00000670                Chip_Clock_GetSystemPLLOutClockRate
 .text.Chip_Clock_GetMainClockRate
                0x00000688       0x40 /home/dmamalis/Iris/LPC812/lpc_chip_8xx_lib/Debug/liblpc_chip_8xx_lib.a(clock_8xx.o)
                0x00000688                Chip_Clock_GetMainClockRate
 .text.Chip_Clock_GetSystemClockRate
                0x000006c8       0x14 /home/dmamalis/Iris/LPC812/lpc_chip_8xx_lib/Debug/liblpc_chip_8xx_lib.a(clock_8xx.o)
                0x000006c8                Chip_Clock_GetSystemClockRate
 .text.Chip_GPIO_Init
                0x000006dc       0x14 /home/dmamalis/Iris/LPC812/lpc_chip_8xx_lib/Debug/liblpc_chip_8xx_lib.a(gpio_8xx.o)
                0x000006dc                Chip_GPIO_Init
 .text.RingBuffer_Init
                0x000006f0       0x10 /home/dmamalis/Iris/LPC812/lpc_chip_8xx_lib/Debug/liblpc_chip_8xx_lib.a(ring_buffer.o)
                0x000006f0                RingBuffer_Init
 .text.RingBuffer_Insert
                0x00000700       0x34 /home/dmamalis/Iris/LPC812/lpc_chip_8xx_lib/Debug/liblpc_chip_8xx_lib.a(ring_buffer.o)
                0x00000700                RingBuffer_Insert
 .text.RingBuffer_InsertMult
                0x00000734       0x80 /home/dmamalis/Iris/LPC812/lpc_chip_8xx_lib/Debug/liblpc_chip_8xx_lib.a(ring_buffer.o)
                0x00000734                RingBuffer_InsertMult
 .text.RingBuffer_Pop
                0x000007b4       0x30 /home/dmamalis/Iris/LPC812/lpc_chip_8xx_lib/Debug/liblpc_chip_8xx_lib.a(ring_buffer.o)
                0x000007b4                RingBuffer_Pop
 .text.RingBuffer_PopMult
                0x000007e4       0x7c /home/dmamalis/Iris/LPC812/lpc_chip_8xx_lib/Debug/liblpc_chip_8xx_lib.a(ring_buffer.o)
                0x000007e4                RingBuffer_PopMult
 .text.Chip_SWM_MovablePinAssign
                0x00000860       0x24 /home/dmamalis/Iris/LPC812/lpc_chip_8xx_lib/Debug/liblpc_chip_8xx_lib.a(swm_8xx.o)
                0x00000860                Chip_SWM_MovablePinAssign
 .text.Chip_SYSCTL_PowerDown
                0x00000884       0x24 /home/dmamalis/Iris/LPC812/lpc_chip_8xx_lib/Debug/liblpc_chip_8xx_lib.a(syscon_8xx.o)
                0x00000884                Chip_SYSCTL_PowerDown
 .text.Chip_SYSCTL_PowerUp
                0x000008a8       0x28 /home/dmamalis/Iris/LPC812/lpc_chip_8xx_lib/Debug/liblpc_chip_8xx_lib.a(syscon_8xx.o)
                0x000008a8                Chip_SYSCTL_PowerUp
 .text.getUARTClockID
                0x000008d0       0x20 /home/dmamalis/Iris/LPC812/lpc_chip_8xx_lib/Debug/liblpc_chip_8xx_lib.a(uart_8xx.o)
 .text.Chip_UART_Init
                0x000008f0       0x68 /home/dmamalis/Iris/LPC812/lpc_chip_8xx_lib/Debug/liblpc_chip_8xx_lib.a(uart_8xx.o)
                0x000008f0                Chip_UART_Init
 .text.Chip_UART_DeInit
                0x00000958       0x1c /home/dmamalis/Iris/LPC812/lpc_chip_8xx_lib/Debug/liblpc_chip_8xx_lib.a(uart_8xx.o)
                0x00000958                Chip_UART_DeInit
 .text.Chip_UART_Send
                0x00000974       0x20 /home/dmamalis/Iris/LPC812/lpc_chip_8xx_lib/Debug/liblpc_chip_8xx_lib.a(uart_8xx.o)
                0x00000974                Chip_UART_Send
 .text.Chip_UART_SendBlocking
                0x00000994       0x24 /home/dmamalis/Iris/LPC812/lpc_chip_8xx_lib/Debug/liblpc_chip_8xx_lib.a(uart_8xx.o)
                0x00000994                Chip_UART_SendBlocking
 .text.Chip_UART_SetBaud
                0x000009b8       0x3c /home/dmamalis/Iris/LPC812/lpc_chip_8xx_lib/Debug/liblpc_chip_8xx_lib.a(uart_8xx.o)
                0x000009b8                Chip_UART_SetBaud
 .text.Chip_UART_RXIntHandlerRB
                0x000009f4       0x28 /home/dmamalis/Iris/LPC812/lpc_chip_8xx_lib/Debug/liblpc_chip_8xx_lib.a(uart_8xx.o)
                0x000009f4                Chip_UART_RXIntHandlerRB
 .text.Chip_UART_TXIntHandlerRB
                0x00000a1c       0x2c /home/dmamalis/Iris/LPC812/lpc_chip_8xx_lib/Debug/liblpc_chip_8xx_lib.a(uart_8xx.o)
                0x00000a1c                Chip_UART_TXIntHandlerRB
 .text.Chip_UART_SendRB
                0x00000a48       0x44 /home/dmamalis/Iris/LPC812/lpc_chip_8xx_lib/Debug/liblpc_chip_8xx_lib.a(uart_8xx.o)
                0x00000a48                Chip_UART_SendRB
 .text.Chip_UART_ReadRB
                0x00000a8c       0x10 /home/dmamalis/Iris/LPC812/lpc_chip_8xx_lib/Debug/liblpc_chip_8xx_lib.a(uart_8xx.o)
                0x00000a8c                Chip_UART_ReadRB
 .text.Chip_UART_IRQRBHandler
                0x00000a9c       0x2c /home/dmamalis/Iris/LPC812/lpc_chip_8xx_lib/Debug/liblpc_chip_8xx_lib.a(uart_8xx.o)
                0x00000a9c                Chip_UART_IRQRBHandler
 .text.__main   0x00000ac8       0x12 /usr/local/lpcxpresso_7.3.0_186/lpcxpresso/tools/bin/../lib/gcc/arm-none-eabi/4.8.4/../../../../arm-none-eabi/lib/armv6-m/libcr_nohost.a(_cr__main.o)
                0x00000ac8                __main
 .text.memcpy   0x00000ada        0x8 /usr/local/lpcxpresso_7.3.0_186/lpcxpresso/tools/bin/../lib/gcc/arm-none-eabi/4.8.4/../../../../arm-none-eabi/lib/armv6-m/libcr_c.a(memcpy.o)
                0x00000ada                memcpy
 *fill*         0x00000ae2        0x2 
 .text._initio  0x00000ae4       0xa4 /usr/local/lpcxpresso_7.3.0_186/lpcxpresso/tools/bin/../lib/gcc/arm-none-eabi/4.8.4/../../../../arm-none-eabi/lib/armv6-m/libcr_c.a(initio.o)
                0x00000ae4                _initio
 .text.setvbuf  0x00000b88       0x48 /usr/local/lpcxpresso_7.3.0_186/lpcxpresso/tools/bin/../lib/gcc/arm-none-eabi/4.8.4/../../../../arm-none-eabi/lib/armv6-m/libcr_c.a(setvbuf.o)
                0x00000b88                setvbuf
 .text.memset   0x00000bd0        0x8 /usr/local/lpcxpresso_7.3.0_186/lpcxpresso/tools/bin/../lib/gcc/arm-none-eabi/4.8.4/../../../../arm-none-eabi/lib/armv6-m/libcr_c.a(memset.o)
                0x00000bd0                memset
 .text._deferredlazyseek
                0x00000bd8       0x44 /usr/local/lpcxpresso_7.3.0_186/lpcxpresso/tools/bin/../lib/gcc/arm-none-eabi/4.8.4/../../../../arm-none-eabi/lib/armv6-m/libcr_c.a(_deferredlazyseek.o)
                0x00000bd8                _deferredlazyseek
 .text._fdopen  0x00000c1c       0x68 /usr/local/lpcxpresso_7.3.0_186/lpcxpresso/tools/bin/../lib/gcc/arm-none-eabi/4.8.4/../../../../arm-none-eabi/lib/armv6-m/libcr_c.a(_fdopen.o)
                0x00000c1c                _fdopen
 .text._fflush  0x00000c84       0x64 /usr/local/lpcxpresso_7.3.0_186/lpcxpresso/tools/bin/../lib/gcc/arm-none-eabi/4.8.4/../../../../arm-none-eabi/lib/armv6-m/libcr_c.a(_fflush.o)
                0x00000c84                _fflush
 .text._Cwritebuf
                0x00000ce8       0x6c /usr/local/lpcxpresso_7.3.0_186/lpcxpresso/tools/bin/../lib/gcc/arm-none-eabi/4.8.4/../../../../arm-none-eabi/lib/armv6-m/libcr_c.a(_writebuf.o)
                0x00000ce8                _Cwritebuf
 .text.malloc   0x00000d54       0xc0 /usr/local/lpcxpresso_7.3.0_186/lpcxpresso/tools/bin/../lib/gcc/arm-none-eabi/4.8.4/../../../../arm-none-eabi/lib/armv6-m/libcr_c.a(alloc.o)
                0x00000d54                malloc
 .text.free     0x00000e14        0xe /usr/local/lpcxpresso_7.3.0_186/lpcxpresso/tools/bin/../lib/gcc/arm-none-eabi/4.8.4/../../../../arm-none-eabi/lib/armv6-m/libcr_c.a(alloc.o)
                0x00000e14                free
 *fill*         0x00000e22        0x2 
 .text._Csys_alloc
                0x00000e24       0x20 /usr/local/lpcxpresso_7.3.0_186/lpcxpresso/tools/bin/../lib/gcc/arm-none-eabi/4.8.4/../../../../arm-none-eabi/lib/armv6-m/libcr_c.a(alloc.o)
                0x00000e24                _Csys_alloc
 .text.fclose   0x00000e44       0x70 /usr/local/lpcxpresso_7.3.0_186/lpcxpresso/tools/bin/../lib/gcc/arm-none-eabi/4.8.4/../../../../arm-none-eabi/lib/armv6-m/libcr_c.a(fclose.o)
                0x00000e44                fclose
 .text.fflush   0x00000eb4       0x34 /usr/local/lpcxpresso_7.3.0_186/lpcxpresso/tools/bin/../lib/gcc/arm-none-eabi/4.8.4/../../../../arm-none-eabi/lib/armv6-m/libcr_c.a(fflush.o)
                0x00000eb4                fflush
 .text.fseek    0x00000ee8       0xf8 /usr/local/lpcxpresso_7.3.0_186/lpcxpresso/tools/bin/../lib/gcc/arm-none-eabi/4.8.4/../../../../arm-none-eabi/lib/armv6-m/libcr_c.a(fseek.o)
                0x00000ee8                fseek
 .text.ftell    0x00000fe0       0x4c /usr/local/lpcxpresso_7.3.0_186/lpcxpresso/tools/bin/../lib/gcc/arm-none-eabi/4.8.4/../../../../arm-none-eabi/lib/armv6-m/libcr_c.a(ftell.o)
                0x00000fe0                ftell
 .text.remove   0x0000102c       0x12 /usr/local/lpcxpresso_7.3.0_186/lpcxpresso/tools/bin/../lib/gcc/arm-none-eabi/4.8.4/../../../../arm-none-eabi/lib/armv6-m/libcr_c.a(remove.o)
                0x0000102c                remove
 *fill*         0x0000103e        0x2 
 .text.strlen   0x00001040       0x54 /usr/local/lpcxpresso_7.3.0_186/lpcxpresso/tools/bin/../lib/gcc/arm-none-eabi/4.8.4/../../../../arm-none-eabi/lib/armv6-m/libcr_c.a(strlen.o)
                0x00001040                strlen
 .text._sbrk    0x00001094       0x40 /usr/local/lpcxpresso_7.3.0_186/lpcxpresso/tools/bin/../lib/gcc/arm-none-eabi/4.8.4/../../../../arm-none-eabi/lib/armv6-m/libcr_c.a(_cr_sbrk.o)
                0x00001094                _sbrk
 .text._do_fflush
                0x000010d4       0x48 /usr/local/lpcxpresso_7.3.0_186/lpcxpresso/tools/bin/../lib/gcc/arm-none-eabi/4.8.4/../../../../arm-none-eabi/lib/armv6-m/libcr_c.a(_do_fflush.o)
                0x000010d4                _do_fflush
 .text.__check_heap_overflow
                0x0000111c       0x18 /usr/local/lpcxpresso_7.3.0_186/lpcxpresso/tools/bin/../lib/gcc/arm-none-eabi/4.8.4/../../../../arm-none-eabi/lib/armv6-m/libcr_c.a(_cr_check_heap.o)
                0x0000111c                __check_heap_overflow
 .text.__aeabi_division_idivmod
                0x00001134       0x78 /usr/local/lpcxpresso_7.3.0_186/lpcxpresso/tools/bin/../lib/gcc/arm-none-eabi/4.8.4/armv6-m/libcr_eabihelpers.a(division_32.o)
                0x00001134                __aeabi_idiv
                0x00001134                __aeabi_idivmod
                0x0000113a                __aeabi_uidiv
                0x0000113a                __aeabi_uidivmod
 .text.__aeabi_division_idiv0
                0x000011ac        0x2 /usr/local/lpcxpresso_7.3.0_186/lpcxpresso/tools/bin/../lib/gcc/arm-none-eabi/4.8.4/armv6-m/libcr_eabihelpers.a(division_idiv0.o)
                0x000011ac                __aeabi_idiv0
 .text.__aeabi_memcpy
                0x000011ae       0x2c /usr/local/lpcxpresso_7.3.0_186/lpcxpresso/tools/bin/../lib/gcc/arm-none-eabi/4.8.4/armv6-m/libcr_eabihelpers.a(memcpy.o)
                0x000011ae                __aeabi_memcpy
                0x000011ae                __aeabi_memcpy4
                0x000011ae                __aeabi_memcpy8
 .text.__aeabi_memset_lowlevel
                0x000011da       0x2a /usr/local/lpcxpresso_7.3.0_186/lpcxpresso/tools/bin/../lib/gcc/arm-none-eabi/4.8.4/armv6-m/libcr_eabihelpers.a(memcpy.o)
                0x000011da                __aeabi_lowlevel_memset
 .text.__sys_appexit
                0x00001204        0x2 /usr/local/lpcxpresso_7.3.0_186/lpcxpresso/tools/bin/../lib/gcc/arm-none-eabi/4.8.4/../../../../arm-none-eabi/lib/armv6-m/libcr_nohost.a(__sys_appexit.o)
                0x00001204                __exit
                0x00001204                __sys_appexit
 .text.__sys_close
                0x00001206        0x6 /usr/local/lpcxpresso_7.3.0_186/lpcxpresso/tools/bin/../lib/gcc/arm-none-eabi/4.8.4/../../../../arm-none-eabi/lib/armv6-m/libcr_nohost.a(__sys_close.o)
                0x00001206                __sys_close
 .text.__sys_flen
                0x0000120c        0x6 /usr/local/lpcxpresso_7.3.0_186/lpcxpresso/tools/bin/../lib/gcc/arm-none-eabi/4.8.4/../../../../arm-none-eabi/lib/armv6-m/libcr_nohost.a(__sys_flen.o)
                0x0000120c                __sys_flen
 .text.__sys_istty
                0x00001212        0x6 /usr/local/lpcxpresso_7.3.0_186/lpcxpresso/tools/bin/../lib/gcc/arm-none-eabi/4.8.4/../../../../arm-none-eabi/lib/armv6-m/libcr_nohost.a(__sys_istty.o)
                0x00001212                __sys_istty
 .text.__sys_remove
                0x00001218        0x6 /usr/local/lpcxpresso_7.3.0_186/lpcxpresso/tools/bin/../lib/gcc/arm-none-eabi/4.8.4/../../../../arm-none-eabi/lib/armv6-m/libcr_nohost.a(__sys_remove.o)
                0x00001218                __sys_remove
 .text.__sys_seek
                0x0000121e        0x6 /usr/local/lpcxpresso_7.3.0_186/lpcxpresso/tools/bin/../lib/gcc/arm-none-eabi/4.8.4/../../../../arm-none-eabi/lib/armv6-m/libcr_nohost.a(__sys_seek.o)
                0x0000121e                __sys_seek
 .text.__sys_tmpnam
                0x00001224        0x6 /usr/local/lpcxpresso_7.3.0_186/lpcxpresso/tools/bin/../lib/gcc/arm-none-eabi/4.8.4/../../../../arm-none-eabi/lib/armv6-m/libcr_nohost.a(__sys_tmpnam.o)
                0x00001224                __sys_tmpnam
 *(.rodata .rodata.* .constdata .constdata.*)
 *fill*         0x0000122a        0x2 
 .rodata.inst1  0x0000122c       0x2c ./example/src/uart_rb.o
                0x0000122c                inst1
 .rodata.inst2  0x00001258       0x30 ./example/src/uart_rb.o
                0x00001258                inst2
 .rodata.OscRateIn
                0x00001288        0x4 /home/dmamalis/Iris/LPC812/nxp_lpcxpresso_812_board_lib/Debug/libnxp_lpcxpresso_812_board_lib.a(board.o)
                0x00001288                OscRateIn
 .rodata.ExtRateIn
                0x0000128c        0x4 /home/dmamalis/Iris/LPC812/nxp_lpcxpresso_812_board_lib/Debug/libnxp_lpcxpresso_812_board_lib.a(board.o)
                0x0000128c                ExtRateIn
 .rodata.ledBits
                0x00001290        0x4 /home/dmamalis/Iris/LPC812/nxp_lpcxpresso_812_board_lib/Debug/libnxp_lpcxpresso_812_board_lib.a(board.o)
 .rodata.wdtOSCRate
                0x00001294       0x40 /home/dmamalis/Iris/LPC812/lpc_chip_8xx_lib/Debug/liblpc_chip_8xx_lib.a(clock_8xx.o)
 .rodata.str1.1
                0x000012d4        0x4 /usr/local/lpcxpresso_7.3.0_186/lpcxpresso/tools/bin/../lib/gcc/arm-none-eabi/4.8.4/../../../../arm-none-eabi/lib/armv6-m/libcr_c.a(initio.o)
 .rodata.str1.1
                0x000012d8       0x18 /usr/local/lpcxpresso_7.3.0_186/lpcxpresso/tools/bin/../lib/gcc/arm-none-eabi/4.8.4/../../../../arm-none-eabi/lib/armv6-m/libcr_c.a(alloc.o)
                0x000012f0                . = ALIGN (0x4)

.glue_7         0x000012f0        0x0
 .glue_7        0x00000000        0x0 linker stubs

.glue_7t        0x000012f0        0x0
 .glue_7t       0x00000000        0x0 linker stubs

.vfp11_veneer   0x000012f0        0x0
 .vfp11_veneer  0x00000000        0x0 linker stubs

.v4_bx          0x000012f0        0x0
 .v4_bx         0x00000000        0x0 linker stubs

.iplt           0x000012f0        0x0
 .iplt          0x00000000        0x0 ./example/src/cr_startup_lpc8xx.o

.rel.dyn        0x000012f0        0x0
 .rel.iplt      0x00000000        0x0 ./example/src/cr_startup_lpc8xx.o

.ARM.extab
 *(.ARM.extab* .gnu.linkonce.armextab.*)
                0x000012f0                __exidx_start = .

.ARM.exidx
 *(.ARM.exidx* .gnu.linkonce.armexidx.*)
                0x000012f0                __exidx_end = .
                0x000012f0                _etext = .

.mtb_buffer_default
 *(.mtb*)

.uninit_RESERVED
                0x10000000        0x0
 *(.bss.$RESERVED*)
                0x10000000                . = ALIGN (0x4)
                0x10000000                _end_uninit_RESERVED = .

.data           0x10000000        0x0 load address 0x000012f0
 FILL mask 0xff
                0x10000000                _data = .
 *(vtable)
 *(.ramfunc*)
 *(.data*)
                0x10000000                . = ALIGN (0x4)
                0x10000000                _edata = .

.igot.plt       0x10000000        0x0 load address 0x000012f0
 .igot.plt      0x00000000        0x0 ./example/src/cr_startup_lpc8xx.o

.bss            0x10000000      0x1fc load address 0x000012f0
                0x10000000                _bss = .
 *(.bss*)
 .bss.rxring    0x10000000       0x14 ./example/src/uart_rb.o
 .bss.txbuff    0x10000014       0x40 ./example/src/uart_rb.o
 .bss.txring    0x10000054       0x14 ./example/src/uart_rb.o
 .bss.rxbuff    0x10000068       0x40 ./example/src/uart_rb.o
 .bss.errno     0x100000a8        0x4 /usr/local/lpcxpresso_7.3.0_186/lpcxpresso/tools/bin/../lib/gcc/arm-none-eabi/4.8.4/../../../../arm-none-eabi/lib/armv6-m/libcr_c.a(errno.o)
                0x100000a8                errno
 *(COMMON)
 COMMON         0x100000ac        0x4 /home/dmamalis/Iris/LPC812/lpc_chip_8xx_lib/Debug/liblpc_chip_8xx_lib.a(chip_8xx.o)
                0x100000ac                SystemCoreClock
 COMMON         0x100000b0        0x4 /usr/local/lpcxpresso_7.3.0_186/lpcxpresso/tools/bin/../lib/gcc/arm-none-eabi/4.8.4/../../../../arm-none-eabi/lib/armv6-m/libcr_c.a(initio.o)
                0x100000b0                _extra
 COMMON         0x100000b4      0x140 /usr/local/lpcxpresso_7.3.0_186/lpcxpresso/tools/bin/../lib/gcc/arm-none-eabi/4.8.4/../../../../arm-none-eabi/lib/armv6-m/libcr_c.a(stdio.o)
                0x100000b4                __Ciob
 COMMON         0x100001f4        0x8 /usr/local/lpcxpresso_7.3.0_186/lpcxpresso/tools/bin/../lib/gcc/arm-none-eabi/4.8.4/../../../../arm-none-eabi/lib/armv6-m/libcr_c.a(__init_alloc.o)
                0x100001f4                __heaps
                0x100001f8                __end_of_heap
                0x100001fc                . = ALIGN (0x4)
                0x100001fc                _ebss = .
                0x100001fc                PROVIDE (end, .)

.noinit         0x100001fc        0x0 load address 0x000012f0
                0x100001fc                _noinit = .
 *(.noinit*)
                0x100001fc                . = ALIGN (0x4)
                0x100001fc                _end_noinit = .
                0x100001fc                PROVIDE (_pvHeapStart, .)
                0x10001000                PROVIDE (_vStackTop, (__top_RamLoc4 - 0x0))
OUTPUT(nxp_lpcxpresso_812_periph_uart_rb.axf elf32-littlearm)

.debug_info     0x00000000     0x5889
 .debug_info    0x00000000      0x23d ./example/src/cr_startup_lpc8xx.o
 .debug_info    0x0000023d       0x3f ./example/src/crp.o
 .debug_info    0x0000027c       0xd1 ./example/src/sysinit.o
 .debug_info    0x0000034d      0xf8d ./example/src/uart_rb.o
 .debug_info    0x000012da      0xe57 /home/dmamalis/Iris/LPC812/nxp_lpcxpresso_812_board_lib/Debug/libnxp_lpcxpresso_812_board_lib.a(board.o)
 .debug_info    0x00002131      0x980 /home/dmamalis/Iris/LPC812/nxp_lpcxpresso_812_board_lib/Debug/libnxp_lpcxpresso_812_board_lib.a(board_sysinit.o)
 .debug_info    0x00002ab1       0xe0 /home/dmamalis/Iris/LPC812/lpc_chip_8xx_lib/Debug/liblpc_chip_8xx_lib.a(chip_8xx.o)
 .debug_info    0x00002b91      0x781 /home/dmamalis/Iris/LPC812/lpc_chip_8xx_lib/Debug/liblpc_chip_8xx_lib.a(clock_8xx.o)
 .debug_info    0x00003312      0x8c8 /home/dmamalis/Iris/LPC812/lpc_chip_8xx_lib/Debug/liblpc_chip_8xx_lib.a(gpio_8xx.o)
 .debug_info    0x00003bda      0x4a5 /home/dmamalis/Iris/LPC812/lpc_chip_8xx_lib/Debug/liblpc_chip_8xx_lib.a(ring_buffer.o)
 .debug_info    0x0000407f      0x371 /home/dmamalis/Iris/LPC812/lpc_chip_8xx_lib/Debug/liblpc_chip_8xx_lib.a(swm_8xx.o)
 .debug_info    0x000043f0      0x492 /home/dmamalis/Iris/LPC812/lpc_chip_8xx_lib/Debug/liblpc_chip_8xx_lib.a(syscon_8xx.o)
 .debug_info    0x00004882     0x1007 /home/dmamalis/Iris/LPC812/lpc_chip_8xx_lib/Debug/liblpc_chip_8xx_lib.a(uart_8xx.o)

.debug_abbrev   0x00000000     0x13d5
 .debug_abbrev  0x00000000       0xf9 ./example/src/cr_startup_lpc8xx.o
 .debug_abbrev  0x000000f9       0x36 ./example/src/crp.o
 .debug_abbrev  0x0000012f       0x88 ./example/src/sysinit.o
 .debug_abbrev  0x000001b7      0x2f2 ./example/src/uart_rb.o
 .debug_abbrev  0x000004a9      0x309 /home/dmamalis/Iris/LPC812/nxp_lpcxpresso_812_board_lib/Debug/libnxp_lpcxpresso_812_board_lib.a(board.o)
 .debug_abbrev  0x000007b2      0x1e7 /home/dmamalis/Iris/LPC812/nxp_lpcxpresso_812_board_lib/Debug/libnxp_lpcxpresso_812_board_lib.a(board_sysinit.o)
 .debug_abbrev  0x00000999       0x9b /home/dmamalis/Iris/LPC812/lpc_chip_8xx_lib/Debug/liblpc_chip_8xx_lib.a(chip_8xx.o)
 .debug_abbrev  0x00000a34      0x1df /home/dmamalis/Iris/LPC812/lpc_chip_8xx_lib/Debug/liblpc_chip_8xx_lib.a(clock_8xx.o)
 .debug_abbrev  0x00000c13      0x179 /home/dmamalis/Iris/LPC812/lpc_chip_8xx_lib/Debug/liblpc_chip_8xx_lib.a(gpio_8xx.o)
 .debug_abbrev  0x00000d8c      0x164 /home/dmamalis/Iris/LPC812/lpc_chip_8xx_lib/Debug/liblpc_chip_8xx_lib.a(ring_buffer.o)
 .debug_abbrev  0x00000ef0      0x13c /home/dmamalis/Iris/LPC812/lpc_chip_8xx_lib/Debug/liblpc_chip_8xx_lib.a(swm_8xx.o)
 .debug_abbrev  0x0000102c       0xce /home/dmamalis/Iris/LPC812/lpc_chip_8xx_lib/Debug/liblpc_chip_8xx_lib.a(syscon_8xx.o)
 .debug_abbrev  0x000010fa      0x2db /home/dmamalis/Iris/LPC812/lpc_chip_8xx_lib/Debug/liblpc_chip_8xx_lib.a(uart_8xx.o)

.debug_loc      0x00000000     0x18a9
 .debug_loc     0x00000000      0x1bb ./example/src/cr_startup_lpc8xx.o
 .debug_loc     0x000001bb       0x26 ./example/src/uart_rb.o
 .debug_loc     0x000001e1      0x1a3 /home/dmamalis/Iris/LPC812/nxp_lpcxpresso_812_board_lib/Debug/libnxp_lpcxpresso_812_board_lib.a(board.o)
 .debug_loc     0x00000384       0x13 /home/dmamalis/Iris/LPC812/nxp_lpcxpresso_812_board_lib/Debug/libnxp_lpcxpresso_812_board_lib.a(board_sysinit.o)
 .debug_loc     0x00000397      0x172 /home/dmamalis/Iris/LPC812/lpc_chip_8xx_lib/Debug/liblpc_chip_8xx_lib.a(clock_8xx.o)
 .debug_loc     0x00000509      0x432 /home/dmamalis/Iris/LPC812/lpc_chip_8xx_lib/Debug/liblpc_chip_8xx_lib.a(gpio_8xx.o)
 .debug_loc     0x0000093b      0x4d0 /home/dmamalis/Iris/LPC812/lpc_chip_8xx_lib/Debug/liblpc_chip_8xx_lib.a(ring_buffer.o)
 .debug_loc     0x00000e0b       0xfc /home/dmamalis/Iris/LPC812/lpc_chip_8xx_lib/Debug/liblpc_chip_8xx_lib.a(swm_8xx.o)
 .debug_loc     0x00000f07       0xd1 /home/dmamalis/Iris/LPC812/lpc_chip_8xx_lib/Debug/liblpc_chip_8xx_lib.a(syscon_8xx.o)
 .debug_loc     0x00000fd8      0x8d1 /home/dmamalis/Iris/LPC812/lpc_chip_8xx_lib/Debug/liblpc_chip_8xx_lib.a(uart_8xx.o)

.debug_aranges  0x00000000      0x368
 .debug_aranges
                0x00000000       0x60 ./example/src/cr_startup_lpc8xx.o
 .debug_aranges
                0x00000060       0x18 ./example/src/crp.o
 .debug_aranges
                0x00000078       0x20 ./example/src/sysinit.o
 .debug_aranges
                0x00000098       0x30 ./example/src/uart_rb.o
 .debug_aranges
                0x000000c8       0x78 /home/dmamalis/Iris/LPC812/nxp_lpcxpresso_812_board_lib/Debug/libnxp_lpcxpresso_812_board_lib.a(board.o)
 .debug_aranges
                0x00000140       0x30 /home/dmamalis/Iris/LPC812/nxp_lpcxpresso_812_board_lib/Debug/libnxp_lpcxpresso_812_board_lib.a(board_sysinit.o)
 .debug_aranges
                0x00000170       0x20 /home/dmamalis/Iris/LPC812/lpc_chip_8xx_lib/Debug/liblpc_chip_8xx_lib.a(chip_8xx.o)
 .debug_aranges
                0x00000190       0x70 /home/dmamalis/Iris/LPC812/lpc_chip_8xx_lib/Debug/liblpc_chip_8xx_lib.a(clock_8xx.o)
 .debug_aranges
                0x00000200       0x48 /home/dmamalis/Iris/LPC812/lpc_chip_8xx_lib/Debug/liblpc_chip_8xx_lib.a(gpio_8xx.o)
 .debug_aranges
                0x00000248       0x40 /home/dmamalis/Iris/LPC812/lpc_chip_8xx_lib/Debug/liblpc_chip_8xx_lib.a(ring_buffer.o)
 .debug_aranges
                0x00000288       0x28 /home/dmamalis/Iris/LPC812/lpc_chip_8xx_lib/Debug/liblpc_chip_8xx_lib.a(swm_8xx.o)
 .debug_aranges
                0x000002b0       0x38 /home/dmamalis/Iris/LPC812/lpc_chip_8xx_lib/Debug/liblpc_chip_8xx_lib.a(syscon_8xx.o)
 .debug_aranges
                0x000002e8       0x80 /home/dmamalis/Iris/LPC812/lpc_chip_8xx_lib/Debug/liblpc_chip_8xx_lib.a(uart_8xx.o)

.debug_ranges   0x00000000      0x2c0
 .debug_ranges  0x00000000       0x50 ./example/src/cr_startup_lpc8xx.o
 .debug_ranges  0x00000050       0x10 ./example/src/sysinit.o
 .debug_ranges  0x00000060       0x20 ./example/src/uart_rb.o
 .debug_ranges  0x00000080       0x80 /home/dmamalis/Iris/LPC812/nxp_lpcxpresso_812_board_lib/Debug/libnxp_lpcxpresso_812_board_lib.a(board.o)
 .debug_ranges  0x00000100       0x20 /home/dmamalis/Iris/LPC812/nxp_lpcxpresso_812_board_lib/Debug/libnxp_lpcxpresso_812_board_lib.a(board_sysinit.o)
 .debug_ranges  0x00000120       0x10 /home/dmamalis/Iris/LPC812/lpc_chip_8xx_lib/Debug/liblpc_chip_8xx_lib.a(chip_8xx.o)
 .debug_ranges  0x00000130       0x60 /home/dmamalis/Iris/LPC812/lpc_chip_8xx_lib/Debug/liblpc_chip_8xx_lib.a(clock_8xx.o)
 .debug_ranges  0x00000190       0x38 /home/dmamalis/Iris/LPC812/lpc_chip_8xx_lib/Debug/liblpc_chip_8xx_lib.a(gpio_8xx.o)
 .debug_ranges  0x000001c8       0x30 /home/dmamalis/Iris/LPC812/lpc_chip_8xx_lib/Debug/liblpc_chip_8xx_lib.a(ring_buffer.o)
 .debug_ranges  0x000001f8       0x18 /home/dmamalis/Iris/LPC812/lpc_chip_8xx_lib/Debug/liblpc_chip_8xx_lib.a(swm_8xx.o)
 .debug_ranges  0x00000210       0x28 /home/dmamalis/Iris/LPC812/lpc_chip_8xx_lib/Debug/liblpc_chip_8xx_lib.a(syscon_8xx.o)
 .debug_ranges  0x00000238       0x88 /home/dmamalis/Iris/LPC812/lpc_chip_8xx_lib/Debug/liblpc_chip_8xx_lib.a(uart_8xx.o)

.debug_macro    0x00000000     0x3ee3
 .debug_macro   0x00000000       0x1d ./example/src/cr_startup_lpc8xx.o
 .debug_macro   0x0000001d      0x832 ./example/src/cr_startup_lpc8xx.o
 .debug_macro   0x0000084f       0x1a ./example/src/crp.o
 .debug_macro   0x00000869      0x82c ./example/src/crp.o
 .debug_macro   0x00001095       0x34 ./example/src/crp.o
 .debug_macro   0x000010c9      0x1c0 ./example/src/sysinit.o
 .debug_macro   0x00001289       0x10 ./example/src/sysinit.o
 .debug_macro   0x00001299      0x122 ./example/src/sysinit.o
 .debug_macro   0x000013bb      0x5b9 ./example/src/sysinit.o
 .debug_macro   0x00001974       0x22 ./example/src/sysinit.o
 .debug_macro   0x00001996       0x7b ./example/src/sysinit.o
 .debug_macro   0x00001a11       0x10 ./example/src/sysinit.o
 .debug_macro   0x00001a21       0x22 ./example/src/sysinit.o
 .debug_macro   0x00001a43       0x3a ./example/src/sysinit.o
 .debug_macro   0x00001a7d      0x241 ./example/src/sysinit.o
 .debug_macro   0x00001cbe      0x100 ./example/src/sysinit.o
 .debug_macro   0x00001dbe       0x6a ./example/src/sysinit.o
 .debug_macro   0x00001e28       0x70 ./example/src/sysinit.o
 .debug_macro   0x00001e98       0x1c ./example/src/sysinit.o
 .debug_macro   0x00001eb4       0xa0 ./example/src/sysinit.o
 .debug_macro   0x00001f54       0x10 ./example/src/sysinit.o
 .debug_macro   0x00001f64       0x64 ./example/src/sysinit.o
 .debug_macro   0x00001fc8       0x64 ./example/src/sysinit.o
 .debug_macro   0x0000202c       0x4c ./example/src/sysinit.o
 .debug_macro   0x00002078       0x4c ./example/src/sysinit.o
 .debug_macro   0x000020c4       0x6a ./example/src/sysinit.o
 .debug_macro   0x0000212e       0x76 ./example/src/sysinit.o
 .debug_macro   0x000021a4       0x16 ./example/src/sysinit.o
 .debug_macro   0x000021ba      0x106 ./example/src/sysinit.o
 .debug_macro   0x000022c0       0x1c ./example/src/sysinit.o
 .debug_macro   0x000022dc       0x2e ./example/src/sysinit.o
 .debug_macro   0x0000230a       0xd2 ./example/src/sysinit.o
 .debug_macro   0x000023dc      0x201 ./example/src/sysinit.o
 .debug_macro   0x000025dd       0x16 ./example/src/sysinit.o
 .debug_macro   0x000025f3       0x9a ./example/src/sysinit.o
 .debug_macro   0x0000268d       0x20 ./example/src/sysinit.o
 .debug_macro   0x000026ad      0x1e6 ./example/src/uart_rb.o
 .debug_macro   0x00002893       0x1c ./example/src/uart_rb.o
 .debug_macro   0x000028af      0x1db /home/dmamalis/Iris/LPC812/nxp_lpcxpresso_812_board_lib/Debug/libnxp_lpcxpresso_812_board_lib.a(board.o)
 .debug_macro   0x00002a8a      0x81a /home/dmamalis/Iris/LPC812/nxp_lpcxpresso_812_board_lib/Debug/libnxp_lpcxpresso_812_board_lib.a(board.o)
 .debug_macro   0x000032a4       0x12 /home/dmamalis/Iris/LPC812/nxp_lpcxpresso_812_board_lib/Debug/libnxp_lpcxpresso_812_board_lib.a(board.o)
 .debug_macro   0x000032b6      0x1c0 /home/dmamalis/Iris/LPC812/nxp_lpcxpresso_812_board_lib/Debug/libnxp_lpcxpresso_812_board_lib.a(board_sysinit.o)
 .debug_macro   0x00003476      0x18b /home/dmamalis/Iris/LPC812/lpc_chip_8xx_lib/Debug/liblpc_chip_8xx_lib.a(chip_8xx.o)
 .debug_macro   0x00003601      0x18b /home/dmamalis/Iris/LPC812/lpc_chip_8xx_lib/Debug/liblpc_chip_8xx_lib.a(clock_8xx.o)
 .debug_macro   0x0000378c      0x18b /home/dmamalis/Iris/LPC812/lpc_chip_8xx_lib/Debug/liblpc_chip_8xx_lib.a(gpio_8xx.o)
 .debug_macro   0x00003917       0x83 /home/dmamalis/Iris/LPC812/lpc_chip_8xx_lib/Debug/liblpc_chip_8xx_lib.a(ring_buffer.o)
 .debug_macro   0x0000399a       0x74 /home/dmamalis/Iris/LPC812/lpc_chip_8xx_lib/Debug/liblpc_chip_8xx_lib.a(ring_buffer.o)
 .debug_macro   0x00003a0e       0x10 /home/dmamalis/Iris/LPC812/lpc_chip_8xx_lib/Debug/liblpc_chip_8xx_lib.a(ring_buffer.o)
 .debug_macro   0x00003a1e      0x197 /home/dmamalis/Iris/LPC812/lpc_chip_8xx_lib/Debug/liblpc_chip_8xx_lib.a(swm_8xx.o)
 .debug_macro   0x00003bb5      0x1a3 /home/dmamalis/Iris/LPC812/lpc_chip_8xx_lib/Debug/liblpc_chip_8xx_lib.a(syscon_8xx.o)
 .debug_macro   0x00003d58      0x18b /home/dmamalis/Iris/LPC812/lpc_chip_8xx_lib/Debug/liblpc_chip_8xx_lib.a(uart_8xx.o)

.debug_line     0x00000000     0x292d
 .debug_line    0x00000000       0xa2 ./example/src/cr_startup_lpc8xx.o
 .debug_line    0x000000a2       0x84 ./example/src/crp.o
 .debug_line    0x00000126      0x366 ./example/src/sysinit.o
 .debug_line    0x0000048c      0x402 ./example/src/uart_rb.o
 .debug_line    0x0000088e      0x4d0 /home/dmamalis/Iris/LPC812/nxp_lpcxpresso_812_board_lib/Debug/libnxp_lpcxpresso_812_board_lib.a(board.o)
 .debug_line    0x00000d5e      0x3de /home/dmamalis/Iris/LPC812/nxp_lpcxpresso_812_board_lib/Debug/libnxp_lpcxpresso_812_board_lib.a(board_sysinit.o)
 .debug_line    0x0000113c      0x2fe /home/dmamalis/Iris/LPC812/lpc_chip_8xx_lib/Debug/liblpc_chip_8xx_lib.a(chip_8xx.o)
 .debug_line    0x0000143a      0x3e9 /home/dmamalis/Iris/LPC812/lpc_chip_8xx_lib/Debug/liblpc_chip_8xx_lib.a(clock_8xx.o)
 .debug_line    0x00001823      0x38a /home/dmamalis/Iris/LPC812/lpc_chip_8xx_lib/Debug/liblpc_chip_8xx_lib.a(gpio_8xx.o)
 .debug_line    0x00001bad      0x235 /home/dmamalis/Iris/LPC812/lpc_chip_8xx_lib/Debug/liblpc_chip_8xx_lib.a(ring_buffer.o)
 .debug_line    0x00001de2      0x31f /home/dmamalis/Iris/LPC812/lpc_chip_8xx_lib/Debug/liblpc_chip_8xx_lib.a(swm_8xx.o)
 .debug_line    0x00002101      0x33a /home/dmamalis/Iris/LPC812/lpc_chip_8xx_lib/Debug/liblpc_chip_8xx_lib.a(syscon_8xx.o)
 .debug_line    0x0000243b      0x4f2 /home/dmamalis/Iris/LPC812/lpc_chip_8xx_lib/Debug/liblpc_chip_8xx_lib.a(uart_8xx.o)

.debug_str      0x00000000     0x9997
 .debug_str     0x00000000     0x249a ./example/src/cr_startup_lpc8xx.o
                               0x24b8 (size before relaxing)
 .debug_str     0x0000249a      0x19e ./example/src/crp.o
                               0x23f3 (size before relaxing)
 .debug_str     0x00002638     0x5841 ./example/src/sysinit.o
                               0x7be8 (size before relaxing)
 .debug_str     0x00007e79      0xbfb ./example/src/uart_rb.o
                               0x87e4 (size before relaxing)
 .debug_str     0x00008a74      0x1b9 /home/dmamalis/Iris/LPC812/nxp_lpcxpresso_812_board_lib/Debug/libnxp_lpcxpresso_812_board_lib.a(board.o)
                               0x855e (size before relaxing)
 .debug_str     0x00008c2d      0x44e /home/dmamalis/Iris/LPC812/nxp_lpcxpresso_812_board_lib/Debug/libnxp_lpcxpresso_812_board_lib.a(board_sysinit.o)
                               0x83df (size before relaxing)
 .debug_str     0x0000907b       0x72 /home/dmamalis/Iris/LPC812/lpc_chip_8xx_lib/Debug/liblpc_chip_8xx_lib.a(chip_8xx.o)
                               0x78ec (size before relaxing)
 .debug_str     0x000090ed      0x26a /home/dmamalis/Iris/LPC812/lpc_chip_8xx_lib/Debug/liblpc_chip_8xx_lib.a(clock_8xx.o)
                               0x7f53 (size before relaxing)
 .debug_str     0x00009357       0xe8 /home/dmamalis/Iris/LPC812/lpc_chip_8xx_lib/Debug/liblpc_chip_8xx_lib.a(gpio_8xx.o)
                               0x7db3 (size before relaxing)
 .debug_str     0x0000943f      0x147 /home/dmamalis/Iris/LPC812/lpc_chip_8xx_lib/Debug/liblpc_chip_8xx_lib.a(ring_buffer.o)
                               0x3e0c (size before relaxing)
 .debug_str     0x00009586       0xbd /home/dmamalis/Iris/LPC812/lpc_chip_8xx_lib/Debug/liblpc_chip_8xx_lib.a(swm_8xx.o)
                               0x7cae (size before relaxing)
 .debug_str     0x00009643       0xea /home/dmamalis/Iris/LPC812/lpc_chip_8xx_lib/Debug/liblpc_chip_8xx_lib.a(syscon_8xx.o)
                               0x7bb6 (size before relaxing)
 .debug_str     0x0000972d      0x26a /home/dmamalis/Iris/LPC812/lpc_chip_8xx_lib/Debug/liblpc_chip_8xx_lib.a(uart_8xx.o)
                               0x80a4 (size before relaxing)

.comment        0x00000000       0xe0
 .comment       0x00000000       0x70 ./example/src/cr_startup_lpc8xx.o
                                 0x71 (size before relaxing)
 .comment       0x00000000       0x71 ./example/src/crp.o
 .comment       0x00000000       0x71 ./example/src/sysinit.o
 .comment       0x00000000       0x71 ./example/src/uart_rb.o
 .comment       0x00000000       0x71 /home/dmamalis/Iris/LPC812/nxp_lpcxpresso_812_board_lib/Debug/libnxp_lpcxpresso_812_board_lib.a(board.o)
 .comment       0x00000000       0x71 /home/dmamalis/Iris/LPC812/nxp_lpcxpresso_812_board_lib/Debug/libnxp_lpcxpresso_812_board_lib.a(board_sysinit.o)
 .comment       0x00000000       0x71 /home/dmamalis/Iris/LPC812/lpc_chip_8xx_lib/Debug/liblpc_chip_8xx_lib.a(chip_8xx.o)
 .comment       0x00000000       0x71 /home/dmamalis/Iris/LPC812/lpc_chip_8xx_lib/Debug/liblpc_chip_8xx_lib.a(clock_8xx.o)
 .comment       0x00000000       0x71 /home/dmamalis/Iris/LPC812/lpc_chip_8xx_lib/Debug/liblpc_chip_8xx_lib.a(gpio_8xx.o)
 .comment       0x00000000       0x71 /home/dmamalis/Iris/LPC812/lpc_chip_8xx_lib/Debug/liblpc_chip_8xx_lib.a(ring_buffer.o)
 .comment       0x00000000       0x71 /home/dmamalis/Iris/LPC812/lpc_chip_8xx_lib/Debug/liblpc_chip_8xx_lib.a(swm_8xx.o)
 .comment       0x00000000       0x71 /home/dmamalis/Iris/LPC812/lpc_chip_8xx_lib/Debug/liblpc_chip_8xx_lib.a(syscon_8xx.o)
 .comment       0x00000000       0x71 /home/dmamalis/Iris/LPC812/lpc_chip_8xx_lib/Debug/liblpc_chip_8xx_lib.a(uart_8xx.o)
 .comment       0x00000070       0x70 /usr/local/lpcxpresso_7.3.0_186/lpcxpresso/tools/bin/../lib/gcc/arm-none-eabi/4.8.4/../../../../arm-none-eabi/lib/armv6-m/libcr_nohost.a(_cr__main.o)
                                 0x71 (size before relaxing)
 .comment       0x00000000       0x71 /usr/local/lpcxpresso_7.3.0_186/lpcxpresso/tools/bin/../lib/gcc/arm-none-eabi/4.8.4/../../../../arm-none-eabi/lib/armv6-m/libcr_c.a(memcpy.o)
 .comment       0x00000000       0x71 /usr/local/lpcxpresso_7.3.0_186/lpcxpresso/tools/bin/../lib/gcc/arm-none-eabi/4.8.4/../../../../arm-none-eabi/lib/armv6-m/libcr_c.a(initio.o)
 .comment       0x00000000       0x71 /usr/local/lpcxpresso_7.3.0_186/lpcxpresso/tools/bin/../lib/gcc/arm-none-eabi/4.8.4/../../../../arm-none-eabi/lib/armv6-m/libcr_c.a(setvbuf.o)
 .comment       0x00000000       0x71 /usr/local/lpcxpresso_7.3.0_186/lpcxpresso/tools/bin/../lib/gcc/arm-none-eabi/4.8.4/../../../../arm-none-eabi/lib/armv6-m/libcr_c.a(stdio.o)
 .comment       0x00000000       0x71 /usr/local/lpcxpresso_7.3.0_186/lpcxpresso/tools/bin/../lib/gcc/arm-none-eabi/4.8.4/../../../../arm-none-eabi/lib/armv6-m/libcr_c.a(memset.o)
 .comment       0x00000000       0x71 /usr/local/lpcxpresso_7.3.0_186/lpcxpresso/tools/bin/../lib/gcc/arm-none-eabi/4.8.4/../../../../arm-none-eabi/lib/armv6-m/libcr_c.a(_deferredlazyseek.o)
 .comment       0x00000000       0x71 /usr/local/lpcxpresso_7.3.0_186/lpcxpresso/tools/bin/../lib/gcc/arm-none-eabi/4.8.4/../../../../arm-none-eabi/lib/armv6-m/libcr_c.a(_fdopen.o)
 .comment       0x00000000       0x71 /usr/local/lpcxpresso_7.3.0_186/lpcxpresso/tools/bin/../lib/gcc/arm-none-eabi/4.8.4/../../../../arm-none-eabi/lib/armv6-m/libcr_c.a(_fflush.o)
 .comment       0x00000000       0x71 /usr/local/lpcxpresso_7.3.0_186/lpcxpresso/tools/bin/../lib/gcc/arm-none-eabi/4.8.4/../../../../arm-none-eabi/lib/armv6-m/libcr_c.a(_writebuf.o)
 .comment       0x00000000       0x71 /usr/local/lpcxpresso_7.3.0_186/lpcxpresso/tools/bin/../lib/gcc/arm-none-eabi/4.8.4/../../../../arm-none-eabi/lib/armv6-m/libcr_c.a(alloc.o)
 .comment       0x00000000       0x71 /usr/local/lpcxpresso_7.3.0_186/lpcxpresso/tools/bin/../lib/gcc/arm-none-eabi/4.8.4/../../../../arm-none-eabi/lib/armv6-m/libcr_c.a(fclose.o)
 .comment       0x00000000       0x71 /usr/local/lpcxpresso_7.3.0_186/lpcxpresso/tools/bin/../lib/gcc/arm-none-eabi/4.8.4/../../../../arm-none-eabi/lib/armv6-m/libcr_c.a(fflush.o)
 .comment       0x00000000       0x71 /usr/local/lpcxpresso_7.3.0_186/lpcxpresso/tools/bin/../lib/gcc/arm-none-eabi/4.8.4/../../../../arm-none-eabi/lib/armv6-m/libcr_c.a(fseek.o)
 .comment       0x00000000       0x71 /usr/local/lpcxpresso_7.3.0_186/lpcxpresso/tools/bin/../lib/gcc/arm-none-eabi/4.8.4/../../../../arm-none-eabi/lib/armv6-m/libcr_c.a(ftell.o)
 .comment       0x00000000       0x71 /usr/local/lpcxpresso_7.3.0_186/lpcxpresso/tools/bin/../lib/gcc/arm-none-eabi/4.8.4/../../../../arm-none-eabi/lib/armv6-m/libcr_c.a(remove.o)
 .comment       0x00000000       0x71 /usr/local/lpcxpresso_7.3.0_186/lpcxpresso/tools/bin/../lib/gcc/arm-none-eabi/4.8.4/../../../../arm-none-eabi/lib/armv6-m/libcr_c.a(strlen.o)
 .comment       0x00000000       0x71 /usr/local/lpcxpresso_7.3.0_186/lpcxpresso/tools/bin/../lib/gcc/arm-none-eabi/4.8.4/../../../../arm-none-eabi/lib/armv6-m/libcr_c.a(__init_alloc.o)
 .comment       0x00000000       0x71 /usr/local/lpcxpresso_7.3.0_186/lpcxpresso/tools/bin/../lib/gcc/arm-none-eabi/4.8.4/../../../../arm-none-eabi/lib/armv6-m/libcr_c.a(_cr_sbrk.o)
 .comment       0x00000000       0x71 /usr/local/lpcxpresso_7.3.0_186/lpcxpresso/tools/bin/../lib/gcc/arm-none-eabi/4.8.4/../../../../arm-none-eabi/lib/armv6-m/libcr_c.a(_do_fflush.o)
 .comment       0x00000000       0x71 /usr/local/lpcxpresso_7.3.0_186/lpcxpresso/tools/bin/../lib/gcc/arm-none-eabi/4.8.4/../../../../arm-none-eabi/lib/armv6-m/libcr_c.a(errno.o)
 .comment       0x00000000       0x71 /usr/local/lpcxpresso_7.3.0_186/lpcxpresso/tools/bin/../lib/gcc/arm-none-eabi/4.8.4/../../../../arm-none-eabi/lib/armv6-m/libcr_c.a(_cr_check_heap.o)
 .comment       0x00000000       0x71 /usr/local/lpcxpresso_7.3.0_186/lpcxpresso/tools/bin/../lib/gcc/arm-none-eabi/4.8.4/../../../../arm-none-eabi/lib/armv6-m/libcr_nohost.a(__sys_appexit.o)
 .comment       0x00000000       0x71 /usr/local/lpcxpresso_7.3.0_186/lpcxpresso/tools/bin/../lib/gcc/arm-none-eabi/4.8.4/../../../../arm-none-eabi/lib/armv6-m/libcr_nohost.a(__sys_close.o)
 .comment       0x00000000       0x71 /usr/local/lpcxpresso_7.3.0_186/lpcxpresso/tools/bin/../lib/gcc/arm-none-eabi/4.8.4/../../../../arm-none-eabi/lib/armv6-m/libcr_nohost.a(__sys_flen.o)
 .comment       0x00000000       0x71 /usr/local/lpcxpresso_7.3.0_186/lpcxpresso/tools/bin/../lib/gcc/arm-none-eabi/4.8.4/../../../../arm-none-eabi/lib/armv6-m/libcr_nohost.a(__sys_istty.o)
 .comment       0x00000000       0x71 /usr/local/lpcxpresso_7.3.0_186/lpcxpresso/tools/bin/../lib/gcc/arm-none-eabi/4.8.4/../../../../arm-none-eabi/lib/armv6-m/libcr_nohost.a(__sys_remove.o)
 .comment       0x00000000       0x71 /usr/local/lpcxpresso_7.3.0_186/lpcxpresso/tools/bin/../lib/gcc/arm-none-eabi/4.8.4/../../../../arm-none-eabi/lib/armv6-m/libcr_nohost.a(__sys_seek.o)
 .comment       0x00000000       0x71 /usr/local/lpcxpresso_7.3.0_186/lpcxpresso/tools/bin/../lib/gcc/arm-none-eabi/4.8.4/../../../../arm-none-eabi/lib/armv6-m/libcr_nohost.a(__sys_tmpnam.o)

.ARM.attributes
                0x00000000       0x2f
 .ARM.attributes
                0x00000000       0x31 ./example/src/cr_startup_lpc8xx.o
 .ARM.attributes
                0x00000031       0x31 ./example/src/crp.o
 .ARM.attributes
                0x00000062       0x31 ./example/src/sysinit.o
 .ARM.attributes
                0x00000093       0x31 ./example/src/uart_rb.o
 .ARM.attributes
                0x000000c4       0x31 /home/dmamalis/Iris/LPC812/nxp_lpcxpresso_812_board_lib/Debug/libnxp_lpcxpresso_812_board_lib.a(board.o)
 .ARM.attributes
                0x000000f5       0x31 /home/dmamalis/Iris/LPC812/nxp_lpcxpresso_812_board_lib/Debug/libnxp_lpcxpresso_812_board_lib.a(board_sysinit.o)
 .ARM.attributes
                0x00000126       0x31 /home/dmamalis/Iris/LPC812/lpc_chip_8xx_lib/Debug/liblpc_chip_8xx_lib.a(chip_8xx.o)
 .ARM.attributes
                0x00000157       0x31 /home/dmamalis/Iris/LPC812/lpc_chip_8xx_lib/Debug/liblpc_chip_8xx_lib.a(clock_8xx.o)
 .ARM.attributes
                0x00000188       0x31 /home/dmamalis/Iris/LPC812/lpc_chip_8xx_lib/Debug/liblpc_chip_8xx_lib.a(gpio_8xx.o)
 .ARM.attributes
                0x000001b9       0x31 /home/dmamalis/Iris/LPC812/lpc_chip_8xx_lib/Debug/liblpc_chip_8xx_lib.a(ring_buffer.o)
 .ARM.attributes
                0x000001ea       0x31 /home/dmamalis/Iris/LPC812/lpc_chip_8xx_lib/Debug/liblpc_chip_8xx_lib.a(swm_8xx.o)
 .ARM.attributes
                0x0000021b       0x31 /home/dmamalis/Iris/LPC812/lpc_chip_8xx_lib/Debug/liblpc_chip_8xx_lib.a(syscon_8xx.o)
 .ARM.attributes
                0x0000024c       0x31 /home/dmamalis/Iris/LPC812/lpc_chip_8xx_lib/Debug/liblpc_chip_8xx_lib.a(uart_8xx.o)
 .ARM.attributes
                0x0000027d       0x31 /usr/local/lpcxpresso_7.3.0_186/lpcxpresso/tools/bin/../lib/gcc/arm-none-eabi/4.8.4/../../../../arm-none-eabi/lib/armv6-m/libcr_nohost.a(_cr__main.o)
 .ARM.attributes
                0x000002ae       0x31 /usr/local/lpcxpresso_7.3.0_186/lpcxpresso/tools/bin/../lib/gcc/arm-none-eabi/4.8.4/../../../../arm-none-eabi/lib/armv6-m/libcr_c.a(memcpy.o)
 .ARM.attributes
                0x000002df       0x31 /usr/local/lpcxpresso_7.3.0_186/lpcxpresso/tools/bin/../lib/gcc/arm-none-eabi/4.8.4/../../../../arm-none-eabi/lib/armv6-m/libcr_c.a(initio.o)
 .ARM.attributes
                0x00000310       0x31 /usr/local/lpcxpresso_7.3.0_186/lpcxpresso/tools/bin/../lib/gcc/arm-none-eabi/4.8.4/../../../../arm-none-eabi/lib/armv6-m/libcr_c.a(setvbuf.o)
 .ARM.attributes
                0x00000341       0x31 /usr/local/lpcxpresso_7.3.0_186/lpcxpresso/tools/bin/../lib/gcc/arm-none-eabi/4.8.4/../../../../arm-none-eabi/lib/armv6-m/libcr_c.a(stdio.o)
 .ARM.attributes
                0x00000372       0x31 /usr/local/lpcxpresso_7.3.0_186/lpcxpresso/tools/bin/../lib/gcc/arm-none-eabi/4.8.4/../../../../arm-none-eabi/lib/armv6-m/libcr_c.a(memset.o)
 .ARM.attributes
                0x000003a3       0x31 /usr/local/lpcxpresso_7.3.0_186/lpcxpresso/tools/bin/../lib/gcc/arm-none-eabi/4.8.4/../../../../arm-none-eabi/lib/armv6-m/libcr_c.a(_deferredlazyseek.o)
 .ARM.attributes
                0x000003d4       0x31 /usr/local/lpcxpresso_7.3.0_186/lpcxpresso/tools/bin/../lib/gcc/arm-none-eabi/4.8.4/../../../../arm-none-eabi/lib/armv6-m/libcr_c.a(_fdopen.o)
 .ARM.attributes
                0x00000405       0x31 /usr/local/lpcxpresso_7.3.0_186/lpcxpresso/tools/bin/../lib/gcc/arm-none-eabi/4.8.4/../../../../arm-none-eabi/lib/armv6-m/libcr_c.a(_fflush.o)
 .ARM.attributes
                0x00000436       0x31 /usr/local/lpcxpresso_7.3.0_186/lpcxpresso/tools/bin/../lib/gcc/arm-none-eabi/4.8.4/../../../../arm-none-eabi/lib/armv6-m/libcr_c.a(_writebuf.o)
 .ARM.attributes
                0x00000467       0x31 /usr/local/lpcxpresso_7.3.0_186/lpcxpresso/tools/bin/../lib/gcc/arm-none-eabi/4.8.4/../../../../arm-none-eabi/lib/armv6-m/libcr_c.a(alloc.o)
 .ARM.attributes
                0x00000498       0x31 /usr/local/lpcxpresso_7.3.0_186/lpcxpresso/tools/bin/../lib/gcc/arm-none-eabi/4.8.4/../../../../arm-none-eabi/lib/armv6-m/libcr_c.a(fclose.o)
 .ARM.attributes
                0x000004c9       0x31 /usr/local/lpcxpresso_7.3.0_186/lpcxpresso/tools/bin/../lib/gcc/arm-none-eabi/4.8.4/../../../../arm-none-eabi/lib/armv6-m/libcr_c.a(fflush.o)
 .ARM.attributes
                0x000004fa       0x31 /usr/local/lpcxpresso_7.3.0_186/lpcxpresso/tools/bin/../lib/gcc/arm-none-eabi/4.8.4/../../../../arm-none-eabi/lib/armv6-m/libcr_c.a(fseek.o)
 .ARM.attributes
                0x0000052b       0x31 /usr/local/lpcxpresso_7.3.0_186/lpcxpresso/tools/bin/../lib/gcc/arm-none-eabi/4.8.4/../../../../arm-none-eabi/lib/armv6-m/libcr_c.a(ftell.o)
 .ARM.attributes
                0x0000055c       0x31 /usr/local/lpcxpresso_7.3.0_186/lpcxpresso/tools/bin/../lib/gcc/arm-none-eabi/4.8.4/../../../../arm-none-eabi/lib/armv6-m/libcr_c.a(remove.o)
 .ARM.attributes
                0x0000058d       0x31 /usr/local/lpcxpresso_7.3.0_186/lpcxpresso/tools/bin/../lib/gcc/arm-none-eabi/4.8.4/../../../../arm-none-eabi/lib/armv6-m/libcr_c.a(strlen.o)
 .ARM.attributes
                0x000005be       0x31 /usr/local/lpcxpresso_7.3.0_186/lpcxpresso/tools/bin/../lib/gcc/arm-none-eabi/4.8.4/../../../../arm-none-eabi/lib/armv6-m/libcr_c.a(__init_alloc.o)
 .ARM.attributes
                0x000005ef       0x31 /usr/local/lpcxpresso_7.3.0_186/lpcxpresso/tools/bin/../lib/gcc/arm-none-eabi/4.8.4/../../../../arm-none-eabi/lib/armv6-m/libcr_c.a(_cr_sbrk.o)
 .ARM.attributes
                0x00000620       0x31 /usr/local/lpcxpresso_7.3.0_186/lpcxpresso/tools/bin/../lib/gcc/arm-none-eabi/4.8.4/../../../../arm-none-eabi/lib/armv6-m/libcr_c.a(_do_fflush.o)
 .ARM.attributes
                0x00000651       0x31 /usr/local/lpcxpresso_7.3.0_186/lpcxpresso/tools/bin/../lib/gcc/arm-none-eabi/4.8.4/../../../../arm-none-eabi/lib/armv6-m/libcr_c.a(errno.o)
 .ARM.attributes
                0x00000682       0x31 /usr/local/lpcxpresso_7.3.0_186/lpcxpresso/tools/bin/../lib/gcc/arm-none-eabi/4.8.4/../../../../arm-none-eabi/lib/armv6-m/libcr_c.a(_cr_check_heap.o)
 .ARM.attributes
                0x000006b3       0x21 /usr/local/lpcxpresso_7.3.0_186/lpcxpresso/tools/bin/../lib/gcc/arm-none-eabi/4.8.4/armv6-m/libcr_eabihelpers.a(division_32.o)
 .ARM.attributes
                0x000006d4       0x21 /usr/local/lpcxpresso_7.3.0_186/lpcxpresso/tools/bin/../lib/gcc/arm-none-eabi/4.8.4/armv6-m/libcr_eabihelpers.a(division_idiv0.o)
 .ARM.attributes
                0x000006f5       0x21 /usr/local/lpcxpresso_7.3.0_186/lpcxpresso/tools/bin/../lib/gcc/arm-none-eabi/4.8.4/armv6-m/libcr_eabihelpers.a(memcpy.o)
 .ARM.attributes
                0x00000716       0x31 /usr/local/lpcxpresso_7.3.0_186/lpcxpresso/tools/bin/../lib/gcc/arm-none-eabi/4.8.4/../../../../arm-none-eabi/lib/armv6-m/libcr_nohost.a(__sys_appexit.o)
 .ARM.attributes
                0x00000747       0x31 /usr/local/lpcxpresso_7.3.0_186/lpcxpresso/tools/bin/../lib/gcc/arm-none-eabi/4.8.4/../../../../arm-none-eabi/lib/armv6-m/libcr_nohost.a(__sys_close.o)
 .ARM.attributes
                0x00000778       0x31 /usr/local/lpcxpresso_7.3.0_186/lpcxpresso/tools/bin/../lib/gcc/arm-none-eabi/4.8.4/../../../../arm-none-eabi/lib/armv6-m/libcr_nohost.a(__sys_flen.o)
 .ARM.attributes
                0x000007a9       0x31 /usr/local/lpcxpresso_7.3.0_186/lpcxpresso/tools/bin/../lib/gcc/arm-none-eabi/4.8.4/../../../../arm-none-eabi/lib/armv6-m/libcr_nohost.a(__sys_istty.o)
 .ARM.attributes
                0x000007da       0x31 /usr/local/lpcxpresso_7.3.0_186/lpcxpresso/tools/bin/../lib/gcc/arm-none-eabi/4.8.4/../../../../arm-none-eabi/lib/armv6-m/libcr_nohost.a(__sys_remove.o)
 .ARM.attributes
                0x0000080b       0x31 /usr/local/lpcxpresso_7.3.0_186/lpcxpresso/tools/bin/../lib/gcc/arm-none-eabi/4.8.4/../../../../arm-none-eabi/lib/armv6-m/libcr_nohost.a(__sys_seek.o)
 .ARM.attributes
                0x0000083c       0x31 /usr/local/lpcxpresso_7.3.0_186/lpcxpresso/tools/bin/../lib/gcc/arm-none-eabi/4.8.4/../../../../arm-none-eabi/lib/armv6-m/libcr_nohost.a(__sys_tmpnam.o)

.debug_frame    0x00000000      0x6f4
 .debug_frame   0x00000000       0xb0 ./example/src/cr_startup_lpc8xx.o
 .debug_frame   0x000000b0       0x28 ./example/src/sysinit.o
 .debug_frame   0x000000d8       0x64 ./example/src/uart_rb.o
 .debug_frame   0x0000013c      0x114 /home/dmamalis/Iris/LPC812/nxp_lpcxpresso_812_board_lib/Debug/libnxp_lpcxpresso_812_board_lib.a(board.o)
 .debug_frame   0x00000250       0x5c /home/dmamalis/Iris/LPC812/nxp_lpcxpresso_812_board_lib/Debug/libnxp_lpcxpresso_812_board_lib.a(board_sysinit.o)
 .debug_frame   0x000002ac       0x28 /home/dmamalis/Iris/LPC812/lpc_chip_8xx_lib/Debug/liblpc_chip_8xx_lib.a(chip_8xx.o)
 .debug_frame   0x000002d4       0xe8 /home/dmamalis/Iris/LPC812/lpc_chip_8xx_lib/Debug/liblpc_chip_8xx_lib.a(clock_8xx.o)
 .debug_frame   0x000003bc       0x80 /home/dmamalis/Iris/LPC812/lpc_chip_8xx_lib/Debug/liblpc_chip_8xx_lib.a(gpio_8xx.o)
 .debug_frame   0x0000043c       0x94 /home/dmamalis/Iris/LPC812/lpc_chip_8xx_lib/Debug/liblpc_chip_8xx_lib.a(ring_buffer.o)
 .debug_frame   0x000004d0       0x44 /home/dmamalis/Iris/LPC812/lpc_chip_8xx_lib/Debug/liblpc_chip_8xx_lib.a(swm_8xx.o)
 .debug_frame   0x00000514       0x58 /home/dmamalis/Iris/LPC812/lpc_chip_8xx_lib/Debug/liblpc_chip_8xx_lib.a(syscon_8xx.o)
 .debug_frame   0x0000056c      0x188 /home/dmamalis/Iris/LPC812/lpc_chip_8xx_lib/Debug/liblpc_chip_8xx_lib.a(uart_8xx.o)
