14:06:39 **** Build of configuration Debug for project CMSIS_CORE_LPC8xx ****
make all 
Building file: ../src/system_LPC8xx.c
Invoking: MCU C Compiler
arm-none-eabi-gcc -D__REDLIB__ -DDEBUG -D__CODE_RED -D__USE_CMSIS=CMSIS_CORE_LPC8xx -I"D:\Users\dmamalis\Iris\LPC812\CMSIS_CORE_LPC8xx\inc" -Os -g3 -Wall -c -fmessage-length=0 -fno-builtin -ffunction-sections -fdata-sections -mcpu=cortex-m0 -mthumb -D__REDLIB__ -specs=redlib.specs -MMD -MP -MF"src/system_LPC8xx.d" -MT"src/system_LPC8xx.o" -MT"src/system_LPC8xx.d" -o "src/system_LPC8xx.o" "../src/system_LPC8xx.c"
../src/system_LPC8xx.c: In function 'SystemInit':
../src/system_LPC8xx.c:331:21: warning: unused variable 'i' [-Wunused-variable]
   volatile uint32_t i;
                     ^
Finished building: ../src/system_LPC8xx.c
 
Building target: libCMSIS_CORE_LPC8xx.a
Invoking: MCU Archiver
arm-none-eabi-ar -r  "libCMSIS_CORE_LPC8xx.a"  ./src/system_LPC8xx.o   
c:\nxp\LPCXpresso_7.3.0_186\lpcxpresso\tools\bin\arm-none-eabi-ar.exe: creating libCMSIS_CORE_LPC8xx.a
Finished building target: libCMSIS_CORE_LPC8xx.a
 
make --no-print-directory post-build
Performing post-build steps
arm-none-eabi-size "libCMSIS_CORE_LPC8xx.a" ; # arm-none-eabi-objdump -h -S "libCMSIS_CORE_LPC8xx.a" >"libCMSIS_CORE_LPC8xx.lss"
   text	   data	    bss	    dec	    hex	filename
    256	      4	      0	    260	    104	system_LPC8xx.o (ex libCMSIS_CORE_LPC8xx.a)
 

14:06:42 Build Finished (took 3s.131ms)

